<html>
<body>
<pre>
<h1>µVision Build Log</h1>
<h2>Tool Versions:</h2>
IDE-Version: ¦ÌVision V5.36.0.0
Copyright (C) 2021 ARM Ltd and ARM Germany GmbH. All rights reserved.
License Information: 1 LZY, 1, LIC=YA39H-WQTHC-567Q2-9N6HB-ZTP51-WK3PV
 
Tool Versions:
Toolchain:       MDK-ARM Plus  Version: 5.36.0.0
Toolchain Path:  C:\Keil_v5\ARM\ARMCC\Bin
C Compiler:      Armcc.exe V5.06 update 7 (build 960)
Assembler:       Armasm.exe V5.06 update 7 (build 960)
Linker/Locator:  ArmLink.exe V5.06 update 7 (build 960)
Library Manager: ArmAr.exe V5.06 update 7 (build 960)
Hex Converter:   FromElf.exe V5.06 update 7 (build 960)
CPU DLL:         SARMCM3.DLL V5.36.0.0
Dialog DLL:      DCM.DLL V1.17.3.0
Target DLL:      Segger\JL2CM3.dll V2.99.40.0
Dialog DLL:      TCM.DLL V1.53.0.0
 
<h2>Project:</h2>
c:\Users\LZY\OneDrive\Pix Project\Watchdog for Espana Planck\SRS\SRS.uvprojx
Project File Date:  04/26/2022

<h2>Output:</h2>
*** Using Compiler 'V5.06 update 7 (build 960)', folder: 'C:\Keil_v5\ARM\ARMCC\Bin'
Build target 'Target STM32F407VET6'
compiling errorHandle.c...
linking...
Program Size: Code=44860 RO-data=1720 RW-data=34796 ZI-data=27772  
FromELF: creating hex file...
".\Objects\SRS.axf" - 0 Error(s), 0 Warning(s).

<h2>Software Packages used:</h2>

Package Vendor: ARM
                http://www.keil.com/pack/ARM.CMSIS.5.8.0.pack
                ARM.CMSIS.5.8.0
                CMSIS (Common Microcontroller Software Interface Standard)
   * Component: Ethernet MAC Version: 2.2.0
   * Component: Ethernet PHY Version: 2.2.0
   * Component: MCI Version: 2.4.0
   * Component: RTOS2 Version: 2.1.3
   * Component: CORE Version: 5.5.0
   * Component: Keil RTX5 Variant: Library Version: 5.5.3

Package Vendor: ARM
                http://www.keil.com/pack/ARM.CMSIS-Driver.2.6.1.pack
                ARM.CMSIS-Driver.2.6.1
                CMSIS Drivers for external devices
   * Component: DP83848C Version: 6.2.0

Package Vendor: Keil
                http://www.keil.com/pack/Keil.ARM_Compiler.1.6.3.pack
                Keil.ARM_Compiler.1.6.3
                Keil ARM Compiler extensions for ARM Compiler 5 and ARM Compiler 6
   * Component: Event Recorder Variant: DAP Version: 1.4.0
   * Component: File Variant: File System Version: 1.2.0

Package Vendor: Keil
                project-path/Keil.FrameworkCubeMX.1.0.0.pack
                Keil.FrameworkCubeMX.1.0.0
                STM32CubeMX generated pack description
   * Component: STM32CubeMX Version: 1.1.0

Package Vendor: Keil
                http://www.keil.com/pack/Keil.MDK-Middleware.7.13.0.pack
                Keil.MDK-Middleware.7.13.0
                Middleware for Keil MDK-Professional and MDK-Plus
   * Component: CORE Variant: LFN Debug Version: 6.14.1
   * Component: Memory Card Version: 6.14.1
   * Component: CORE Variant: IPv4 Release Version: 7.15.0
   * Component: ETH Version: 7.15.0
   * Component: TCP Version: 7.15.0
   * Component: UDP Version: 7.15.0

Package Vendor: Keil
                http://www.keil.com/pack/Keil.STM32F4xx_DFP.2.16.0.pack
                Keil.STM32F4xx_DFP.2.16.0
                STMicroelectronics STM32F4 Series Device Support, Drivers and Examples
   * Component: STM32Cube Framework Version: 1.0.0
   * Component: Ethernet MAC Version: 2.9
   * Component: MCI Version: 2.10
   * Component: CAN Version: 1.7.13
   * Component: Common Version: 1.7.13
   * Component: Cortex Version: 1.7.13
   * Component: DMA Version: 1.7.13
   * Component: ETH Version: 1.7.13
   * Component: GPIO Version: 1.7.13
   * Component: I2C Version: 1.7.13
   * Component: PWR Version: 1.7.13
   * Component: RCC Version: 1.7.13
   * Component: SD Version: 1.7.13
   * Component: TIM Version: 1.7.13
   * Component: UART Version: 1.7.13
   * Component: Common Version: 1.7.13
   * Component: GPIO Version: 1.7.13
   * Component: PWR Version: 1.7.13
   * Component: RCC Version: 1.7.13
   * Component: USART Version: 1.7.13
   * Component: UTILS Version: 1.7.13
   * Component: Startup Version: 2.6.3

<h2>Collection of Component include folders:</h2>
  .\RTE\CMSIS
  .\RTE\Compiler
  .\RTE\Device\STM32F407VETx
  .\RTE\Device\STM32F407VETx\STCubeGenerated
  .\RTE\Device\STM32F407VETx\STCubeGenerated\Inc
  .\RTE\File_System
  .\RTE\Network
  .\RTE\_Target_STM32F407VET6
  C:\Users\LZY\AppData\Local\Arm\Packs\ARM\CMSIS\5.8.0\CMSIS\Core\Include
  C:\Users\LZY\AppData\Local\Arm\Packs\ARM\CMSIS\5.8.0\CMSIS\Driver\Include
  C:\Users\LZY\AppData\Local\Arm\Packs\ARM\CMSIS\5.8.0\CMSIS\RTOS2\Include
  C:\Users\LZY\AppData\Local\Arm\Packs\ARM\CMSIS\5.8.0\CMSIS\RTOS2\RTX\Include
  C:\Users\LZY\AppData\Local\Arm\Packs\Keil\ARM_Compiler\1.6.3\Include
  C:\Users\LZY\AppData\Local\Arm\Packs\Keil\MDK-Middleware\7.13.0\FileSystem\Include
  C:\Users\LZY\AppData\Local\Arm\Packs\Keil\MDK-Middleware\7.13.0\Network\Include
  C:\Users\LZY\AppData\Local\Arm\Packs\Keil\STM32F4xx_DFP\2.16.0\Drivers\CMSIS\Device\ST\STM32F4xx\Include
  C:\Users\LZY\AppData\Local\Arm\Packs\Keil\STM32F4xx_DFP\2.16.0\Drivers\STM32F4xx_HAL_Driver\Inc
  C:\Users\LZY\AppData\Local\Arm\Packs\Keil\STM32F4xx_DFP\2.16.0\Drivers\STM32F4xx_HAL_Driver\Inc\Legacy

<h2>Collection of Component Files used:</h2>

   * Component: ::CMSIS Driver:Ethernet MAC:2.2.0 (API)
      Include file:  CMSIS\Driver\Include\Driver_ETH_MAC.h

   * Component: ::CMSIS Driver:Ethernet PHY:2.2.0 (API)
      Include file:  CMSIS\Driver\Include\Driver_ETH_PHY.h

   * Component: ::CMSIS Driver:MCI:2.4.0 (API)
      Include file:  CMSIS\Driver\Include\Driver_MCI.h

   * Component: ::CMSIS:RTOS2:2.1.3 (API)
      Include file:  CMSIS\RTOS2\Include\cmsis_os2.h

   * Component: ::Device:STM32Cube Framework:1.0.0 (API)

   * Component: ARM::CMSIS:CORE:5.5.0

   * Component: ARM::CMSIS:RTOS2:Keil RTX5:Library:5.5.3
      Include file:  CMSIS\RTOS2\RTX\Include\rtx_os.h
      Source file:   CMSIS\RTOS2\RTX\Config\RTX_Config.c
      Source file:   CMSIS\RTOS2\RTX\Template\Mutex.c
      Source file:   CMSIS\RTOS2\RTX\Template\main.c
      Source file:   CMSIS\RTOS2\RTX\Template\MsgQueue.c
      Source file:   CMSIS\RTOS2\RTX\Template\Thread.c
      Source file:   CMSIS\RTOS2\RTX\Template\Events.c
      Source file:   CMSIS\RTOS2\RTX\Template\MemPool.c
      Source file:   CMSIS\RTOS2\RTX\Template\Semaphore.c
      Include file:  CMSIS\RTOS2\RTX\Config\RTX_Config.h
      Source file:   CMSIS\RTOS2\RTX\Template\svc_user.c
      Source file:   CMSIS\RTOS2\RTX\Source\rtx_lib.c
      Source file:   CMSIS\RTOS2\RTX\Template\Timer.c
      Library file:  CMSIS\RTOS2\RTX\Library\ARM\RTX_CM4F.lib

   * Component: Keil.ARM Compiler::Compiler:Event Recorder:DAP:1.4.0
      Include file:  Config\EventRecorderConf.h
      Include file:  Include\EventRecorder.h
      Source file:   Source\EventRecorder.c

   * Component: Keil.ARM Compiler::Compiler:I/O:File:File System:1.2.0
      Source file:   Source\retarget_io.c

   * Component: Keil.MDK-Plus::File System:CORE:LFN Debug:6.14.1
      Include file:  FileSystem\Include\rl_fs.h
      Library file:  FileSystem\Lib\ARM\FS_Dbg_LFN_CM3_L.lib
      Source file:   FileSystem\Config\FS_Config.c
      Source file:   FileSystem\Config\FS_Debug.c

   * Component: Keil.MDK-Plus::File System:Drive:Memory Card:6.14.1
      Include file:  FileSystem\Config\FS_Config_MC.h

   * Component: Keil.MDK-Plus::Network:CORE:IPv4 Release:7.15.0
      Source file:   Network\Config\Net_Config.c
      Include file:  Network\Include\rl_net.h
      Library file:  Network\Lib\ARM\Net4_CM3_L.lib

   * Component: Keil.MDK-Plus::Network:Interface:ETH:7.15.0
      Include file:  Network\Config\Net_Config_ETH.h

   * Component: Keil.MDK-Plus::Network:Socket:TCP:7.15.0
      Include file:  Network\Config\Net_Config_TCP.h
      Source file:   Network\Template\TCP_Socket_Server.c
      Source file:   Network\Template\TCP_Socket_Client.c

   * Component: Keil.MDK-Plus::Network:Socket:UDP:7.15.0
      Include file:  Network\Config\Net_Config_UDP.h
      Source file:   Network\Template\UDP_Socket.c

   * Component: Keil::CMSIS Driver:Ethernet MAC:2.9
      Source file:   CMSIS\Driver\EMAC_STM32F4xx.c

   * Component: Keil::CMSIS Driver:Ethernet PHY:DP83848C:6.2.0
      Source file:   ETH\PHY_DP83848C.c

   * Component: Keil::CMSIS Driver:MCI:2.10
      Source file:   CMSIS\Driver\MCI_STM32F4xx.c

   * Component: Keil::Device:STM32Cube Framework:STM32CubeMX:1.1.0
      Include file:  MX_Device.h
      Source file:   STCubeGenerated\Src\stm32f4xx_hal_timebase_tim.c
      Source file:   STCubeGenerated\Src\stm32f4xx_hal_msp.c
      Include file:  STCubeGenerated\Inc\stm32f4xx_hal_conf.h

   * Component: Keil::Device:STM32Cube HAL:CAN:1.7.13
      Source file:   Drivers\STM32F4xx_HAL_Driver\Src\stm32f4xx_hal_can.c

   * Component: Keil::Device:STM32Cube HAL:Common:1.7.13
      Source file:   Drivers\STM32F4xx_HAL_Driver\Src\stm32f4xx_hal.c
      Include file:  Drivers\STM32F4xx_HAL_Driver\Inc\stm32f4xx_hal.h

   * Component: Keil::Device:STM32Cube HAL:Cortex:1.7.13
      Source file:   Drivers\STM32F4xx_HAL_Driver\Src\stm32f4xx_hal_cortex.c

   * Component: Keil::Device:STM32Cube HAL:DMA:1.7.13
      Source file:   Drivers\STM32F4xx_HAL_Driver\Src\stm32f4xx_hal_dma.c
      Source file:   Drivers\STM32F4xx_HAL_Driver\Src\stm32f4xx_hal_dma_ex.c

   * Component: Keil::Device:STM32Cube HAL:ETH:1.7.13
      Source file:   Drivers\STM32F4xx_HAL_Driver\Src\stm32f4xx_hal_eth.c

   * Component: Keil::Device:STM32Cube HAL:GPIO:1.7.13
      Source file:   Drivers\STM32F4xx_HAL_Driver\Src\stm32f4xx_hal_gpio.c

   * Component: Keil::Device:STM32Cube HAL:I2C:1.7.13
      Source file:   Drivers\STM32F4xx_HAL_Driver\Src\stm32f4xx_hal_i2c.c

   * Component: Keil::Device:STM32Cube HAL:PWR:1.7.13
      Source file:   Drivers\STM32F4xx_HAL_Driver\Src\stm32f4xx_hal_pwr.c
      Source file:   Drivers\STM32F4xx_HAL_Driver\Src\stm32f4xx_hal_pwr_ex.c

   * Component: Keil::Device:STM32Cube HAL:RCC:1.7.13
      Source file:   Drivers\STM32F4xx_HAL_Driver\Src\stm32f4xx_hal_rcc_ex.c
      Source file:   Drivers\STM32F4xx_HAL_Driver\Src\stm32f4xx_hal_rcc.c

   * Component: Keil::Device:STM32Cube HAL:SD:1.7.13
      Source file:   Drivers\STM32F4xx_HAL_Driver\Src\stm32f4xx_ll_sdmmc.c
      Source file:   Drivers\STM32F4xx_HAL_Driver\Src\stm32f4xx_hal_sd.c

   * Component: Keil::Device:STM32Cube HAL:TIM:1.7.13
      Source file:   Drivers\STM32F4xx_HAL_Driver\Src\stm32f4xx_hal_tim.c
      Source file:   Drivers\STM32F4xx_HAL_Driver\Src\stm32f4xx_hal_tim_ex.c

   * Component: Keil::Device:STM32Cube HAL:UART:1.7.13
      Source file:   Drivers\STM32F4xx_HAL_Driver\Src\stm32f4xx_hal_uart.c

   * Component: Keil::Device:STM32Cube LL:Common:1.7.13

   * Component: Keil::Device:STM32Cube LL:GPIO:1.7.13
      Source file:   Drivers\STM32F4xx_HAL_Driver\Src\stm32f4xx_ll_gpio.c

   * Component: Keil::Device:STM32Cube LL:PWR:1.7.13
      Source file:   Drivers\STM32F4xx_HAL_Driver\Src\stm32f4xx_ll_pwr.c

   * Component: Keil::Device:STM32Cube LL:RCC:1.7.13
      Source file:   Drivers\STM32F4xx_HAL_Driver\Src\stm32f4xx_ll_rcc.c

   * Component: Keil::Device:STM32Cube LL:USART:1.7.13
      Source file:   Drivers\STM32F4xx_HAL_Driver\Src\stm32f4xx_ll_usart.c

   * Component: Keil::Device:STM32Cube LL:UTILS:1.7.13
      Source file:   Drivers\STM32F4xx_HAL_Driver\Src\stm32f4xx_ll_utils.c

   * Component: Keil::Device:Startup:2.6.3
      Source file:   MDK\Device\Source\ARM\STM32F40xxx_41xxx_OPT.s
      Source file:   Drivers\CMSIS\Device\ST\STM32F4xx\Source\Templates\arm\startup_stm32f407xx.s
      Source file:   MDK\Device\Source\ARM\STM32F4xx_OTP.s
      Include file:  Drivers\CMSIS\Device\ST\STM32F4xx\Include\stm32f4xx.h
      Source file:   Drivers\CMSIS\Device\ST\STM32F4xx\Source\Templates\system_stm32f4xx.c
Build Time Elapsed:  00:00:01
</pre>
</body>
</html>
