Component: ARM Compiler 5.06 update 7 (build 960) Tool: armlink [4d3601]

==============================================================================

Section Cross References

    main.o(i.HAL_TIM_PeriodElapsedCallback) refers to stm32f4xx_hal.o(i.HAL_IncTick) for HAL_IncTick
    main.o(i.MX_ETH_Init) refers to stm32f4xx_hal_eth.o(i.HAL_ETH_Init) for HAL_ETH_Init
    main.o(i.MX_ETH_Init) refers to main.o(i.Error_Handler) for Error_Handler
    main.o(i.MX_ETH_Init) refers to main.o(.bss) for heth
    main.o(i.MX_ETH_Init) refers to main.o(.data) for MACAddr
    main.o(i.SystemClock_Config) refers to rt_memclr_w.o(.text) for __aeabi_memclr4
    main.o(i.SystemClock_Config) refers to stm32f4xx_hal_rcc.o(i.HAL_RCC_OscConfig) for HAL_RCC_OscConfig
    main.o(i.SystemClock_Config) refers to main.o(i.Error_Handler) for Error_Handler
    main.o(i.SystemClock_Config) refers to stm32f4xx_hal_rcc.o(i.HAL_RCC_ClockConfig) for HAL_RCC_ClockConfig
    main.o(i.main) refers to stm32f4xx_hal.o(i.HAL_Init) for HAL_Init
    main.o(i.main) refers to main.o(i.SystemClock_Config) for SystemClock_Config
    main.o(i.main) refers to main.o(i.MX_GPIO_Init) for MX_GPIO_Init
    main.o(i.main) refers to main.o(i.MX_ETH_Init) for MX_ETH_Init
    stm32f4xx_it.o(i.TIM8_TRG_COM_TIM14_IRQHandler) refers to stm32f4xx_hal_tim.o(i.HAL_TIM_IRQHandler) for HAL_TIM_IRQHandler
    stm32f4xx_it.o(i.TIM8_TRG_COM_TIM14_IRQHandler) refers to stm32f4xx_hal_timebase_tim.o(.bss) for htim14
    rtx_lib.o(i.__user_perthread_libspace) refers to rtx_lib.o(i.os_kernel_is_active) for os_kernel_is_active
    rtx_lib.o(i.__user_perthread_libspace) refers to rtx_thread.o(.text.osThreadGetId) for osThreadGetId
    rtx_lib.o(i.__user_perthread_libspace) refers to rtx_kernel.o(.text.osRtxKernelErrorNotify) for osRtxKernelErrorNotify
    rtx_lib.o(i.__user_perthread_libspace) refers to rtx_lib.o(.bss.os.libspace) for os_libspace_id
    rtx_lib.o(i._mutex_acquire) refers to rtx_lib.o(i.os_kernel_is_active) for os_kernel_is_active
    rtx_lib.o(i._mutex_acquire) refers to rtx_mutex.o(.text.osMutexAcquire) for osMutexAcquire
    rtx_lib.o(i._mutex_free) refers to rtx_mutex.o(.text.osMutexDelete) for osMutexDelete
    rtx_lib.o(i._mutex_initialize) refers to rtx_mutex.o(.text.osMutexNew) for osMutexNew
    rtx_lib.o(i._mutex_initialize) refers to rtx_kernel.o(.text.osRtxKernelErrorNotify) for osRtxKernelErrorNotify
    rtx_lib.o(i._mutex_release) refers to rtx_lib.o(i.os_kernel_is_active) for os_kernel_is_active
    rtx_lib.o(i._mutex_release) refers to rtx_mutex.o(.text.osMutexRelease) for osMutexRelease
    rtx_lib.o(i._platform_post_stackheap_init) refers to rtx_kernel.o(.text.osKernelInitialize) for osKernelInitialize
    rtx_lib.o(i.os_kernel_is_active) refers to rtx_kernel.o(.text.osKernelGetState) for osKernelGetState
    rtx_lib.o(i.os_kernel_is_active) refers to rtx_lib.o(.data) for os_kernel_active
    rtx_lib.o(.constdata) refers to rtx_lib.o(.bss.os.thread.cb) for os_idle_thread_cb
    rtx_lib.o(.constdata) refers to rtx_lib.o(.bss.os.thread.idle.stack) for os_idle_thread_stack
    rtx_lib.o(.constdata) refers to rtx_lib.o(.bss.os.thread.timer.stack) for os_timer_thread_stack
    rtx_lib.o(.constdata) refers to rtx_lib.o(.bss.os.msgqueue.cb) for os_timer_mq_cb
    rtx_lib.o(.constdata) refers to rtx_lib.o(.bss.os.msgqueue.mem) for os_timer_mq_data
    rtx_lib.o(.constdata) refers to irq_armv7m.o(.rodata) for irqRtxLib
    rtx_lib.o(.rodata) refers to rtx_lib.o(.bss.os) for os_isr_queue
    rtx_lib.o(.rodata) refers to rtx_lib.o(.constdata) for os_idle_thread_attr
    rtx_lib.o(.rodata) refers to rtx_timer.o(.text.osRtxTimerThread) for osRtxTimerThread
    rtx_lib.o(.rodata) refers to rtx_timer.o(.text.osRtxTimerSetup) for osRtxTimerSetup
    phy_dp83848c.o(i.GetLinkInfo) refers to phy_dp83848c.o(.bss) for PHY
    phy_dp83848c.o(i.GetLinkState) refers to phy_dp83848c.o(.bss) for PHY
    phy_dp83848c.o(i.GetVersion) refers to phy_dp83848c.o(.constdata) for DriverVersion
    phy_dp83848c.o(i.Initialize) refers to phy_dp83848c.o(.bss) for PHY
    phy_dp83848c.o(i.PowerControl) refers to phy_dp83848c.o(.bss) for PHY
    phy_dp83848c.o(i.SetInterface) refers to phy_dp83848c.o(.bss) for PHY
    phy_dp83848c.o(i.SetMode) refers to phy_dp83848c.o(.bss) for PHY
    phy_dp83848c.o(i.Uninitialize) refers to phy_dp83848c.o(.bss) for PHY
    phy_dp83848c.o(.constdata) refers to phy_dp83848c.o(i.GetVersion) for GetVersion
    phy_dp83848c.o(.constdata) refers to phy_dp83848c.o(i.Initialize) for Initialize
    phy_dp83848c.o(.constdata) refers to phy_dp83848c.o(i.Uninitialize) for Uninitialize
    phy_dp83848c.o(.constdata) refers to phy_dp83848c.o(i.PowerControl) for PowerControl
    phy_dp83848c.o(.constdata) refers to phy_dp83848c.o(i.SetInterface) for SetInterface
    phy_dp83848c.o(.constdata) refers to phy_dp83848c.o(i.SetMode) for SetMode
    phy_dp83848c.o(.constdata) refers to phy_dp83848c.o(i.GetLinkState) for GetLinkState
[...]
    .ARM.Collect$$libinit$$00000033          0x08000222   Section        2  libinit2.o(.ARM.Collect$$libinit$$00000033)
    .ARM.Collect$$libshutdown$$00000000      0x08000224   Section        2  libshutdown.o(.ARM.Collect$$libshutdown$$00000000)
    .ARM.Collect$$libshutdown$$00000002      0x08000226   Section        0  libshutdown2.o(.ARM.Collect$$libshutdown$$00000002)
    .ARM.Collect$$libshutdown$$00000004      0x08000226   Section        0  libshutdown2.o(.ARM.Collect$$libshutdown$$00000004)
    .ARM.Collect$$libshutdown$$00000006      0x08000226   Section        0  libshutdown2.o(.ARM.Collect$$libshutdown$$00000006)
    .ARM.Collect$$libshutdown$$00000009      0x08000226   Section        0  libshutdown2.o(.ARM.Collect$$libshutdown$$00000009)
    .ARM.Collect$$libshutdown$$0000000C      0x08000226   Section        0  libshutdown2.o(.ARM.Collect$$libshutdown$$0000000C)
    .ARM.Collect$$libshutdown$$0000000E      0x08000226   Section        0  libshutdown2.o(.ARM.Collect$$libshutdown$$0000000E)
    .ARM.Collect$$libshutdown$$00000011      0x08000226   Section        0  libshutdown2.o(.ARM.Collect$$libshutdown$$00000011)
    .ARM.Collect$$libshutdown$$00000012      0x08000226   Section        2  libshutdown2.o(.ARM.Collect$$libshutdown$$00000012)
    .ARM.Collect$$rtentry$$00000000          0x08000228   Section        0  __rtentry.o(.ARM.Collect$$rtentry$$00000000)
    .ARM.Collect$$rtentry$$00000002          0x08000228   Section        0  __rtentry2.o(.ARM.Collect$$rtentry$$00000002)
    .ARM.Collect$$rtentry$$00000004          0x08000228   Section        6  __rtentry4.o(.ARM.Collect$$rtentry$$00000004)
    .ARM.Collect$$rtentry$$00000008          0x0800022e   Section        8  __rtentry2.o(.ARM.Collect$$rtentry$$00000008)
    .ARM.Collect$$rtentry$$0000000A          0x08000236   Section        4  __rtentry2.o(.ARM.Collect$$rtentry$$0000000A)
    .ARM.Collect$$rtentry$$0000000C          0x0800023a   Section        0  __rtentry2.o(.ARM.Collect$$rtentry$$0000000C)
    .ARM.Collect$$rtentry$$0000000D          0x0800023a   Section        8  __rtentry2.o(.ARM.Collect$$rtentry$$0000000D)
    .ARM.Collect$$rtexit$$00000000           0x08000242   Section        2  rtexit.o(.ARM.Collect$$rtexit$$00000000)
    .ARM.Collect$$rtexit$$00000002           0x08000244   Section        0  rtexit2.o(.ARM.Collect$$rtexit$$00000002)
    .ARM.Collect$$rtexit$$00000003           0x08000244   Section        4  rtexit2.o(.ARM.Collect$$rtexit$$00000003)
    .ARM.Collect$$rtexit$$00000004           0x08000248   Section        6  rtexit2.o(.ARM.Collect$$rtexit$$00000004)
    .text                                    0x08000250   Section       64  startup_stm32f407xx.o(.text)
    $v0                                      0x08000250   Number         0  startup_stm32f407xx.o(.text)
    [Anonymous Symbol]                       0x08000290   Section        0  irq_armv7m.o(.text)
    SVC_Context                              0x080002b8   Number         0  irq_armv7m.o(.text)
    SVC_FP_LazyState                         0x080002c8   Number         0  irq_armv7m.o(.text)
    SVC_ContextSave                          0x080002da   Number         0  irq_armv7m.o(.text)
    SVC_ContextRestore                       0x080002f0   Number         0  irq_armv7m.o(.text)
    SVC_Exit                                 0x0800030c   Number         0  irq_armv7m.o(.text)
    SVC_User                                 0x0800030e   Number         0  irq_armv7m.o(.text)
    .text                                    0x08000358   Section      238  lludivv7m.o(.text)
    .text                                    0x08000446   Section      138  rt_memcpy_v6.o(.text)
    .text                                    0x080004d0   Section       68  rt_memclr.o(.text)
    .text                                    0x08000514   Section       78  rt_memclr_w.o(.text)
    .text                                    0x08000562   Section        0  heapauxi.o(.text)
    .text                                    0x08000568   Section      100  rt_memcpy_w.o(.text)
    .text                                    0x080005cc   Section       74  sys_stackheap_outer.o(.text)
    .text                                    0x08000616   Section        0  exit.o(.text)
    .text                                    0x08000628   Section        8  libspace.o(.text)
    .text                                    0x08000630   Section        0  sys_exit.o(.text)
    .text                                    0x0800063c   Section        2  use_no_semi.o(.text)
    [Anonymous Symbol]                       0x0800063e   Section        0  rtx_msgqueue.o(.text.MessageQueueGet)
    .text                                    0x0800063e   Section        0  indicate_semi.o(.text)
    MessageQueueGet                          0x0800063f   Thumb Code    64  rtx_msgqueue.o(.text.MessageQueueGet)
    [Anonymous Symbol]                       0x0800067e   Section        0  rtx_msgqueue.o(.text.MessageQueuePut)
    MessageQueuePut                          0x0800067f   Thumb Code    88  rtx_msgqueue.o(.text.MessageQueuePut)
    [Anonymous Symbol]                       0x080006d6   Section        0  rtx_msgqueue.o(.text.MessageQueueRemove)
    MessageQueueRemove                       0x080006d7   Thumb Code    28  rtx_msgqueue.o(.text.MessageQueueRemove)
    [Anonymous Symbol]                       0x080006f4   Section        0  os_systick.o(.text.OS_Tick_AcknowledgeIRQ)
    __arm_cp.3_0                             0x080006fc   Number         4  os_systick.o(.text.OS_Tick_AcknowledgeIRQ)
    [Anonymous Symbol]                       0x08000700   Section        0  rtx_kernel.o(.text.OUTLINED_FUNCTION_0)
    OUTLINED_FUNCTION_0                      0x08000701   Thumb Code    12  rtx_kernel.o(.text.OUTLINED_FUNCTION_0)
    [Anonymous Symbol]                       0x0800070c   Section        0  rtx_msgqueue.o(.text.OUTLINED_FUNCTION_0)
    OUTLINED_FUNCTION_0                      0x0800070d   Thumb Code    12  rtx_msgqueue.o(.text.OUTLINED_FUNCTION_0)
    [Anonymous Symbol]                       0x08000718   Section        0  rtx_timer.o(.text.TimerInsert)
    TimerInsert                              0x08000719   Thumb Code    68  rtx_timer.o(.text.TimerInsert)
    __arm_cp.9_0                             0x0800075c   Number         4  rtx_timer.o(.text.TimerInsert)
    [Anonymous Symbol]                       0x08000760   Section        0  rtx_kernel.o(.text.osKernelGetState)
    __arm_cp.5_0                             0x08000788   Number         4  rtx_kernel.o(.text.osKernelGetState)
    __arm_cp.5_1                             0x0800078c   Number         4  rtx_kernel.o(.text.osKernelGetState)
    [Anonymous Symbol]                       0x08000790   Section        0  rtx_kernel.o(.text.osKernelInitialize)
    __arm_cp.2_0                             0x080007b8   Number         4  rtx_kernel.o(.text.osKernelInitialize)
    [Anonymous Symbol]                       0x080007bc   Section        0  rtx_msgqueue.o(.text.osMessageQueueGet)
    __arm_cp.5_0                             0x08000828   Number         4  rtx_msgqueue.o(.text.osMessageQueueGet)
    [Anonymous Symbol]                       0x0800082c   Section        0  rtx_msgqueue.o(.text.osMessageQueuePut)
    __arm_cp.4_0                             0x080008a8   Number         4  rtx_msgqueue.o(.text.osMessageQueuePut)
    [Anonymous Symbol]                       0x080008ac   Section        0  rtx_mutex.o(.text.osMutexAcquire)
    __arm_cp.4_0                             0x080008cc   Number         4  rtx_mutex.o(.text.osMutexAcquire)
    [Anonymous Symbol]                       0x080008d0   Section        0  rtx_mutex.o(.text.osMutexDelete)
    __arm_cp.7_0                             0x080008f0   Number         4  rtx_mutex.o(.text.osMutexDelete)
    [Anonymous Symbol]                       0x080008f4   Section        0  rtx_mutex.o(.text.osMutexNew)
    __arm_cp.2_0                             0x08000914   Number         4  rtx_mutex.o(.text.osMutexNew)
    [Anonymous Symbol]                       0x08000918   Section        0  rtx_mutex.o(.text.osMutexRelease)
    __arm_cp.5_0                             0x08000938   Number         4  rtx_mutex.o(.text.osMutexRelease)
    [Anonymous Symbol]                       0x0800093c   Section        0  rtx_kernel.o(.text.osRtxKernelErrorNotify)
    [Anonymous Symbol]                       0x08000940   Section        0  rtx_kernel.o(.text.osRtxKernelPreInit)
    [Anonymous Symbol]                       0x08000942   Section        0  rtx_memory.o(.text.osRtxMemoryAlloc)
    [Anonymous Symbol]                       0x080009ae   Section        0  rtx_memory.o(.text.osRtxMemoryFree)
    [Anonymous Symbol]                       0x080009f0   Section        0  rtx_memory.o(.text.osRtxMemoryInit)
    [Anonymous Symbol]                       0x08000a26   Section        0  rtx_mempool.o(.text.osRtxMemoryPoolAlloc)
    [Anonymous Symbol]                       0x08000a60   Section        0  rtx_mempool.o(.text.osRtxMemoryPoolFree)
    [Anonymous Symbol]                       0x08000aaa   Section        0  rtx_mempool.o(.text.osRtxMemoryPoolInit)
    [Anonymous Symbol]                       0x08000ae2   Section        0  rtx_msgqueue.o(.text.osRtxMessageQueuePostProcess)
    osRtxMessageQueuePostProcess             0x08000ae3   Thumb Code   170  rtx_msgqueue.o(.text.osRtxMessageQueuePostProcess)
    [Anonymous Symbol]                       0x08000b8c   Section        0  rtx_msgqueue.o(.text.osRtxMessageQueueTimerSetup)
    __arm_cp.0_0                             0x08000bac   Number         4  rtx_msgqueue.o(.text.osRtxMessageQueueTimerSetup)
    __arm_cp.0_1                             0x08000bb0   Number         4  rtx_msgqueue.o(.text.osRtxMessageQueueTimerSetup)
    [Anonymous Symbol]                       0x08000bb4   Section        0  rtx_mutex.o(.text.osRtxMutexOwnerRestore)
    [Anonymous Symbol]                       0x08000bf8   Section        0  rtx_system.o(.text.osRtxPendSV_Handler)
    __arm_cp.1_0                             0x08000c80   Number         4  rtx_system.o(.text.osRtxPendSV_Handler)
    [Anonymous Symbol]                       0x08000c84   Section        0  rtx_system.o(.text.osRtxPostProcess)
    __arm_cp.2_0                             0x08000cf0   Number         4  rtx_system.o(.text.osRtxPostProcess)
    __arm_cp.2_1                             0x08000cf4   Number         4  rtx_system.o(.text.osRtxPostProcess)
    [Anonymous Symbol]                       0x08000cf8   Section        0  rtx_thread.o(.text.osRtxThreadBlock)
    osRtxThreadBlock                         0x08000cf9   Thumb Code    52  rtx_thread.o(.text.osRtxThreadBlock)
    __arm_cp.10_0                            0x08000d2c   Number         4  rtx_thread.o(.text.osRtxThreadBlock)
    [Anonymous Symbol]                       0x08000d30   Section        0  rtx_thread.o(.text.osRtxThreadDelayInsert)
    osRtxThreadDelayInsert                   0x08000d31   Thumb Code   124  rtx_thread.o(.text.osRtxThreadDelayInsert)
    __arm_cp.14_0                            0x08000dac   Number         4  rtx_thread.o(.text.osRtxThreadDelayInsert)
    [Anonymous Symbol]                       0x08000db0   Section        0  rtx_thread.o(.text.osRtxThreadDelayRemove)
    osRtxThreadDelayRemove                   0x08000db1   Thumb Code    60  rtx_thread.o(.text.osRtxThreadDelayRemove)
    __arm_cp.12_0                            0x08000dec   Number         4  rtx_thread.o(.text.osRtxThreadDelayRemove)
    [Anonymous Symbol]                       0x08000df0   Section        0  rtx_thread.o(.text.osRtxThreadDelayTick)
    __arm_cp.5_0                             0x08000e38   Number         4  rtx_thread.o(.text.osRtxThreadDelayTick)
    [Anonymous Symbol]                       0x08000e3c   Section        0  rtx_thread.o(.text.osRtxThreadDispatch)
    __arm_cp.9_0                             0x08000e8c   Number         4  rtx_thread.o(.text.osRtxThreadDispatch)
    [Anonymous Symbol]                       0x08000e90   Section        0  rtx_thread.o(.text.osRtxThreadListGet)
    [Anonymous Symbol]                       0x08000ea2   Section        0  rtx_thread.o(.text.osRtxThreadListPut)
    [Anonymous Symbol]                       0x08000ece   Section        0  rtx_thread.o(.text.osRtxThreadListRemove)
    [Anonymous Symbol]                       0x08000ee2   Section        0  rtx_thread.o(.text.osRtxThreadListRoot)
    osRtxThreadListRoot                      0x08000ee3   Thumb Code    12  rtx_thread.o(.text.osRtxThreadListRoot)
    [Anonymous Symbol]                       0x08000eee   Section        0  rtx_thread.o(.text.osRtxThreadListSort)
    [Anonymous Symbol]                       0x08000f14   Section        0  rtx_thread.o(.text.osRtxThreadReadyPut)
    __arm_cp.4_0                             0x08000f24   Number         4  rtx_thread.o(.text.osRtxThreadReadyPut)
    [Anonymous Symbol]                       0x08000f28   Section        0  rtx_thread.o(.text.osRtxThreadRegPtr)
    [Anonymous Symbol]                       0x08000f3c   Section        0  rtx_thread.o(.text.osRtxThreadSwitch)
    __arm_cp.8_0                             0x08000f48   Number         4  rtx_thread.o(.text.osRtxThreadSwitch)
    [Anonymous Symbol]                       0x08000f4c   Section        0  rtx_thread.o(.text.osRtxThreadWaitEnter)
    __arm_cp.13_0                            0x08000f84   Number         4  rtx_thread.o(.text.osRtxThreadWaitEnter)
    [Anonymous Symbol]                       0x08000f88   Section        0  rtx_thread.o(.text.osRtxThreadWaitExit)
    [Anonymous Symbol]                       0x08000fb8   Section        0  rtx_system.o(.text.osRtxTick_Handler)
    __arm_cp.0_0                             0x0800102c   Number         4  rtx_system.o(.text.osRtxTick_Handler)
    [Anonymous Symbol]                       0x08001030   Section        0  rtx_timer.o(.text.osRtxTimerSetup)
    __arm_cp.0_0                             0x08001048   Number         4  rtx_timer.o(.text.osRtxTimerSetup)
    __arm_cp.0_1                             0x0800104c   Number         4  rtx_timer.o(.text.osRtxTimerSetup)
    [Anonymous Symbol]                       0x08001050   Section        0  rtx_timer.o(.text.osRtxTimerThread)
    [Anonymous Symbol]                       0x08001070   Section        0  rtx_timer.o(.text.osRtxTimerTick)
    osRtxTimerTick                           0x08001071   Thumb Code   108  rtx_timer.o(.text.osRtxTimerTick)
    __arm_cp.1_0                             0x080010dc   Number         4  rtx_timer.o(.text.osRtxTimerTick)
    [Anonymous Symbol]                       0x080010e0   Section        0  rtx_kernel.o(.text.svcRtxKernelGetState)
    svcRtxKernelGetState                     0x080010e1   Thumb Code     8  rtx_kernel.o(.text.svcRtxKernelGetState)
    __arm_cp.6_0                             0x080010e8   Number         4  rtx_kernel.o(.text.svcRtxKernelGetState)
    [Anonymous Symbol]                       0x080010ec   Section        0  rtx_kernel.o(.text.svcRtxKernelInitialize)
    svcRtxKernelInitialize                   0x080010ed   Thumb Code   244  rtx_kernel.o(.text.svcRtxKernelInitialize)
    __arm_cp.21_0                            0x080011e0   Number         4  rtx_kernel.o(.text.svcRtxKernelInitialize)
    __arm_cp.21_1                            0x080011e4   Number         4  rtx_kernel.o(.text.svcRtxKernelInitialize)
    __arm_cp.21_2                            0x080011e8   Number         4  rtx_kernel.o(.text.svcRtxKernelInitialize)
    [Anonymous Symbol]                       0x080011ec   Section        0  rtx_msgqueue.o(.text.svcRtxMessageQueueGet)
    svcRtxMessageQueueGet                    0x080011ed   Thumb Code   212  rtx_msgqueue.o(.text.svcRtxMessageQueueGet)
    __arm_cp.22_0                            0x080012c0   Number         4  rtx_msgqueue.o(.text.svcRtxMessageQueueGet)
    [Anonymous Symbol]                       0x080012c4   Section        0  rtx_msgqueue.o(.text.svcRtxMessageQueueNew)
    svcRtxMessageQueueNew                    0x080012c5   Thumb Code   272  rtx_msgqueue.o(.text.svcRtxMessageQueueNew)
    __arm_cp.1_0                             0x080013d4   Number         4  rtx_msgqueue.o(.text.svcRtxMessageQueueNew)
    __arm_cp.1_1                             0x080013d8   Number         4  rtx_msgqueue.o(.text.svcRtxMessageQueueNew)
    [Anonymous Symbol]                       0x080013dc   Section        0  rtx_msgqueue.o(.text.svcRtxMessageQueuePut)
    svcRtxMessageQueuePut                    0x080013dd   Thumb Code   176  rtx_msgqueue.o(.text.svcRtxMessageQueuePut)
    __arm_cp.20_0                            0x0800148c   Number         4  rtx_msgqueue.o(.text.svcRtxMessageQueuePut)
    [Anonymous Symbol]                       0x08001490   Section        0  rtx_mutex.o(.text.svcRtxMutexAcquire)
    svcRtxMutexAcquire                       0x08001491   Thumb Code   140  rtx_mutex.o(.text.svcRtxMutexAcquire)
    __arm_cp.10_0                            0x0800151c   Number         4  rtx_mutex.o(.text.svcRtxMutexAcquire)
    [Anonymous Symbol]                       0x08001520   Section        0  rtx_mutex.o(.text.svcRtxMutexDelete)
    svcRtxMutexDelete                        0x08001521   Thumb Code   172  rtx_mutex.o(.text.svcRtxMutexDelete)
    __arm_cp.13_0                            0x080015cc   Number         4  rtx_mutex.o(.text.svcRtxMutexDelete)
    [Anonymous Symbol]                       0x080015d0   Section        0  rtx_mutex.o(.text.svcRtxMutexNew)
    svcRtxMutexNew                           0x080015d1   Thumb Code   100  rtx_mutex.o(.text.svcRtxMutexNew)
    __arm_cp.8_0                             0x08001634   Number         4  rtx_mutex.o(.text.svcRtxMutexNew)
    [Anonymous Symbol]                       0x08001638   Section        0  rtx_mutex.o(.text.svcRtxMutexRelease)
    svcRtxMutexRelease                       0x08001639   Thumb Code   176  rtx_mutex.o(.text.svcRtxMutexRelease)
    __arm_cp.11_0                            0x080016e8   Number         4  rtx_mutex.o(.text.svcRtxMutexRelease)
    i.BusFault_Handler                       0x080016ec   Section        0  stm32f4xx_it.o(i.BusFault_Handler)
    i.DebugMon_Handler                       0x080016f0   Section        0  stm32f4xx_it.o(i.DebugMon_Handler)
    i.ETH_IRQHandler                         0x080016f4   Section        0  emac_stm32f4xx.o(i.ETH_IRQHandler)
    i.ETH_MACAddressConfig                   0x0800174c   Section        0  stm32f4xx_hal_eth.o(i.ETH_MACAddressConfig)
    ETH_MACAddressConfig                     0x0800174d   Thumb Code    48  stm32f4xx_hal_eth.o(i.ETH_MACAddressConfig)
    i.ETH_MACDMAConfig                       0x08001780   Section        0  stm32f4xx_hal_eth.o(i.ETH_MACDMAConfig)
    ETH_MACDMAConfig                         0x08001781   Thumb Code   566  stm32f4xx_hal_eth.o(i.ETH_MACDMAConfig)
    i.Error_Handler                          0x080019c4   Section        0  main.o(i.Error_Handler)
    i.HAL_Delay                              0x080019cc   Section        0  stm32f4xx_hal.o(i.HAL_Delay)
    i.HAL_ETH_Init                           0x080019f4   Section        0  stm32f4xx_hal_eth.o(i.HAL_ETH_Init)
    i.HAL_ETH_MspInit                        0x08001c94   Section        0  stm32f4xx_hal_msp.o(i.HAL_ETH_MspInit)
    i.HAL_ETH_ReadPHYRegister                0x08001de8   Section        0  stm32f4xx_hal_eth.o(i.HAL_ETH_ReadPHYRegister)
    i.HAL_ETH_WritePHYRegister               0x08001e7a   Section        0  stm32f4xx_hal_eth.o(i.HAL_ETH_WritePHYRegister)
    i.HAL_GPIO_Init                          0x08001f0c   Section        0  stm32f4xx_hal_gpio.o(i.HAL_GPIO_Init)
    i.HAL_GetTick                            0x080020fc   Section        0  stm32f4xx_hal.o(i.HAL_GetTick)
    i.HAL_IncTick                            0x08002108   Section        0  stm32f4xx_hal.o(i.HAL_IncTick)
    i.HAL_Init                               0x08002120   Section        0  stm32f4xx_hal.o(i.HAL_Init)
    i.HAL_InitTick                           0x0800215c   Section        0  stm32f4xx_hal_timebase_tim.o(i.HAL_InitTick)
    i.HAL_MspInit                            0x080021e8   Section        0  stm32f4xx_hal_msp.o(i.HAL_MspInit)
    i.HAL_NVIC_EnableIRQ                     0x08002230   Section        0  stm32f4xx_hal_cortex.o(i.HAL_NVIC_EnableIRQ)
    i.HAL_NVIC_SetPriority                   0x08002258   Section        0  stm32f4xx_hal_cortex.o(i.HAL_NVIC_SetPriority)
    i.HAL_NVIC_SetPriorityGrouping           0x080022d4   Section        0  stm32f4xx_hal_cortex.o(i.HAL_NVIC_SetPriorityGrouping)
    i.HAL_RCC_ClockConfig                    0x080022fc   Section        0  stm32f4xx_hal_rcc.o(i.HAL_RCC_ClockConfig)
    i.HAL_RCC_GetClockConfig                 0x08002480   Section        0  stm32f4xx_hal_rcc.o(i.HAL_RCC_GetClockConfig)
    i.HAL_RCC_GetHCLKFreq                    0x080024c4   Section        0  stm32f4xx_hal_rcc.o(i.HAL_RCC_GetHCLKFreq)
    i.HAL_RCC_GetPCLK1Freq                   0x080024d0   Section        0  stm32f4xx_hal_rcc.o(i.HAL_RCC_GetPCLK1Freq)
    i.HAL_RCC_GetSysClockFreq                0x080024f0   Section        0  stm32f4xx_hal_rcc.o(i.HAL_RCC_GetSysClockFreq)
    i.HAL_RCC_OscConfig                      0x080025a0   Section        0  stm32f4xx_hal_rcc.o(i.HAL_RCC_OscConfig)
    i.HAL_TIMEx_BreakCallback                0x08002a3c   Section        0  stm32f4xx_hal_tim_ex.o(i.HAL_TIMEx_BreakCallback)
    i.HAL_TIMEx_CommutCallback               0x08002a3e   Section        0  stm32f4xx_hal_tim_ex.o(i.HAL_TIMEx_CommutCallback)
    i.HAL_TIM_Base_Init                      0x08002a40   Section        0  stm32f4xx_hal_tim.o(i.HAL_TIM_Base_Init)
    i.HAL_TIM_Base_MspInit                   0x08002aa6   Section        0  stm32f4xx_hal_tim.o(i.HAL_TIM_Base_MspInit)
    i.HAL_TIM_Base_Start_IT                  0x08002aa8   Section        0  stm32f4xx_hal_tim.o(i.HAL_TIM_Base_Start_IT)
    i.HAL_TIM_IC_CaptureCallback             0x08002b50   Section        0  stm32f4xx_hal_tim.o(i.HAL_TIM_IC_CaptureCallback)
    i.HAL_TIM_IRQHandler                     0x08002b52   Section        0  stm32f4xx_hal_tim.o(i.HAL_TIM_IRQHandler)
    i.HAL_TIM_OC_DelayElapsedCallback        0x08002ce8   Section        0  stm32f4xx_hal_tim.o(i.HAL_TIM_OC_DelayElapsedCallback)
    i.HAL_TIM_PWM_PulseFinishedCallback      0x08002cea   Section        0  stm32f4xx_hal_tim.o(i.HAL_TIM_PWM_PulseFinishedCallback)
    i.HAL_TIM_PeriodElapsedCallback          0x08002cec   Section        0  main.o(i.HAL_TIM_PeriodElapsedCallback)
    i.HAL_TIM_TriggerCallback                0x08002d04   Section        0  stm32f4xx_hal_tim.o(i.HAL_TIM_TriggerCallback)
    i.HardFault_Handler                      0x08002d06   Section        0  stm32f4xx_it.o(i.HardFault_Handler)
    i.MX_ETH_Init                            0x08002d0c   Section        0  main.o(i.MX_ETH_Init)
    MX_ETH_Init                              0x08002d0d   Thumb Code    80  main.o(i.MX_ETH_Init)
    i.MX_GPIO_Init                           0x08002d74   Section        0  main.o(i.MX_GPIO_Init)
    MX_GPIO_Init                             0x08002d75   Thumb Code   126  main.o(i.MX_GPIO_Init)
    i.MemManage_Handler                      0x08002df8   Section        0  stm32f4xx_it.o(i.MemManage_Handler)
    i.NMI_Handler                            0x08002dfc   Section        0  stm32f4xx_it.o(i.NMI_Handler)
    i.SystemClock_Config                     0x08002e00   Section        0  main.o(i.SystemClock_Config)
    i.SystemInit                             0x08002eb4   Section        0  system_stm32f4xx.o(i.SystemInit)
    i.TIM8_TRG_COM_TIM14_IRQHandler          0x08002ec8   Section        0  stm32f4xx_it.o(i.TIM8_TRG_COM_TIM14_IRQHandler)
    i.TIM_Base_SetConfig                     0x08002ed8   Section        0  stm32f4xx_hal_tim.o(i.TIM_Base_SetConfig)
    i.UsageFault_Handler                     0x08002fb0   Section        0  stm32f4xx_it.o(i.UsageFault_Handler)
    i.__NVIC_GetPriorityGrouping             0x08002fb4   Section        0  stm32f4xx_hal_cortex.o(i.__NVIC_GetPriorityGrouping)
    __NVIC_GetPriorityGrouping               0x08002fb5   Thumb Code    10  stm32f4xx_hal_cortex.o(i.__NVIC_GetPriorityGrouping)
    i.__NVIC_SetPriority                     0x08002fc4   Section        0  stm32f4xx_hal_cortex.o(i.__NVIC_SetPriority)
    __NVIC_SetPriority                       0x08002fc5   Thumb Code    32  stm32f4xx_hal_cortex.o(i.__NVIC_SetPriority)
    i._mutex_acquire                         0x08002fec   Section        0  rtx_lib.o(i._mutex_acquire)
    __tagsym$$used                           0x08002fed   Number         0  rtx_lib.o(i._mutex_acquire)
    i._mutex_free                            0x08003002   Section        0  rtx_lib.o(i._mutex_free)
    __tagsym$$used                           0x08003003   Number         0  rtx_lib.o(i._mutex_free)
    i._mutex_initialize                      0x0800300e   Section        0  rtx_lib.o(i._mutex_initialize)
    __tagsym$$used                           0x0800300f   Number         0  rtx_lib.o(i._mutex_initialize)
    i._mutex_release                         0x08003030   Section        0  rtx_lib.o(i._mutex_release)
    __tagsym$$used                           0x08003031   Number         0  rtx_lib.o(i._mutex_release)
    i._platform_post_stackheap_init          0x08003042   Section        0  rtx_lib.o(i._platform_post_stackheap_init)
    i.main                                   0x0800304a   Section        0  main.o(i.main)
    i.osRtxErrorNotify                       0x0800305e   Section        0  rtx_config.o(i.osRtxErrorNotify)
    i.os_kernel_is_active                    0x08003080   Section        0  rtx_lib.o(i.os_kernel_is_active)
    os_kernel_is_active                      0x08003081   Thumb Code    28  rtx_lib.o(i.os_kernel_is_active)
    x$fpl$fpinit                             0x080030a0   Section       10  fpinit.o(x$fpl$fpinit)
    $v0                                      0x080030a0   Number         0  fpinit.o(x$fpl$fpinit)
    .constdata                               0x080030ac   Section      104  rtx_lib.o(.constdata)
    os_idle_thread_attr                      0x080030ac   Data          36  rtx_lib.o(.constdata)
    os_timer_thread_attr                     0x080030d0   Data          36  rtx_lib.o(.constdata)
    os_timer_mq_attr                         0x080030f4   Data          24  rtx_lib.o(.constdata)
    .constdata                               0x08003114   Section       24  system_stm32f4xx.o(.constdata)
    .rodata                                  0x0800312c   Section      168  rtx_lib.o(.rodata)
    __tagsym$$used                           0x0800312c   Number         0  rtx_lib.o(.rodata)
    __tagsym$$used                           0x0800319c   Number         0  rtx_lib.o(.rodata)
    [Anonymous Symbol]                       0x080031d8   Section        0  rtx_kernel.o(.rodata.str1.4)
    .bss.os                                  0x20000000   Section    32832  rtx_lib.o(.bss.os)
    os_mem                                   0x20000000   Data       32768  rtx_lib.o(.bss.os)
    os_isr_queue                             0x20008000   Data          64  rtx_lib.o(.bss.os)
    .bss.os.msgqueue.cb                      0x20008040   Section       52  rtx_lib.o(.bss.os.msgqueue.cb)
    os_timer_mq_cb                           0x20008040   Data          52  rtx_lib.o(.bss.os.msgqueue.cb)
    .bss.os.msgqueue.mem                     0x20008074   Section       80  rtx_lib.o(.bss.os.msgqueue.mem)
    os_timer_mq_data                         0x20008074   Data          80  rtx_lib.o(.bss.os.msgqueue.mem)
    .bss.os.thread.cb                        0x200080c4   Section      136  rtx_lib.o(.bss.os.thread.cb)
    os_idle_thread_cb                        0x200080c4   Data          68  rtx_lib.o(.bss.os.thread.cb)
    os_timer_thread_cb                       0x20008108   Data          68  rtx_lib.o(.bss.os.thread.cb)
    .bss.os.thread.idle.stack                0x20008150   Section      512  rtx_lib.o(.bss.os.thread.idle.stack)
    os_idle_thread_stack                     0x20008150   Data         512  rtx_lib.o(.bss.os.thread.idle.stack)
    .bss.os.thread.timer.stack               0x20008350   Section      512  rtx_lib.o(.bss.os.thread.timer.stack)
    os_timer_thread_stack                    0x20008350   Data         512  rtx_lib.o(.bss.os.thread.timer.stack)
    .data                                    0x20008550   Section       12  main.o(.data)
    MACAddr                                  0x20008556   Data           6  main.o(.data)
    .data                                    0x2000855c   Section        1  rtx_lib.o(.data)
    os_kernel_active                         0x2000855c   Data           1  rtx_lib.o(.data)
    .data                                    0x20008560   Section        9  stm32f4xx_hal.o(.data)
    .data                                    0x2000856c   Section        4  system_stm32f4xx.o(.data)
    .bss                                     0x20008614   Section      136  main.o(.bss)
    .bss                                     0x2000869c   Section     9420  emac_stm32f4xx.o(.bss)
    Emac                                     0x2000869c   Data          12  emac_stm32f4xx.o(.bss)
    rx_desc                                  0x200086a8   Data         128  emac_stm32f4xx.o(.bss)
    tx_desc                                  0x20008728   Data          64  emac_stm32f4xx.o(.bss)
    rx_buf                                   0x20008768   Data        6144  emac_stm32f4xx.o(.bss)
    tx_buf                                   0x20009f68   Data        3072  emac_stm32f4xx.o(.bss)
    .bss                                     0x2000ab68   Section       72  stm32f4xx_hal_timebase_tim.o(.bss)
    .bss                                     0x2000abb0   Section       96  libspace.o(.bss)
    HEAP                                     0x2000ac10   Section      512  startup_stm32f407xx.o(HEAP)
    Heap_Mem                                 0x2000ac10   Data         512  startup_stm32f407xx.o(HEAP)
    STACK                                    0x2000ae10   Section     1024  startup_stm32f407xx.o(STACK)
    Stack_Mem                                0x2000ae10   Data        1024  startup_stm32f407xx.o(STACK)
    __initial_sp                             0x2000b210   Data           0  startup_stm32f407xx.o(STACK)
    FPCCR                                    0xe000ef34   Number         0  irq_armv7m.o ABSOLUTE

    Global Symbols

    Symbol Name                              Value     Ov Type        Size  Object(Section)

    BuildAttributes$$THM_ISAv4$E$P$D$K$B$S$7EM$VFPi3$EXTD16$VFPS$VFMA$PE$A:L22UL41UL21$X:L11$S22US41US21$IEEE1$IW$~IW$USESV6$~STKCKD$USESV7$~SHL$OSPACE$ROPI$EBA8$UX$STANDARDLIB$REQ8$PRES8$EABIv2 0x00000000   Number         0  anon$$obj.o ABSOLUTE
    __ARM_use_no_argv                        0x00000000   Number         0  main.o ABSOLUTE
    .bss.os.evflags.cb$$Base                  - Undefined Weak Reference
    .bss.os.evflags.cb$$Limit                 - Undefined Weak Reference
    .bss.os.mempool.cb$$Base                  - Undefined Weak Reference
    .bss.os.mempool.cb$$Limit                 - Undefined Weak Reference
    .bss.os.mutex.cb$$Base                    - Undefined Weak Reference
    .bss.os.mutex.cb$$Limit                   - Undefined Weak Reference
    .bss.os.semaphore.cb$$Base                - Undefined Weak Reference
    .bss.os.semaphore.cb$$Limit               - Undefined Weak Reference
    .bss.os.timer.cb$$Base                    - Undefined Weak Reference
    .bss.os.timer.cb$$Limit                   - Undefined Weak Reference
    __ARM_exceptions_init                     - Undefined Weak Reference
    __alloca_initialize                       - Undefined Weak Reference
    __arm_fini_                               - Undefined Weak Reference
    __arm_preinit_                            - Undefined Weak Reference
    __cpp_initialize__aeabi_                  - Undefined Weak Reference
    __cxa_finalize                            - Undefined Weak Reference
    __rt_locale                               - Undefined Weak Reference
    __sigvec_lookup                           - Undefined Weak Reference
    _atexit_init                              - Undefined Weak Reference
    _call_atexit_fns                          - Undefined Weak Reference
    _clock_init                               - Undefined Weak Reference
    _fp_trap_init                             - Undefined Weak Reference
    _fp_trap_shutdown                         - Undefined Weak Reference
    _get_lc_collate                           - Undefined Weak Reference
    _get_lc_ctype                             - Undefined Weak Reference
    _get_lc_monetary                          - Undefined Weak Reference
    _get_lc_numeric                           - Undefined Weak Reference
    _get_lc_time                              - Undefined Weak Reference
    _getenv_init                              - Undefined Weak Reference
    _handle_redirection                       - Undefined Weak Reference
    _init_alloc                               - Undefined Weak Reference
    _init_user_alloc                          - Undefined Weak Reference
    _initio                                   - Undefined Weak Reference
    _rand_init                                - Undefined Weak Reference
    _signal_finish                            - Undefined Weak Reference
    _signal_init                              - Undefined Weak Reference
    _terminate_alloc                          - Undefined Weak Reference
    _terminate_user_alloc                     - Undefined Weak Reference
    _terminateio                              - Undefined Weak Reference
    __Vectors_Size                           0x00000188   Number         0  startup_stm32f407xx.o ABSOLUTE
    __Vectors                                0x08000000   Data           4  startup_stm32f407xx.o(RESET)
    __Vectors_End                            0x08000188   Data           0  startup_stm32f407xx.o(RESET)
    __main                                   0x08000189   Thumb Code     8  __main.o(!!!main)
    __scatterload                            0x08000191   Thumb Code     0  __scatter.o(!!!scatter)
    __scatterload_rt2                        0x08000191   Thumb Code    44  __scatter.o(!!!scatter)
    __scatterload_rt2_thumb_only             0x08000191   Thumb Code     0  __scatter.o(!!!scatter)
    __scatterload_null                       0x0800019f   Thumb Code     0  __scatter.o(!!!scatter)
    __decompress                             0x080001c5   Thumb Code    58  __dczerorl.o(!!dczerorl)
    __decompress0                            0x080001c5   Thumb Code     0  __dczerorl.o(!!dczerorl)
    __scatterload_zeroinit                   0x08000201   Thumb Code    28  __scatter_zi.o(!!handler_zi)
    __rt_lib_init                            0x0800021d   Thumb Code     0  libinit.o(.ARM.Collect$$libinit$$00000000)
    __rt_lib_init_fp_1                       0x0800021f   Thumb Code     0  libinit2.o(.ARM.Collect$$libinit$$00000001)
    __rt_lib_init_alloca_1                   0x08000223   Thumb Code     0  libinit2.o(.ARM.Collect$$libinit$$0000002E)
    __rt_lib_init_argv_1                     0x08000223   Thumb Code     0  libinit2.o(.ARM.Collect$$libinit$$0000002C)
    __rt_lib_init_atexit_1                   0x08000223   Thumb Code     0  libinit2.o(.ARM.Collect$$libinit$$0000001B)
    __rt_lib_init_clock_1                    0x08000223   Thumb Code     0  libinit2.o(.ARM.Collect$$libinit$$00000021)
    __rt_lib_init_cpp_1                      0x08000223   Thumb Code     0  libinit2.o(.ARM.Collect$$libinit$$00000032)
    __rt_lib_init_exceptions_1               0x08000223   Thumb Code     0  libinit2.o(.ARM.Collect$$libinit$$00000030)
    __rt_lib_init_fp_trap_1                  0x08000223   Thumb Code     0  libinit2.o(.ARM.Collect$$libinit$$0000001F)
    __rt_lib_init_getenv_1                   0x08000223   Thumb Code     0  libinit2.o(.ARM.Collect$$libinit$$00000023)
    __rt_lib_init_heap_1                     0x08000223   Thumb Code     0  libinit2.o(.ARM.Collect$$libinit$$0000000A)
    __rt_lib_init_lc_collate_1               0x08000223   Thumb Code     0  libinit2.o(.ARM.Collect$$libinit$$00000011)
    __rt_lib_init_lc_ctype_1                 0x08000223   Thumb Code     0  libinit2.o(.ARM.Collect$$libinit$$00000013)
    __rt_lib_init_lc_monetary_1              0x08000223   Thumb Code     0  libinit2.o(.ARM.Collect$$libinit$$00000015)
    __rt_lib_init_lc_numeric_1               0x08000223   Thumb Code     0  libinit2.o(.ARM.Collect$$libinit$$00000017)
    __rt_lib_init_lc_time_1                  0x08000223   Thumb Code     0  libinit2.o(.ARM.Collect$$libinit$$00000019)
    __rt_lib_init_preinit_1                  0x08000223   Thumb Code     0  libinit2.o(.ARM.Collect$$libinit$$00000004)
    __rt_lib_init_rand_1                     0x08000223   Thumb Code     0  libinit2.o(.ARM.Collect$$libinit$$0000000E)
    __rt_lib_init_return                     0x08000223   Thumb Code     0  libinit2.o(.ARM.Collect$$libinit$$00000033)
    __rt_lib_init_signal_1                   0x08000223   Thumb Code     0  libinit2.o(.ARM.Collect$$libinit$$0000001D)
    __rt_lib_init_stdio_1                    0x08000223   Thumb Code     0  libinit2.o(.ARM.Collect$$libinit$$00000025)
    __rt_lib_init_user_alloc_1               0x08000223   Thumb Code     0  libinit2.o(.ARM.Collect$$libinit$$0000000C)
    __rt_lib_shutdown                        0x08000225   Thumb Code     0  libshutdown.o(.ARM.Collect$$libshutdown$$00000000)
    __rt_lib_shutdown_cpp_1                  0x08000227   Thumb Code     0  libshutdown2.o(.ARM.Collect$$libshutdown$$00000004)
    __rt_lib_shutdown_fini_1                 0x08000227   Thumb Code     0  libshutdown2.o(.ARM.Collect$$libshutdown$$00000002)
    __rt_lib_shutdown_fp_trap_1              0x08000227   Thumb Code     0  libshutdown2.o(.ARM.Collect$$libshutdown$$00000009)
    __rt_lib_shutdown_heap_1                 0x08000227   Thumb Code     0  libshutdown2.o(.ARM.Collect$$libshutdown$$00000011)
    __rt_lib_shutdown_return                 0x08000227   Thumb Code     0  libshutdown2.o(.ARM.Collect$$libshutdown$$00000012)
    __rt_lib_shutdown_signal_1               0x08000227   Thumb Code     0  libshutdown2.o(.ARM.Collect$$libshutdown$$0000000C)
    __rt_lib_shutdown_stdio_1                0x08000227   Thumb Code     0  libshutdown2.o(.ARM.Collect$$libshutdown$$00000006)
    __rt_lib_shutdown_user_alloc_1           0x08000227   Thumb Code     0  libshutdown2.o(.ARM.Collect$$libshutdown$$0000000E)
    __rt_entry                               0x08000229   Thumb Code     0  __rtentry.o(.ARM.Collect$$rtentry$$00000000)
    __rt_entry_presh_1                       0x08000229   Thumb Code     0  __rtentry2.o(.ARM.Collect$$rtentry$$00000002)
    __rt_entry_sh                            0x08000229   Thumb Code     0  __rtentry4.o(.ARM.Collect$$rtentry$$00000004)
    __rt_entry_postsh_1                      0x0800022f   Thumb Code     0  __rtentry2.o(.ARM.Collect$$rtentry$$00000008)
    __rt_entry_li                            0x08000237   Thumb Code     0  __rtentry2.o(.ARM.Collect$$rtentry$$0000000A)
    __rt_entry_main                          0x0800023b   Thumb Code     0  __rtentry2.o(.ARM.Collect$$rtentry$$0000000D)
    __rt_entry_postli_1                      0x0800023b   Thumb Code     0  __rtentry2.o(.ARM.Collect$$rtentry$$0000000C)
    __rt_exit                                0x08000243   Thumb Code     0  rtexit.o(.ARM.Collect$$rtexit$$00000000)
    __rt_exit_ls                             0x08000245   Thumb Code     0  rtexit2.o(.ARM.Collect$$rtexit$$00000003)
    __rt_exit_prels_1                        0x08000245   Thumb Code     0  rtexit2.o(.ARM.Collect$$rtexit$$00000002)
    __rt_exit_exit                           0x08000249   Thumb Code     0  rtexit2.o(.ARM.Collect$$rtexit$$00000004)
    Reset_Handler                            0x08000251   Thumb Code     8  startup_stm32f407xx.o(.text)
    ADC_IRQHandler                           0x0800026b   Thumb Code     0  startup_stm32f407xx.o(.text)
    CAN1_RX0_IRQHandler                      0x0800026b   Thumb Code     0  startup_stm32f407xx.o(.text)
    CAN1_RX1_IRQHandler                      0x0800026b   Thumb Code     0  startup_stm32f407xx.o(.text)
    CAN1_SCE_IRQHandler                      0x0800026b   Thumb Code     0  startup_stm32f407xx.o(.text)
    CAN1_TX_IRQHandler                       0x0800026b   Thumb Code     0  startup_stm32f407xx.o(.text)
    CAN2_RX0_IRQHandler                      0x0800026b   Thumb Code     0  startup_stm32f407xx.o(.text)
    CAN2_RX1_IRQHandler                      0x0800026b   Thumb Code     0  startup_stm32f407xx.o(.text)
    CAN2_SCE_IRQHandler                      0x0800026b   Thumb Code     0  startup_stm32f407xx.o(.text)
    CAN2_TX_IRQHandler                       0x0800026b   Thumb Code     0  startup_stm32f407xx.o(.text)
    DCMI_IRQHandler                          0x0800026b   Thumb Code     0  startup_stm32f407xx.o(.text)
    DMA1_Stream0_IRQHandler                  0x0800026b   Thumb Code     0  startup_stm32f407xx.o(.text)
    DMA1_Stream1_IRQHandler                  0x0800026b   Thumb Code     0  startup_stm32f407xx.o(.text)
    DMA1_Stream2_IRQHandler                  0x0800026b   Thumb Code     0  startup_stm32f407xx.o(.text)
    DMA1_Stream3_IRQHandler                  0x0800026b   Thumb Code     0  startup_stm32f407xx.o(.text)
    DMA1_Stream4_IRQHandler                  0x0800026b   Thumb Code     0  startup_stm32f407xx.o(.text)
    DMA1_Stream5_IRQHandler                  0x0800026b   Thumb Code     0  startup_stm32f407xx.o(.text)
    DMA1_Stream6_IRQHandler                  0x0800026b   Thumb Code     0  startup_stm32f407xx.o(.text)
    DMA1_Stream7_IRQHandler                  0x0800026b   Thumb Code     0  startup_stm32f407xx.o(.text)
    DMA2_Stream0_IRQHandler                  0x0800026b   Thumb Code     0  startup_stm32f407xx.o(.text)
    DMA2_Stream1_IRQHandler                  0x0800026b   Thumb Code     0  startup_stm32f407xx.o(.text)
    DMA2_Stream2_IRQHandler                  0x0800026b   Thumb Code     0  startup_stm32f407xx.o(.text)
    DMA2_Stream3_IRQHandler                  0x0800026b   Thumb Code     0  startup_stm32f407xx.o(.text)
    DMA2_Stream4_IRQHandler                  0x0800026b   Thumb Code     0  startup_stm32f407xx.o(.text)
    DMA2_Stream5_IRQHandler                  0x0800026b   Thumb Code     0  startup_stm32f407xx.o(.text)
    DMA2_Stream6_IRQHandler                  0x0800026b   Thumb Code     0  startup_stm32f407xx.o(.text)
    DMA2_Stream7_IRQHandler                  0x0800026b   Thumb Code     0  startup_stm32f407xx.o(.text)
    ETH_WKUP_IRQHandler                      0x0800026b   Thumb Code     0  startup_stm32f407xx.o(.text)
    EXTI0_IRQHandler                         0x0800026b   Thumb Code     0  startup_stm32f407xx.o(.text)
    EXTI15_10_IRQHandler                     0x0800026b   Thumb Code     0  startup_stm32f407xx.o(.text)
    EXTI1_IRQHandler                         0x0800026b   Thumb Code     0  startup_stm32f407xx.o(.text)
    EXTI2_IRQHandler                         0x0800026b   Thumb Code     0  startup_stm32f407xx.o(.text)
    EXTI3_IRQHandler                         0x0800026b   Thumb Code     0  startup_stm32f407xx.o(.text)
    EXTI4_IRQHandler                         0x0800026b   Thumb Code     0  startup_stm32f407xx.o(.text)
    EXTI9_5_IRQHandler                       0x0800026b   Thumb Code     0  startup_stm32f407xx.o(.text)
    FLASH_IRQHandler                         0x0800026b   Thumb Code     0  startup_stm32f407xx.o(.text)
    FMC_IRQHandler                           0x0800026b   Thumb Code     0  startup_stm32f407xx.o(.text)
    FPU_IRQHandler                           0x0800026b   Thumb Code     0  startup_stm32f407xx.o(.text)
    HASH_RNG_IRQHandler                      0x0800026b   Thumb Code     0  startup_stm32f407xx.o(.text)
    I2C1_ER_IRQHandler                       0x0800026b   Thumb Code     0  startup_stm32f407xx.o(.text)
    I2C1_EV_IRQHandler                       0x0800026b   Thumb Code     0  startup_stm32f407xx.o(.text)
    I2C2_ER_IRQHandler                       0x0800026b   Thumb Code     0  startup_stm32f407xx.o(.text)
    I2C2_EV_IRQHandler                       0x0800026b   Thumb Code     0  startup_stm32f407xx.o(.text)
    I2C3_ER_IRQHandler                       0x0800026b   Thumb Code     0  startup_stm32f407xx.o(.text)
    I2C3_EV_IRQHandler                       0x0800026b   Thumb Code     0  startup_stm32f407xx.o(.text)
    OTG_FS_IRQHandler                        0x0800026b   Thumb Code     0  startup_stm32f407xx.o(.text)
    OTG_FS_WKUP_IRQHandler                   0x0800026b   Thumb Code     0  startup_stm32f407xx.o(.text)
    OTG_HS_EP1_IN_IRQHandler                 0x0800026b   Thumb Code     0  startup_stm32f407xx.o(.text)
    OTG_HS_EP1_OUT_IRQHandler                0x0800026b   Thumb Code     0  startup_stm32f407xx.o(.text)
    OTG_HS_IRQHandler                        0x0800026b   Thumb Code     0  startup_stm32f407xx.o(.text)
    OTG_HS_WKUP_IRQHandler                   0x0800026b   Thumb Code     0  startup_stm32f407xx.o(.text)
    PVD_IRQHandler                           0x0800026b   Thumb Code     0  startup_stm32f407xx.o(.text)
    RCC_IRQHandler                           0x0800026b   Thumb Code     0  startup_stm32f407xx.o(.text)
    RTC_Alarm_IRQHandler                     0x0800026b   Thumb Code     0  startup_stm32f407xx.o(.text)
    RTC_WKUP_IRQHandler                      0x0800026b   Thumb Code     0  startup_stm32f407xx.o(.text)
    SDIO_IRQHandler                          0x0800026b   Thumb Code     0  startup_stm32f407xx.o(.text)
    SPI1_IRQHandler                          0x0800026b   Thumb Code     0  startup_stm32f407xx.o(.text)
    SPI2_IRQHandler                          0x0800026b   Thumb Code     0  startup_stm32f407xx.o(.text)
    SPI3_IRQHandler                          0x0800026b   Thumb Code     0  startup_stm32f407xx.o(.text)
    TAMP_STAMP_IRQHandler                    0x0800026b   Thumb Code     0  startup_stm32f407xx.o(.text)
    TIM1_BRK_TIM9_IRQHandler                 0x0800026b   Thumb Code     0  startup_stm32f407xx.o(.text)
    TIM1_CC_IRQHandler                       0x0800026b   Thumb Code     0  startup_stm32f407xx.o(.text)
    TIM1_TRG_COM_TIM11_IRQHandler            0x0800026b   Thumb Code     0  startup_stm32f407xx.o(.text)
    TIM1_UP_TIM10_IRQHandler                 0x0800026b   Thumb Code     0  startup_stm32f407xx.o(.text)
    TIM2_IRQHandler                          0x0800026b   Thumb Code     0  startup_stm32f407xx.o(.text)
    TIM3_IRQHandler                          0x0800026b   Thumb Code     0  startup_stm32f407xx.o(.text)
    TIM4_IRQHandler                          0x0800026b   Thumb Code     0  startup_stm32f407xx.o(.text)
    TIM5_IRQHandler                          0x0800026b   Thumb Code     0  startup_stm32f407xx.o(.text)
    TIM6_DAC_IRQHandler                      0x0800026b   Thumb Code     0  startup_stm32f407xx.o(.text)
    TIM7_IRQHandler                          0x0800026b   Thumb Code     0  startup_stm32f407xx.o(.text)
    TIM8_BRK_TIM12_IRQHandler                0x0800026b   Thumb Code     0  startup_stm32f407xx.o(.text)
    TIM8_CC_IRQHandler                       0x0800026b   Thumb Code     0  startup_stm32f407xx.o(.text)
    TIM8_UP_TIM13_IRQHandler                 0x0800026b   Thumb Code     0  startup_stm32f407xx.o(.text)
    UART4_IRQHandler                         0x0800026b   Thumb Code     0  startup_stm32f407xx.o(.text)
    UART5_IRQHandler                         0x0800026b   Thumb Code     0  startup_stm32f407xx.o(.text)
    USART1_IRQHandler                        0x0800026b   Thumb Code     0  startup_stm32f407xx.o(.text)
    USART2_IRQHandler                        0x0800026b   Thumb Code     0  startup_stm32f407xx.o(.text)
    USART3_IRQHandler                        0x0800026b   Thumb Code     0  startup_stm32f407xx.o(.text)
    USART6_IRQHandler                        0x0800026b   Thumb Code     0  startup_stm32f407xx.o(.text)
    WWDG_IRQHandler                          0x0800026b   Thumb Code     0  startup_stm32f407xx.o(.text)
    __user_initial_stackheap                 0x0800026d   Thumb Code     0  startup_stm32f407xx.o(.text)
    SVC_Handler                              0x08000291   Thumb Code   154  irq_armv7m.o(.text)
    PendSV_Handler                           0x0800032b   Thumb Code    16  irq_armv7m.o(.text)
    SysTick_Handler                          0x0800033b   Thumb Code    16  irq_armv7m.o(.text)
    __aeabi_uldivmod                         0x08000359   Thumb Code     0  lludivv7m.o(.text)
    _ll_udiv                                 0x08000359   Thumb Code   238  lludivv7m.o(.text)
    __aeabi_memcpy                           0x08000447   Thumb Code     0  rt_memcpy_v6.o(.text)
    __rt_memcpy                              0x08000447   Thumb Code   138  rt_memcpy_v6.o(.text)
    _memcpy_lastbytes                        0x080004ad   Thumb Code     0  rt_memcpy_v6.o(.text)
    __aeabi_memclr                           0x080004d1   Thumb Code     0  rt_memclr.o(.text)
    __rt_memclr                              0x080004d1   Thumb Code    68  rt_memclr.o(.text)
    _memset                                  0x080004d5   Thumb Code     0  rt_memclr.o(.text)
    __aeabi_memclr4                          0x08000515   Thumb Code     0  rt_memclr_w.o(.text)
    __aeabi_memclr8                          0x08000515   Thumb Code     0  rt_memclr_w.o(.text)
    __rt_memclr_w                            0x08000515   Thumb Code    78  rt_memclr_w.o(.text)
    _memset_w                                0x08000519   Thumb Code     0  rt_memclr_w.o(.text)
    __use_two_region_memory                  0x08000563   Thumb Code     2  heapauxi.o(.text)
    __rt_heap_escrow$2region                 0x08000565   Thumb Code     2  heapauxi.o(.text)
    __rt_heap_expand$2region                 0x08000567   Thumb Code     2  heapauxi.o(.text)
    __aeabi_memcpy4                          0x08000569   Thumb Code     0  rt_memcpy_w.o(.text)
    __aeabi_memcpy8                          0x08000569   Thumb Code     0  rt_memcpy_w.o(.text)
    __rt_memcpy_w                            0x08000569   Thumb Code   100  rt_memcpy_w.o(.text)
    _memcpy_lastbytes_aligned                0x080005b1   Thumb Code     0  rt_memcpy_w.o(.text)
    __user_setup_stackheap                   0x080005cd   Thumb Code    74  sys_stackheap_outer.o(.text)
    exit                                     0x08000617   Thumb Code    18  exit.o(.text)
    __user_libspace                          0x08000629   Thumb Code     8  libspace.o(.text)
    __user_perproc_libspace                  0x08000629   Thumb Code     0  libspace.o(.text)
    _sys_exit                                0x08000631   Thumb Code     8  sys_exit.o(.text)
    __I$use$semihosting                      0x0800063d   Thumb Code     0  use_no_semi.o(.text)
    __use_no_semihosting_swi                 0x0800063d   Thumb Code     2  use_no_semi.o(.text)
    __semihosting_library_function           0x0800063f   Thumb Code     0  indicate_semi.o(.text)
    OS_Tick_AcknowledgeIRQ                   0x080006f5   Thumb Code     8  os_systick.o(.text.OS_Tick_AcknowledgeIRQ)
    osKernelGetState                         0x08000761   Thumb Code    40  rtx_kernel.o(.text.osKernelGetState)
    osKernelInitialize                       0x08000791   Thumb Code    40  rtx_kernel.o(.text.osKernelInitialize)
    osMessageQueueGet                        0x080007bd   Thumb Code   108  rtx_msgqueue.o(.text.osMessageQueueGet)
    osMessageQueuePut                        0x0800082d   Thumb Code   124  rtx_msgqueue.o(.text.osMessageQueuePut)
    osMutexAcquire                           0x080008ad   Thumb Code    32  rtx_mutex.o(.text.osMutexAcquire)
    osMutexDelete                            0x080008d1   Thumb Code    32  rtx_mutex.o(.text.osMutexDelete)
    osMutexNew                               0x080008f5   Thumb Code    32  rtx_mutex.o(.text.osMutexNew)
    osMutexRelease                           0x08000919   Thumb Code    32  rtx_mutex.o(.text.osMutexRelease)
    osRtxKernelErrorNotify                   0x0800093d   Thumb Code     4  rtx_kernel.o(.text.osRtxKernelErrorNotify)
    osRtxKernelPreInit                       0x08000941   Thumb Code     2  rtx_kernel.o(.text.osRtxKernelPreInit)
    osRtxMemoryAlloc                         0x08000943   Thumb Code   108  rtx_memory.o(.text.osRtxMemoryAlloc)
    osRtxMemoryFree                          0x080009af   Thumb Code    66  rtx_memory.o(.text.osRtxMemoryFree)
    osRtxMemoryInit                          0x080009f1   Thumb Code    54  rtx_memory.o(.text.osRtxMemoryInit)
    osRtxMemoryPoolAlloc                     0x08000a27   Thumb Code    58  rtx_mempool.o(.text.osRtxMemoryPoolAlloc)
    osRtxMemoryPoolFree                      0x08000a61   Thumb Code    74  rtx_mempool.o(.text.osRtxMemoryPoolFree)
    osRtxMemoryPoolInit                      0x08000aab   Thumb Code    56  rtx_mempool.o(.text.osRtxMemoryPoolInit)
    osRtxMessageQueueTimerSetup              0x08000b8d   Thumb Code    32  rtx_msgqueue.o(.text.osRtxMessageQueueTimerSetup)
    osRtxMutexOwnerRestore                   0x08000bb5   Thumb Code    66  rtx_mutex.o(.text.osRtxMutexOwnerRestore)
    osRtxPendSV_Handler                      0x08000bf9   Thumb Code   136  rtx_system.o(.text.osRtxPendSV_Handler)
    osRtxPostProcess                         0x08000c85   Thumb Code   108  rtx_system.o(.text.osRtxPostProcess)
    osRtxThreadDelayTick                     0x08000df1   Thumb Code    72  rtx_thread.o(.text.osRtxThreadDelayTick)
    osRtxThreadDispatch                      0x08000e3d   Thumb Code    80  rtx_thread.o(.text.osRtxThreadDispatch)
    osRtxThreadListGet                       0x08000e91   Thumb Code    18  rtx_thread.o(.text.osRtxThreadListGet)
    osRtxThreadListPut                       0x08000ea3   Thumb Code    44  rtx_thread.o(.text.osRtxThreadListPut)
    osRtxThreadListRemove                    0x08000ecf   Thumb Code    20  rtx_thread.o(.text.osRtxThreadListRemove)
    osRtxThreadListSort                      0x08000eef   Thumb Code    38  rtx_thread.o(.text.osRtxThreadListSort)
    osRtxThreadReadyPut                      0x08000f15   Thumb Code    16  rtx_thread.o(.text.osRtxThreadReadyPut)
    osRtxThreadRegPtr                        0x08000f29   Thumb Code    20  rtx_thread.o(.text.osRtxThreadRegPtr)
    osRtxThreadSwitch                        0x08000f3d   Thumb Code    12  rtx_thread.o(.text.osRtxThreadSwitch)
    osRtxThreadWaitEnter                     0x08000f4d   Thumb Code    56  rtx_thread.o(.text.osRtxThreadWaitEnter)
    osRtxThreadWaitExit                      0x08000f89   Thumb Code    48  rtx_thread.o(.text.osRtxThreadWaitExit)
    osRtxTick_Handler                        0x08000fb9   Thumb Code   116  rtx_system.o(.text.osRtxTick_Handler)
    osRtxTimerSetup                          0x08001031   Thumb Code    24  rtx_timer.o(.text.osRtxTimerSetup)
    osRtxTimerThread                         0x08001051   Thumb Code    32  rtx_timer.o(.text.osRtxTimerThread)
    BusFault_Handler                         0x080016ed   Thumb Code     4  stm32f4xx_it.o(i.BusFault_Handler)
    DebugMon_Handler                         0x080016f1   Thumb Code     2  stm32f4xx_it.o(i.DebugMon_Handler)
    ETH_IRQHandler                           0x080016f5   Thumb Code    72  emac_stm32f4xx.o(i.ETH_IRQHandler)
    Error_Handler                            0x080019c5   Thumb Code     6  main.o(i.Error_Handler)
    HAL_Delay                                0x080019cd   Thumb Code    36  stm32f4xx_hal.o(i.HAL_Delay)
    HAL_ETH_Init                             0x080019f5   Thumb Code   642  stm32f4xx_hal_eth.o(i.HAL_ETH_Init)
    HAL_ETH_MspInit                          0x08001c95   Thumb Code   318  stm32f4xx_hal_msp.o(i.HAL_ETH_MspInit)
    HAL_ETH_ReadPHYRegister                  0x08001de9   Thumb Code   146  stm32f4xx_hal_eth.o(i.HAL_ETH_ReadPHYRegister)
    HAL_ETH_WritePHYRegister                 0x08001e7b   Thumb Code   144  stm32f4xx_hal_eth.o(i.HAL_ETH_WritePHYRegister)
    HAL_GPIO_Init                            0x08001f0d   Thumb Code   452  stm32f4xx_hal_gpio.o(i.HAL_GPIO_Init)
    HAL_GetTick                              0x080020fd   Thumb Code     6  stm32f4xx_hal.o(i.HAL_GetTick)
    HAL_IncTick                              0x08002109   Thumb Code    16  stm32f4xx_hal.o(i.HAL_IncTick)
    HAL_Init                                 0x08002121   Thumb Code    54  stm32f4xx_hal.o(i.HAL_Init)
    HAL_InitTick                             0x0800215d   Thumb Code   122  stm32f4xx_hal_timebase_tim.o(i.HAL_InitTick)
    HAL_MspInit                              0x080021e9   Thumb Code    68  stm32f4xx_hal_msp.o(i.HAL_MspInit)
    HAL_NVIC_EnableIRQ                       0x08002231   Thumb Code    40  stm32f4xx_hal_cortex.o(i.HAL_NVIC_EnableIRQ)
    HAL_NVIC_SetPriority                     0x08002259   Thumb Code   124  stm32f4xx_hal_cortex.o(i.HAL_NVIC_SetPriority)
    HAL_NVIC_SetPriorityGrouping             0x080022d5   Thumb Code    32  stm32f4xx_hal_cortex.o(i.HAL_NVIC_SetPriorityGrouping)
    HAL_RCC_ClockConfig                      0x080022fd   Thumb Code   368  stm32f4xx_hal_rcc.o(i.HAL_RCC_ClockConfig)
    HAL_RCC_GetClockConfig                   0x08002481   Thumb Code    58  stm32f4xx_hal_rcc.o(i.HAL_RCC_GetClockConfig)
    HAL_RCC_GetHCLKFreq                      0x080024c5   Thumb Code     6  stm32f4xx_hal_rcc.o(i.HAL_RCC_GetHCLKFreq)
    HAL_RCC_GetPCLK1Freq                     0x080024d1   Thumb Code    22  stm32f4xx_hal_rcc.o(i.HAL_RCC_GetPCLK1Freq)
    HAL_RCC_GetSysClockFreq                  0x080024f1   Thumb Code   162  stm32f4xx_hal_rcc.o(i.HAL_RCC_GetSysClockFreq)
    HAL_RCC_OscConfig                        0x080025a1   Thumb Code  1172  stm32f4xx_hal_rcc.o(i.HAL_RCC_OscConfig)
    HAL_TIMEx_BreakCallback                  0x08002a3d   Thumb Code     2  stm32f4xx_hal_tim_ex.o(i.HAL_TIMEx_BreakCallback)
    HAL_TIMEx_CommutCallback                 0x08002a3f   Thumb Code     2  stm32f4xx_hal_tim_ex.o(i.HAL_TIMEx_CommutCallback)
    HAL_TIM_Base_Init                        0x08002a41   Thumb Code   102  stm32f4xx_hal_tim.o(i.HAL_TIM_Base_Init)
    HAL_TIM_Base_MspInit                     0x08002aa7   Thumb Code     2  stm32f4xx_hal_tim.o(i.HAL_TIM_Base_MspInit)
    HAL_TIM_Base_Start_IT                    0x08002aa9   Thumb Code   138  stm32f4xx_hal_tim.o(i.HAL_TIM_Base_Start_IT)
    HAL_TIM_IC_CaptureCallback               0x08002b51   Thumb Code     2  stm32f4xx_hal_tim.o(i.HAL_TIM_IC_CaptureCallback)
    HAL_TIM_IRQHandler                       0x08002b53   Thumb Code   406  stm32f4xx_hal_tim.o(i.HAL_TIM_IRQHandler)
    HAL_TIM_OC_DelayElapsedCallback          0x08002ce9   Thumb Code     2  stm32f4xx_hal_tim.o(i.HAL_TIM_OC_DelayElapsedCallback)
    HAL_TIM_PWM_PulseFinishedCallback        0x08002ceb   Thumb Code     2  stm32f4xx_hal_tim.o(i.HAL_TIM_PWM_PulseFinishedCallback)
    HAL_TIM_PeriodElapsedCallback            0x08002ced   Thumb Code    18  main.o(i.HAL_TIM_PeriodElapsedCallback)
    HAL_TIM_TriggerCallback                  0x08002d05   Thumb Code     2  stm32f4xx_hal_tim.o(i.HAL_TIM_TriggerCallback)
    HardFault_Handler                        0x08002d07   Thumb Code     4  stm32f4xx_it.o(i.HardFault_Handler)
    MemManage_Handler                        0x08002df9   Thumb Code     4  stm32f4xx_it.o(i.MemManage_Handler)
    NMI_Handler                              0x08002dfd   Thumb Code     4  stm32f4xx_it.o(i.NMI_Handler)
    SystemClock_Config                       0x08002e01   Thumb Code   170  main.o(i.SystemClock_Config)
    SystemInit                               0x08002eb5   Thumb Code    14  system_stm32f4xx.o(i.SystemInit)
    TIM8_TRG_COM_TIM14_IRQHandler            0x08002ec9   Thumb Code    10  stm32f4xx_it.o(i.TIM8_TRG_COM_TIM14_IRQHandler)
    TIM_Base_SetConfig                       0x08002ed9   Thumb Code   170  stm32f4xx_hal_tim.o(i.TIM_Base_SetConfig)
    UsageFault_Handler                       0x08002fb1   Thumb Code     4  stm32f4xx_it.o(i.UsageFault_Handler)
    _mutex_acquire                           0x08002fed   Thumb Code    22  rtx_lib.o(i._mutex_acquire)
    _mutex_free                              0x08003003   Thumb Code    12  rtx_lib.o(i._mutex_free)
    _mutex_initialize                        0x0800300f   Thumb Code    34  rtx_lib.o(i._mutex_initialize)
    _mutex_release                           0x08003031   Thumb Code    18  rtx_lib.o(i._mutex_release)
    _platform_post_stackheap_init            0x08003043   Thumb Code     8  rtx_lib.o(i._platform_post_stackheap_init)
    main                                     0x0800304b   Thumb Code    20  main.o(i.main)
    osRtxErrorNotify                         0x0800305f   Thumb Code    32  rtx_config.o(i.osRtxErrorNotify)
    _fp_init                                 0x080030a1   Thumb Code    10  fpinit.o(x$fpl$fpinit)
    __fplib_config_fpu_vfp                   0x080030a9   Thumb Code     0  fpinit.o(x$fpl$fpinit)
    __fplib_config_pureend_doubles           0x080030a9   Thumb Code     0  fpinit.o(x$fpl$fpinit)
    irqRtxLibRef                             0x0800310c   Data           4  rtx_lib.o(.constdata)
    osRtxUserSVC                             0x08003110   Data           4  rtx_lib.o(.constdata)
    AHBPrescTable                            0x08003114   Data          16  system_stm32f4xx.o(.constdata)
    APBPrescTable                            0x08003124   Data           8  system_stm32f4xx.o(.constdata)
    osRtxConfig                              0x0800312c   Data         112  rtx_lib.o(.rodata)
    os_cb_sections                           0x0800319c   Data          56  rtx_lib.o(.rodata)
    irqRtxLib                                0x080031d4   Number         0  irq_armv7m.o(.rodata)
    Region$$Table$$Base                      0x080031e4   Number         0  anon$$obj.o(Region$$Table)
    Region$$Table$$Limit                     0x08003204   Number         0  anon$$obj.o(Region$$Table)
    .bss.os.msgqueue.cb$$Base                0x20008040   Number         0  rtx_lib.o(.bss.os.msgqueue.cb)
    .bss.os.msgqueue.cb$$Limit               0x20008074   Number         0  rtx_lib.o(.bss.os.msgqueue.cb)
    .bss.os.thread.cb$$Base                  0x200080c4   Number         0  rtx_lib.o(.bss.os.thread.cb)
    .bss.os.thread.cb$$Limit                 0x2000814c   Number         0  rtx_lib.o(.bss.os.thread.cb)
    TxConfig                                 0x20008550   Data           6  main.o(.data)
    uwTick                                   0x20008560   Data           4  stm32f4xx_hal.o(.data)
    uwTickPrio                               0x20008564   Data           4  stm32f4xx_hal.o(.data)
    uwTickFreq                               0x20008568   Data           1  stm32f4xx_hal.o(.data)
    SystemCoreClock                          0x2000856c   Data           4  system_stm32f4xx.o(.data)
    osRtxInfo                                0x20008570   Data         164  rtx_kernel.o(.data.os)
    DMARxDscrTab                             0x20008614   Data          32  main.o(.bss)
    DMATxDscrTab                             0x20008634   Data          32  main.o(.bss)
    heth                                     0x20008654   Data          72  main.o(.bss)
    htim14                                   0x2000ab68   Data          72  stm32f4xx_hal_timebase_tim.o(.bss)
    __libspace_start                         0x2000abb0   Data          96  libspace.o(.bss)
    __temporary_stack_top$libspace           0x2000ac10   Data           0  libspace.o(.bss)



==============================================================================

Memory Map of the image

  Image Entry point : 0x08000189

  Load Region LR_IROM1 (Base: 0x08000000, Size: 0x0000b818, Max: 0x00080000, ABSOLUTE, COMPRESSED[0x00003324])

    Execution Region ER_IROM1 (Exec base: 0x08000000, Load base: 0x08000000, Size: 0x00003204, Max: 0x00080000, ABSOLUTE)

    Exec Addr    Load Addr    Size         Type   Attr      Idx    E Section Name        Object

    0x08000000   0x08000000   0x00000188   Data   RO         2701    RESET               startup_stm32f407xx.o
    0x08000188   0x08000188   0x00000008   Code   RO         4168  * !!!main             c_w.l(__main.o)
    0x08000190   0x08000190   0x00000034   Code   RO         4338    !!!scatter          c_w.l(__scatter.o)
    0x080001c4   0x080001c4   0x0000003a   Code   RO         4336    !!dczerorl          c_w.l(__dczerorl.o)
    0x080001fe   0x080001fe   0x00000002   PAD
    0x08000200   0x08000200   0x0000001c   Code   RO         4340    !!handler_zi        c_w.l(__scatter_zi.o)
    0x0800021c   0x0800021c   0x00000002   Code   RO         4205    .ARM.Collect$$libinit$$00000000  c_w.l(libinit.o)
    0x0800021e   0x0800021e   0x00000004   Code   RO         4217    .ARM.Collect$$libinit$$00000001  c_w.l(libinit2.o)
    0x08000222   0x08000222   0x00000000   Code   RO         4220    .ARM.Collect$$libinit$$00000004  c_w.l(libinit2.o)
    0x08000222   0x08000222   0x00000000   Code   RO         4223    .ARM.Collect$$libinit$$0000000A  c_w.l(libinit2.o)
    0x08000222   0x08000222   0x00000000   Code   RO         4225    .ARM.Collect$$libinit$$0000000C  c_w.l(libinit2.o)
    0x08000222   0x08000222   0x00000000   Code   RO         4227    .ARM.Collect$$libinit$$0000000E  c_w.l(libinit2.o)
    0x08000222   0x08000222   0x00000000   Code   RO         4230    .ARM.Collect$$libinit$$00000011  c_w.l(libinit2.o)
    0x08000222   0x08000222   0x00000000   Code   RO         4232    .ARM.Collect$$libinit$$00000013  c_w.l(libinit2.o)
    0x08000222   0x08000222   0x00000000   Code   RO         4234    .ARM.Collect$$libinit$$00000015  c_w.l(libinit2.o)
    0x08000222   0x08000222   0x00000000   Code   RO         4236    .ARM.Collect$$libinit$$00000017  c_w.l(libinit2.o)
    0x08000222   0x08000222   0x00000000   Code   RO         4238    .ARM.Collect$$libinit$$00000019  c_w.l(libinit2.o)
    0x08000222   0x08000222   0x00000000   Code   RO         4240    .ARM.Collect$$libinit$$0000001B  c_w.l(libinit2.o)
    0x08000222   0x08000222   0x00000000   Code   RO         4242    .ARM.Collect$$libinit$$0000001D  c_w.l(libinit2.o)
    0x08000222   0x08000222   0x00000000   Code   RO         4244    .ARM.Collect$$libinit$$0000001F  c_w.l(libinit2.o)
    0x08000222   0x08000222   0x00000000   Code   RO         4246    .ARM.Collect$$libinit$$00000021  c_w.l(libinit2.o)
    0x08000222   0x08000222   0x00000000   Code   RO         4248    .ARM.Collect$$libinit$$00000023  c_w.l(libinit2.o)
    0x08000222   0x08000222   0x00000000   Code   RO         4250    .ARM.Collect$$libinit$$00000025  c_w.l(libinit2.o)
    0x08000222   0x08000222   0x00000000   Code   RO         4254    .ARM.Collect$$libinit$$0000002C  c_w.l(libinit2.o)
    0x08000222   0x08000222   0x00000000   Code   RO         4256    .ARM.Collect$$libinit$$0000002E  c_w.l(libinit2.o)
    0x08000222   0x08000222   0x00000000   Code   RO         4258    .ARM.Collect$$libinit$$00000030  c_w.l(libinit2.o)
    0x08000222   0x08000222   0x00000000   Code   RO         4260    .ARM.Collect$$libinit$$00000032  c_w.l(libinit2.o)
    0x08000222   0x08000222   0x00000002   Code   RO         4261    .ARM.Collect$$libinit$$00000033  c_w.l(libinit2.o)
    0x08000224   0x08000224   0x00000002   Code   RO         4292    .ARM.Collect$$libshutdown$$00000000  c_w.l(libshutdown.o)
    0x08000226   0x08000226   0x00000000   Code   RO         4318    .ARM.Collect$$libshutdown$$00000002  c_w.l(libshutdown2.o)
    0x08000226   0x08000226   0x00000000   Code   RO         4320    .ARM.Collect$$libshutdown$$00000004  c_w.l(libshutdown2.o)
    0x08000226   0x08000226   0x00000000   Code   RO         4322    .ARM.Collect$$libshutdown$$00000006  c_w.l(libshutdown2.o)
    0x08000226   0x08000226   0x00000000   Code   RO         4325    .ARM.Collect$$libshutdown$$00000009  c_w.l(libshutdown2.o)
    0x08000226   0x08000226   0x00000000   Code   RO         4328    .ARM.Collect$$libshutdown$$0000000C  c_w.l(libshutdown2.o)
    0x08000226   0x08000226   0x00000000   Code   RO         4330    .ARM.Collect$$libshutdown$$0000000E  c_w.l(libshutdown2.o)
    0x08000226   0x08000226   0x00000000   Code   RO         4333    .ARM.Collect$$libshutdown$$00000011  c_w.l(libshutdown2.o)
    0x08000226   0x08000226   0x00000002   Code   RO         4334    .ARM.Collect$$libshutdown$$00000012  c_w.l(libshutdown2.o)
    0x08000228   0x08000228   0x00000000   Code   RO         4170    .ARM.Collect$$rtentry$$00000000  c_w.l(__rtentry.o)
    0x08000228   0x08000228   0x00000000   Code   RO         4178    .ARM.Collect$$rtentry$$00000002  c_w.l(__rtentry2.o)
    0x08000228   0x08000228   0x00000006   Code   RO         4190    .ARM.Collect$$rtentry$$00000004  c_w.l(__rtentry4.o)
    0x0800022e   0x0800022e   0x00000008   Code   RO         4179    .ARM.Collect$$rtentry$$00000008  c_w.l(__rtentry2.o)
    0x08000236   0x08000236   0x00000004   Code   RO         4181    .ARM.Collect$$rtentry$$0000000A  c_w.l(__rtentry2.o)
    0x0800023a   0x0800023a   0x00000000   Code   RO         4183    .ARM.Collect$$rtentry$$0000000C  c_w.l(__rtentry2.o)
    0x0800023a   0x0800023a   0x00000008   Code   RO         4184    .ARM.Collect$$rtentry$$0000000D  c_w.l(__rtentry2.o)
    0x08000242   0x08000242   0x00000002   Code   RO         4209    .ARM.Collect$$rtexit$$00000000  c_w.l(rtexit.o)
    0x08000244   0x08000244   0x00000000   Code   RO         4265    .ARM.Collect$$rtexit$$00000002  c_w.l(rtexit2.o)
    0x08000244   0x08000244   0x00000004   Code   RO         4266    .ARM.Collect$$rtexit$$00000003  c_w.l(rtexit2.o)
    0x08000248   0x08000248   0x00000006   Code   RO         4267    .ARM.Collect$$rtexit$$00000004  c_w.l(rtexit2.o)
    0x0800024e   0x0800024e   0x00000002   PAD
    0x08000250   0x08000250   0x00000040   Code   RO         2702    .text               startup_stm32f407xx.o
    0x08000290   0x08000290   0x000000c8   Code   RO         3313    .text               RTX_CM4F.lib(irq_armv7m.o)
    0x08000358   0x08000358   0x000000ee   Code   RO         4154    .text               c_w.l(lludivv7m.o)
    0x08000446   0x08000446   0x0000008a   Code   RO         4160    .text               c_w.l(rt_memcpy_v6.o)
    0x080004d0   0x080004d0   0x00000044   Code   RO         4162    .text               c_w.l(rt_memclr.o)
    0x08000514   0x08000514   0x0000004e   Code   RO         4164    .text               c_w.l(rt_memclr_w.o)
    0x08000562   0x08000562   0x00000006   Code   RO         4166    .text               c_w.l(heapauxi.o)
    0x08000568   0x08000568   0x00000064   Code   RO         4175    .text               c_w.l(rt_memcpy_w.o)
    0x080005cc   0x080005cc   0x0000004a   Code   RO         4194    .text               c_w.l(sys_stackheap_outer.o)
    0x08000616   0x08000616   0x00000012   Code   RO         4196    .text               c_w.l(exit.o)
    0x08000628   0x08000628   0x00000008   Code   RO         4206    .text               c_w.l(libspace.o)
    0x08000630   0x08000630   0x0000000c   Code   RO         4262    .text               c_w.l(sys_exit.o)
    0x0800063c   0x0800063c   0x00000002   Code   RO         4281    .text               c_w.l(use_no_semi.o)
    0x0800063e   0x0800063e   0x00000000   Code   RO         4283    .text               c_w.l(indicate_semi.o)
    0x0800063e   0x0800063e   0x00000040   Code   RO         3918    .text.MessageQueueGet  RTX_CM4F.lib(rtx_msgqueue.o)
    0x0800067e   0x0800067e   0x00000058   Code   RO         3912    .text.MessageQueuePut  RTX_CM4F.lib(rtx_msgqueue.o)
    0x080006d6   0x080006d6   0x0000001c   Code   RO         3910    .text.MessageQueueRemove  RTX_CM4F.lib(rtx_msgqueue.o)
    0x080006f2   0x080006f2   0x00000002   PAD
    0x080006f4   0x080006f4   0x0000000c   Code   RO         3956    .text.OS_Tick_AcknowledgeIRQ  RTX_CM4F.lib(os_systick.o)
    0x08000700   0x08000700   0x0000000c   Code   RO         3024    .text.OUTLINED_FUNCTION_0  RTX_CM4F.lib(rtx_kernel.o)
    0x0800070c   0x0800070c   0x0000000c   Code   RO         3926    .text.OUTLINED_FUNCTION_0  RTX_CM4F.lib(rtx_msgqueue.o)
    0x08000718   0x08000718   0x00000048   Code   RO         3218    .text.TimerInsert   RTX_CM4F.lib(rtx_timer.o)
    0x08000760   0x08000760   0x00000030   Code   RO         2976    .text.osKernelGetState  RTX_CM4F.lib(rtx_kernel.o)
    0x08000790   0x08000790   0x0000002c   Code   RO         2970    .text.osKernelInitialize  RTX_CM4F.lib(rtx_kernel.o)
    0x080007bc   0x080007bc   0x00000070   Code   RO         3886    .text.osMessageQueueGet  RTX_CM4F.lib(rtx_msgqueue.o)
    0x0800082c   0x0800082c   0x00000080   Code   RO         3884    .text.osMessageQueuePut  RTX_CM4F.lib(rtx_msgqueue.o)
    0x080008ac   0x080008ac   0x00000024   Code   RO         3250    .text.osMutexAcquire  RTX_CM4F.lib(rtx_mutex.o)
    0x080008d0   0x080008d0   0x00000024   Code   RO         3256    .text.osMutexDelete  RTX_CM4F.lib(rtx_mutex.o)
    0x080008f4   0x080008f4   0x00000024   Code   RO         3246    .text.osMutexNew    RTX_CM4F.lib(rtx_mutex.o)
    0x08000918   0x08000918   0x00000024   Code   RO         3252    .text.osMutexRelease  RTX_CM4F.lib(rtx_mutex.o)
    0x0800093c   0x0800093c   0x00000004   Code   RO         2968    .text.osRtxKernelErrorNotify  RTX_CM4F.lib(rtx_kernel.o)
    0x08000940   0x08000940   0x00000002   Code   RO         2966    .text.osRtxKernelPreInit  RTX_CM4F.lib(rtx_kernel.o)
    0x08000942   0x08000942   0x0000006c   Code   RO         3812    .text.osRtxMemoryAlloc  RTX_CM4F.lib(rtx_memory.o)
    0x080009ae   0x080009ae   0x00000042   Code   RO         3814    .text.osRtxMemoryFree  RTX_CM4F.lib(rtx_memory.o)
    0x080009f0   0x080009f0   0x00000036   Code   RO         3810    .text.osRtxMemoryInit  RTX_CM4F.lib(rtx_memory.o)
    0x08000a26   0x08000a26   0x0000003a   Code   RO         3826    .text.osRtxMemoryPoolAlloc  RTX_CM4F.lib(rtx_mempool.o)
    0x08000a60   0x08000a60   0x0000004a   Code   RO         3828    .text.osRtxMemoryPoolFree  RTX_CM4F.lib(rtx_mempool.o)
    0x08000aaa   0x08000aaa   0x00000038   Code   RO         3824    .text.osRtxMemoryPoolInit  RTX_CM4F.lib(rtx_mempool.o)
    0x08000ae2   0x08000ae2   0x000000aa   Code   RO         3908    .text.osRtxMessageQueuePostProcess  RTX_CM4F.lib(rtx_msgqueue.o)
    0x08000b8c   0x08000b8c   0x00000028   Code   RO         3876    .text.osRtxMessageQueueTimerSetup  RTX_CM4F.lib(rtx_msgqueue.o)
    0x08000bb4   0x08000bb4   0x00000042   Code   RO         3244    .text.osRtxMutexOwnerRestore  RTX_CM4F.lib(rtx_mutex.o)
    0x08000bf6   0x08000bf6   0x00000002   PAD
    0x08000bf8   0x08000bf8   0x0000008c   Code   RO         3938    .text.osRtxPendSV_Handler  RTX_CM4F.lib(rtx_system.o)
    0x08000c84   0x08000c84   0x00000074   Code   RO         3940    .text.osRtxPostProcess  RTX_CM4F.lib(rtx_system.o)
    0x08000cf8   0x08000cf8   0x00000038   Code   RO         3058    .text.osRtxThreadBlock  RTX_CM4F.lib(rtx_thread.o)
    0x08000d30   0x08000d30   0x00000080   Code   RO         3066    .text.osRtxThreadDelayInsert  RTX_CM4F.lib(rtx_thread.o)
    0x08000db0   0x08000db0   0x00000040   Code   RO         3062    .text.osRtxThreadDelayRemove  RTX_CM4F.lib(rtx_thread.o)
    0x08000df0   0x08000df0   0x0000004c   Code   RO         3048    .text.osRtxThreadDelayTick  RTX_CM4F.lib(rtx_thread.o)
    0x08000e3c   0x08000e3c   0x00000054   Code   RO         3056    .text.osRtxThreadDispatch  RTX_CM4F.lib(rtx_thread.o)
    0x08000e90   0x08000e90   0x00000012   Code   RO         3040    .text.osRtxThreadListGet  RTX_CM4F.lib(rtx_thread.o)
    0x08000ea2   0x08000ea2   0x0000002c   Code   RO         3038    .text.osRtxThreadListPut  RTX_CM4F.lib(rtx_thread.o)
    0x08000ece   0x08000ece   0x00000014   Code   RO         3044    .text.osRtxThreadListRemove  RTX_CM4F.lib(rtx_thread.o)
    0x08000ee2   0x08000ee2   0x0000000c   Code   RO         3050    .text.osRtxThreadListRoot  RTX_CM4F.lib(rtx_thread.o)
    0x08000eee   0x08000eee   0x00000026   Code   RO         3042    .text.osRtxThreadListSort  RTX_CM4F.lib(rtx_thread.o)
    0x08000f14   0x08000f14   0x00000014   Code   RO         3046    .text.osRtxThreadReadyPut  RTX_CM4F.lib(rtx_thread.o)
    0x08000f28   0x08000f28   0x00000014   Code   RO         3052    .text.osRtxThreadRegPtr  RTX_CM4F.lib(rtx_thread.o)
    0x08000f3c   0x08000f3c   0x00000010   Code   RO         3054    .text.osRtxThreadSwitch  RTX_CM4F.lib(rtx_thread.o)
    0x08000f4c   0x08000f4c   0x0000003c   Code   RO         3064    .text.osRtxThreadWaitEnter  RTX_CM4F.lib(rtx_thread.o)
    0x08000f88   0x08000f88   0x00000030   Code   RO         3060    .text.osRtxThreadWaitExit  RTX_CM4F.lib(rtx_thread.o)
    0x08000fb8   0x08000fb8   0x00000078   Code   RO         3936    .text.osRtxTick_Handler  RTX_CM4F.lib(rtx_system.o)
    0x08001030   0x08001030   0x00000020   Code   RO         3200    .text.osRtxTimerSetup  RTX_CM4F.lib(rtx_timer.o)
    0x08001050   0x08001050   0x00000020   Code   RO         3204    .text.osRtxTimerThread  RTX_CM4F.lib(rtx_timer.o)
    0x08001070   0x08001070   0x00000070   Code   RO         3202    .text.osRtxTimerTick  RTX_CM4F.lib(rtx_timer.o)
    0x080010e0   0x080010e0   0x0000000c   Code   RO         2978    .text.svcRtxKernelGetState  RTX_CM4F.lib(rtx_kernel.o)
    0x080010ec   0x080010ec   0x00000100   Code   RO         3008    .text.svcRtxKernelInitialize  RTX_CM4F.lib(rtx_kernel.o)
    0x080011ec   0x080011ec   0x000000d8   Code   RO         3920    .text.svcRtxMessageQueueGet  RTX_CM4F.lib(rtx_msgqueue.o)
    0x080012c4   0x080012c4   0x00000118   Code   RO         3878    .text.svcRtxMessageQueueNew  RTX_CM4F.lib(rtx_msgqueue.o)
    0x080013dc   0x080013dc   0x000000b4   Code   RO         3916    .text.svcRtxMessageQueuePut  RTX_CM4F.lib(rtx_msgqueue.o)
    0x08001490   0x08001490   0x00000090   Code   RO         3262    .text.svcRtxMutexAcquire  RTX_CM4F.lib(rtx_mutex.o)
    0x08001520   0x08001520   0x000000b0   Code   RO         3268    .text.svcRtxMutexDelete  RTX_CM4F.lib(rtx_mutex.o)
    0x080015d0   0x080015d0   0x00000068   Code   RO         3258    .text.svcRtxMutexNew  RTX_CM4F.lib(rtx_mutex.o)
    0x08001638   0x08001638   0x000000b4   Code   RO         3264    .text.svcRtxMutexRelease  RTX_CM4F.lib(rtx_mutex.o)
    0x080016ec   0x080016ec   0x00000004   Code   RO          165    i.BusFault_Handler  stm32f4xx_it.o
    0x080016f0   0x080016f0   0x00000002   Code   RO          166    i.DebugMon_Handler  stm32f4xx_it.o
    0x080016f2   0x080016f2   0x00000002   PAD
    0x080016f4   0x080016f4   0x00000058   Code   RO          424    i.ETH_IRQHandler    emac_stm32f4xx.o
    0x0800174c   0x0800174c   0x00000034   Code   RO         1130    i.ETH_MACAddressConfig  stm32f4xx_hal_eth.o
    0x08001780   0x08001780   0x00000244   Code   RO         1131    i.ETH_MACDMAConfig  stm32f4xx_hal_eth.o
    0x080019c4   0x080019c4   0x00000006   Code   RO            4    i.Error_Handler     main.o
    0x080019ca   0x080019ca   0x00000002   PAD
    0x080019cc   0x080019cc   0x00000028   Code   RO          658    i.HAL_Delay         stm32f4xx_hal.o
    0x080019f4   0x080019f4   0x000002a0   Code   RO         1146    i.HAL_ETH_Init      stm32f4xx_hal_eth.o
    0x08001c94   0x08001c94   0x00000154   Code   RO          577    i.HAL_ETH_MspInit   stm32f4xx_hal_msp.o
    0x08001de8   0x08001de8   0x00000092   Code   RO         1149    i.HAL_ETH_ReadPHYRegister  stm32f4xx_hal_eth.o
    0x08001e7a   0x08001e7a   0x00000090   Code   RO         1155    i.HAL_ETH_WritePHYRegister  stm32f4xx_hal_eth.o
    0x08001f0a   0x08001f0a   0x00000002   PAD
    0x08001f0c   0x08001f0c   0x000001f0   Code   RO         1325    i.HAL_GPIO_Init     stm32f4xx_hal_gpio.o
    0x080020fc   0x080020fc   0x0000000c   Code   RO          664    i.HAL_GetTick       stm32f4xx_hal.o
    0x08002108   0x08002108   0x00000018   Code   RO          670    i.HAL_IncTick       stm32f4xx_hal.o
    0x08002120   0x08002120   0x0000003c   Code   RO          671    i.HAL_Init          stm32f4xx_hal.o
    0x0800215c   0x0800215c   0x0000008c   Code   RO          612    i.HAL_InitTick      stm32f4xx_hal_timebase_tim.o
    0x080021e8   0x080021e8   0x00000048   Code   RO          578    i.HAL_MspInit       stm32f4xx_hal_msp.o
    0x08002230   0x08002230   0x00000028   Code   RO          842    i.HAL_NVIC_EnableIRQ  stm32f4xx_hal_cortex.o
    0x08002258   0x08002258   0x0000007c   Code   RO          848    i.HAL_NVIC_SetPriority  stm32f4xx_hal_cortex.o
    0x080022d4   0x080022d4   0x00000028   Code   RO          849    i.HAL_NVIC_SetPriorityGrouping  stm32f4xx_hal_cortex.o
    0x080022fc   0x080022fc   0x00000184   Code   RO         1563    i.HAL_RCC_ClockConfig  stm32f4xx_hal_rcc.o
    0x08002480   0x08002480   0x00000044   Code   RO         1567    i.HAL_RCC_GetClockConfig  stm32f4xx_hal_rcc.o
    0x080024c4   0x080024c4   0x0000000c   Code   RO         1568    i.HAL_RCC_GetHCLKFreq  stm32f4xx_hal_rcc.o
    0x080024d0   0x080024d0   0x00000020   Code   RO         1570    i.HAL_RCC_GetPCLK1Freq  stm32f4xx_hal_rcc.o
    0x080024f0   0x080024f0   0x000000b0   Code   RO         1572    i.HAL_RCC_GetSysClockFreq  stm32f4xx_hal_rcc.o
    0x080025a0   0x080025a0   0x0000049c   Code   RO         1575    i.HAL_RCC_OscConfig  stm32f4xx_hal_rcc.o
    0x08002a3c   0x08002a3c   0x00000002   Code   RO         2435    i.HAL_TIMEx_BreakCallback  stm32f4xx_hal_tim_ex.o
    0x08002a3e   0x08002a3e   0x00000002   Code   RO         2436    i.HAL_TIMEx_CommutCallback  stm32f4xx_hal_tim_ex.o
    0x08002a40   0x08002a40   0x00000066   Code   RO         1720    i.HAL_TIM_Base_Init  stm32f4xx_hal_tim.o
    0x08002aa6   0x08002aa6   0x00000002   Code   RO         1722    i.HAL_TIM_Base_MspInit  stm32f4xx_hal_tim.o
    0x08002aa8   0x08002aa8   0x000000a8   Code   RO         1725    i.HAL_TIM_Base_Start_IT  stm32f4xx_hal_tim.o
    0x08002b50   0x08002b50   0x00000002   Code   RO         1754    i.HAL_TIM_IC_CaptureCallback  stm32f4xx_hal_tim.o
    0x08002b52   0x08002b52   0x00000196   Code   RO         1768    i.HAL_TIM_IRQHandler  stm32f4xx_hal_tim.o
    0x08002ce8   0x08002ce8   0x00000002   Code   RO         1771    i.HAL_TIM_OC_DelayElapsedCallback  stm32f4xx_hal_tim.o
    0x08002cea   0x08002cea   0x00000002   Code   RO         1798    i.HAL_TIM_PWM_PulseFinishedCallback  stm32f4xx_hal_tim.o
    0x08002cec   0x08002cec   0x00000018   Code   RO            5    i.HAL_TIM_PeriodElapsedCallback  main.o
    0x08002d04   0x08002d04   0x00000002   Code   RO         1811    i.HAL_TIM_TriggerCallback  stm32f4xx_hal_tim.o
    0x08002d06   0x08002d06   0x00000004   Code   RO          167    i.HardFault_Handler  stm32f4xx_it.o
    0x08002d0a   0x08002d0a   0x00000002   PAD
    0x08002d0c   0x08002d0c   0x00000068   Code   RO            6    i.MX_ETH_Init       main.o
    0x08002d74   0x08002d74   0x00000084   Code   RO            7    i.MX_GPIO_Init      main.o
    0x08002df8   0x08002df8   0x00000004   Code   RO          168    i.MemManage_Handler  stm32f4xx_it.o
    0x08002dfc   0x08002dfc   0x00000004   Code   RO          169    i.NMI_Handler       stm32f4xx_it.o
    0x08002e00   0x08002e00   0x000000b4   Code   RO            8    i.SystemClock_Config  main.o
    0x08002eb4   0x08002eb4   0x00000014   Code   RO         2710    i.SystemInit        system_stm32f4xx.o
    0x08002ec8   0x08002ec8   0x00000010   Code   RO          170    i.TIM8_TRG_COM_TIM14_IRQHandler  stm32f4xx_it.o
    0x08002ed8   0x08002ed8   0x000000d8   Code   RO         1813    i.TIM_Base_SetConfig  stm32f4xx_hal_tim.o
    0x08002fb0   0x08002fb0   0x00000004   Code   RO          171    i.UsageFault_Handler  stm32f4xx_it.o
    0x08002fb4   0x08002fb4   0x00000010   Code   RO          855    i.__NVIC_GetPriorityGrouping  stm32f4xx_hal_cortex.o
    0x08002fc4   0x08002fc4   0x00000028   Code   RO          856    i.__NVIC_SetPriority  stm32f4xx_hal_cortex.o
    0x08002fec   0x08002fec   0x00000016   Code   RO          230    i._mutex_acquire    rtx_lib.o
    0x08003002   0x08003002   0x0000000c   Code   RO          231    i._mutex_free       rtx_lib.o
    0x0800300e   0x0800300e   0x00000022   Code   RO          232    i._mutex_initialize  rtx_lib.o
    0x08003030   0x08003030   0x00000012   Code   RO          233    i._mutex_release    rtx_lib.o
    0x08003042   0x08003042   0x00000008   Code   RO          234    i._platform_post_stackheap_init  rtx_lib.o
    0x0800304a   0x0800304a   0x00000014   Code   RO            9    i.main              main.o
    0x0800305e   0x0800305e   0x00000020   Code   RO          323    i.osRtxErrorNotify  rtx_config.o
    0x0800307e   0x0800307e   0x00000002   PAD
    0x08003080   0x08003080   0x00000020   Code   RO          235    i.os_kernel_is_active  rtx_lib.o
    0x080030a0   0x080030a0   0x0000000a   Code   RO         4277    x$fpl$fpinit        fz_wm.l(fpinit.o)
    0x080030aa   0x080030aa   0x00000002   PAD
    0x080030ac   0x080030ac   0x00000068   Data   RO          243    .constdata          rtx_lib.o
    0x08003114   0x08003114   0x00000018   Data   RO         2711    .constdata          system_stm32f4xx.o
    0x0800312c   0x0800312c   0x000000a8   Data   RO          245    .rodata             rtx_lib.o
    0x080031d4   0x080031d4   0x00000001   Data   RO         3314    .rodata             RTX_CM4F.lib(irq_armv7m.o)
    0x080031d5   0x080031d5   0x00000003   PAD
    0x080031d8   0x080031d8   0x0000000b   Data   RO         3028    .rodata.str1.4      RTX_CM4F.lib(rtx_kernel.o)
    0x080031e3   0x080031e3   0x00000001   PAD
    0x080031e4   0x080031e4   0x00000020   Data   RO         4335    Region$$Table       anon$$obj.o


    Execution Region RW_IRAM1 (Exec base: 0x20000000, Load base: 0x08003204, Size: 0x0000b210, Max: 0x00020000, ABSOLUTE, COMPRESSED[0x00000120])

    Exec Addr    Load Addr    Size         Type   Attr      Idx    E Section Name        Object

    0x20000000   COMPRESSED   0x00008040   Data   RW          236    .bss.os             rtx_lib.o
    0x20008040   COMPRESSED   0x00000034   Data   RW          238    .bss.os.msgqueue.cb  rtx_lib.o
    0x20008074   COMPRESSED   0x00000050   Data   RW          239    .bss.os.msgqueue.mem  rtx_lib.o
    0x200080c4   COMPRESSED   0x00000088   Data   RW          240    .bss.os.thread.cb   rtx_lib.o
    0x2000814c   COMPRESSED   0x00000004   PAD
    0x20008150   COMPRESSED   0x00000200   Data   RW          241    .bss.os.thread.idle.stack  rtx_lib.o
    0x20008350   COMPRESSED   0x00000200   Data   RW          242    .bss.os.thread.timer.stack  rtx_lib.o
    0x20008550   COMPRESSED   0x0000000c   Data   RW           11    .data               main.o
    0x2000855c   COMPRESSED   0x00000001   Data   RW          244    .data               rtx_lib.o
    0x2000855d   COMPRESSED   0x00000003   PAD
    0x20008560   COMPRESSED   0x00000009   Data   RW          678    .data               stm32f4xx_hal.o
    0x20008569   COMPRESSED   0x00000003   PAD
    0x2000856c   COMPRESSED   0x00000004   Data   RW         2712    .data               system_stm32f4xx.o
    0x20008570   COMPRESSED   0x000000a4   Data   RW         3029    .data.os            RTX_CM4F.lib(rtx_kernel.o)
    0x20008614        -       0x00000088   Zero   RW           10    .bss                main.o
    0x2000869c        -       0x000024cc   Zero   RW          445    .bss                emac_stm32f4xx.o
    0x2000ab68        -       0x00000048   Zero   RW          615    .bss                stm32f4xx_hal_timebase_tim.o
    0x2000abb0        -       0x00000060   Zero   RW         4207    .bss                c_w.l(libspace.o)
    0x2000ac10        -       0x00000200   Zero   RW         2700    HEAP                startup_stm32f407xx.o
    0x2000ae10        -       0x00000400   Zero   RW         2699    STACK               startup_stm32f407xx.o


==============================================================================

Image component sizes


      Code (inc. data)   RO Data    RW Data    ZI Data      Debug   Object Name

        88         16          0          0       9420       8106   emac_stm32f4xx.o
       466         46          0         12        136     722046   main.o
         0          0          0          0          0       1636   phy_dp83848c.o
        32          6          0          0          0        587   rtx_config.o
       126          4        272      34125          0      16330   rtx_lib.o
        64         26        392          0       1536        868   startup_stm32f407xx.o
       136         24          0          9          0       9006   stm32f4xx_hal.o
       260         22          0          0          0      33854   stm32f4xx_hal_cortex.o
      1594         48          0          0          0       5580   stm32f4xx_hal_eth.o
       496         44          0          0          0       1536   stm32f4xx_hal_gpio.o
       412         26          0          0          0       2116   stm32f4xx_hal_msp.o
      1856         84          0          0          0       5978   stm32f4xx_hal_rcc.o
       902         76          0          0          0       6878   stm32f4xx_hal_tim.o
         4          0          0          0          0       1685   stm32f4xx_hal_tim_ex.o
       140         18          0          0         72       1720   stm32f4xx_hal_timebase_tim.o
        38          6          0          0          0       3817   stm32f4xx_it.o
        20          6         24          4          0       1259   system_stm32f4xx.o

    ----------------------------------------------------------------------
      6644        452        720      34160      11164     823002   Object Totals
         0          0         32          0          0          0   (incl. Generated)
        10          0          0         10          0          0   (incl. Padding)

    ----------------------------------------------------------------------

      Code (inc. data)   RO Data    RW Data    ZI Data      Debug   Library Member Name

       200         12          1          0          0        634   irq_armv7m.o
        12          4          0          0          0       3200   os_systick.o
       378         28         11        164          0      16501   rtx_kernel.o
       228          0          0          0          0       2537   rtx_memory.o
       188          0          0          0          0      16008   rtx_mempool.o
      1318         32          0          0          0      18657   rtx_msgqueue.o
       814         32          0          0          0       9962   rtx_mutex.o
       376         26          0          0          0       5296   rtx_system.o
       704         32          0          0          0      31847   rtx_thread.o
       248         16          0          0          0      10397   rtx_timer.o
        58          0          0          0          0          0   __dczerorl.o
         8          0          0          0          0         68   __main.o
         0          0          0          0          0          0   __rtentry.o
        20          0          0          0          0          0   __rtentry2.o
         6          0          0          0          0          0   __rtentry4.o
        52          8          0          0          0          0   __scatter.o
        28          0          0          0          0          0   __scatter_zi.o
        18          0          0          0          0         80   exit.o
         6          0          0          0          0        152   heapauxi.o
         0          0          0          0          0          0   indicate_semi.o
         2          0          0          0          0          0   libinit.o
         6          0          0          0          0          0   libinit2.o
         2          0          0          0          0          0   libshutdown.o
         2          0          0          0          0          0   libshutdown2.o
         8          4          0          0         96         68   libspace.o
       238          0          0          0          0        100   lludivv7m.o
        68          0          0          0          0         68   rt_memclr.o
        78          0          0          0          0         80   rt_memclr_w.o
       138          0          0          0          0         68   rt_memcpy_v6.o
       100          0          0          0          0         80   rt_memcpy_w.o
         2          0          0          0          0          0   rtexit.o
        10          0          0          0          0          0   rtexit2.o
        12          4          0          0          0         68   sys_exit.o
        74          0          0          0          0         80   sys_stackheap_outer.o
         2          0          0          0          0         68   use_no_semi.o
        10          0          0          0          0        116   fpinit.o

    ----------------------------------------------------------------------
      5424        198         16        164         96     116135   Library Totals
        10          0          4          0          0          0   (incl. Padding)

    ----------------------------------------------------------------------

      Code (inc. data)   RO Data    RW Data    ZI Data      Debug   Library Name

      4466        182         12        164          0     115039   RTX_CM4F.lib
       938         16          0          0         96        980   c_w.l
        10          0          0          0          0        116   fz_wm.l

    ----------------------------------------------------------------------
      5424        198         16        164         96     116135   Library Totals

    ----------------------------------------------------------------------

==============================================================================


      Code (inc. data)   RO Data    RW Data    ZI Data      Debug   

     12068        650        736      34324      11260     933593   Grand Totals
     12068        650        736        288      11260     933593   ELF Image Totals (compressed)
     12068        650        736        288          0          0   ROM Totals

==============================================================================

    Total RO  Size (Code + RO Data)                12804 (  12.50kB)
    Total RW  Size (RW Data + ZI Data)             45584 (  44.52kB)
    Total ROM Size (Code + RO Data + RW Data)      13092 (  12.79kB)

==============================================================================

