Component: ARM Compiler 5.06 update 7 (build 960) Tool: armlink [4d3601]

==============================================================================

Section Cross References

    monitor.o(i.InitMonitor) refers to rtx_msgqueue.o(.text.osMessageQueueNew) for osMessageQueueNew
    monitor.o(i.InitMonitor) refers to rtx_thread.o(.text.osThreadNew) for osThreadNew
    monitor.o(i.InitMonitor) refers to rtx_timer.o(.text.osTimerNew) for osTimerNew
    monitor.o(i.InitMonitor) refers to monitor.o(.data) for messageQueueId
    monitor.o(i.InitMonitor) refers to monitor.o(i.ThreadMonitor) for ThreadMonitor
    monitor.o(i.InitMonitor) refers to monitor.o(i.TimerCallBack) for TimerCallBack
    monitor.o(i.ThreadMonitor) refers to net_sys.o(i.netInitialize) for netInitialize
    monitor.o(i.ThreadMonitor) refers to rtx_delay.o(.text.osDelay) for osDelay
    monitor.o(i.TimerCallBack) refers to canmessage.o(i.CheckHeartBeat) for CheckHeartBeat
    monitor.o(i.TimerCallBack) refers to modulecontrol.o(i.Module_ShutDownAll) for Module_ShutDownAll
    monitor.o(i.TimerCallBack) refers to brake.o(i.Braking) for Braking
    monitor.o(i.TimerCallBack) refers to monitor.o(.data) for time100ms
    monitor.o(i.xxxInit) refers to modulecontrol.o(i.Module_ShutDownAll) for Module_ShutDownAll
    monitor.o(i.xxxInit) refers to battery.o(i.GetDataBMUMsg) for GetDataBMUMsg
    monitor.o(i.xxxInit) refers to errorhandle.o(i.SetFaultStatus) for SetFaultStatus
    monitor.o(i.xxxInit) refers to modulecontrol.o(i.SRS_EnableVCU) for SRS_EnableVCU
    monitor.o(i.xxxInit) refers to modulecontrol.o(i.SRS_EnableEPS) for SRS_EnableEPS
    monitor.o(i.xxxInit) refers to modulecontrol.o(i.SRS_EnableEBS) for SRS_EnableEBS
    monitor.o(i.xxxInit) refers to rtx_delay.o(.text.osDelay) for osDelay
    monitor.o(i.xxxInit) refers to canmessage.o(i.GetHeartBeatStatus) for GetHeartBeatStatus
    monitor.o(i.xxxInit) refers to modulecontrol.o(i.SRS_EnableMotorDrive) for SRS_EnableMotorDrive
    monitor.o(i.xxxInit) refers to brake.o(i.Get_If_BrakeStatus) for Get_If_BrakeStatus
    monitor.o(i.xxxInit) refers to brake.o(i.Braking) for Braking
    monitor.o(i.xxxInit) refers to monitor.o(.data) for BMU_Msg
    app_main.o(i.InitAppMain) refers to rtx_thread.o(.text.osThreadNew) for osThreadNew
    app_main.o(i.InitAppMain) refers to rtx_thread.o(.text.osThreadSetPriority) for osThreadSetPriority
    app_main.o(i.InitAppMain) refers to app_main.o(i.app_main) for app_main
    app_main.o(i.InitAppMain) refers to app_main.o(.data) for threadId
    app_main.o(i.app_main) refers to canmessage.o(i.InitCanMsg) for InitCanMsg
    app_main.o(i.app_main) refers to monitor.o(i.InitMonitor) for InitMonitor
    app_main.o(i.app_main) refers to rtx_delay.o(.text.osDelay) for osDelay
    app_main.o(i.app_main) refers to app_main.o(.data) for time1
    canmessage.o(i.BatteryMsgCallBack) refers to battery.o(i.SetDataBMUMsg) for SetDataBMUMsg
    canmessage.o(i.BatteryMsgCallBack) refers to canmessage.o(.data) for HeartBeatMap
    canmessage.o(i.CheckHeartBeat) refers to canmessage.o(.data) for HeartBeatMap
    canmessage.o(i.EbspMsgCallBack) refers to canmessage.o(.data) for HeartBeatMap
    canmessage.o(i.EpsMsgCallBack) refers to eps.o(i.SetDataEPS_VCUMsg) for SetDataEPS_VCUMsg
    canmessage.o(i.EpsMsgCallBack) refers to canmessage.o(.data) for HeartBeatMap
    canmessage.o(i.GetHeartBeatStatus) refers to canmessage.o(.data) for HeartBeatMap
    canmessage.o(i.InitCanMsg) refers to can.o(i.CanRegisterCallback) for CanRegisterCallback
    canmessage.o(i.InitCanMsg) refers to can.o(i.InitCan) for InitCan
    canmessage.o(i.InitCanMsg) refers to canmessage.o(i.EbspMsgCallBack) for EbspMsgCallBack
    canmessage.o(i.InitCanMsg) refers to canmessage.o(i.VcuMsgCallBack) for VcuMsgCallBack
    canmessage.o(i.InitCanMsg) refers to canmessage.o(i.EpsMsgCallBack) for EpsMsgCallBack
    canmessage.o(i.InitCanMsg) refers to canmessage.o(i.BatteryMsgCallBack) for BatteryMsgCallBack
    canmessage.o(i.MotorMsgCallBack) refers to motordrive.o(i.SetDataMotor_VCUFB1Msg) for SetDataMotor_VCUFB1Msg
    canmessage.o(i.MotorMsgCallBack) refers to motordrive.o(i.SetDataMotor_VCUFB2Msg) for SetDataMotor_VCUFB2Msg
    canmessage.o(i.MotorMsgCallBack) refers to canmessage.o(.data) for HeartBeatMap
    canmessage.o(i.RefreshHeartBeat) refers to canmessage.o(.data) for HeartBeatMap
    canmessage.o(i.VcuMsgCallBack) refers to vcu.o(i.SetDataVCU_EPSMsg) for SetDataVCU_EPSMsg
    canmessage.o(i.VcuMsgCallBack) refers to vcu.o(i.SetDataVCU_RcuResponseMsg) for SetDataVCU_RcuResponseMsg
    canmessage.o(i.VcuMsgCallBack) refers to vcu.o(i.SetDataRCU_StatuFbMsg) for SetDataRCU_StatuFbMsg
    canmessage.o(i.VcuMsgCallBack) refers to vcu.o(i.SetDataVCU_MOTORMsg) for SetDataVCU_MOTORMsg
    canmessage.o(i.VcuMsgCallBack) refers to canmessage.o(.data) for HeartBeatMap
    mssagecompare.o(i.CompareVCU_EPBSMsg) refers to brake.o(i.GetDataEBSP_SRSMsg) for GetDataEBSP_SRSMsg
[...]
    net_ip4_chksum_buf                       0x080095a5   Thumb Code     6  net_ip4.o(i.net_ip4_chksum_buf)
    net_ip4_find_route                       0x080095ad   Thumb Code   104  net_ip4.o(i.net_ip4_find_route)
    net_ip4_frag_add                         0x0800962d   Thumb Code   284  net_ip4_frag.o(i.net_ip4_frag_add)
    net_ip4_frag_get                         0x08009751   Thumb Code   168  net_ip4_frag.o(i.net_ip4_frag_get)
    net_ip4_frag_init                        0x080097fd   Thumb Code    12  net_ip4_frag.o(i.net_ip4_frag_init)
    net_ip4_frag_run                         0x0800980d   Thumb Code    50  net_ip4_frag.o(i.net_ip4_frag_run)
    net_ip4_frag_uninit                      0x08009849   Thumb Code    12  net_ip4_frag.o(i.net_ip4_frag_uninit)
    net_ip4_get_local                        0x08009859   Thumb Code    40  net_ip4.o(i.net_ip4_get_local)
    net_ip4_init                             0x08009885   Thumb Code    14  net_ip4.o(i.net_ip4_init)
    net_ip4_is_onlink                        0x0800989d   Thumb Code    32  net_ip4.o(i.net_ip4_is_onlink)
    net_ip4_is_subcast                       0x080098bd   Thumb Code    38  net_ip4.o(i.net_ip4_is_subcast)
    net_ip4_reass_frame                      0x080098e3   Thumb Code    14  net_ip4.o(i.net_ip4_reass_frame)
    net_ip4_send_frame                       0x080098f1   Thumb Code   282  net_ip4.o(i.net_ip4_send_frame)
    net_ip4_tx_offl_hl                       0x08009a15   Thumb Code    42  net_ip4.o(i.net_ip4_tx_offl_hl)
    net_ip4_uninit                           0x08009a41   Thumb Code    10  net_ip4.o(i.net_ip4_uninit)
    net_loop_iface_init                      0x08009a51   Thumb Code    22  net_loopback.o(i.net_loop_iface_init)
    net_loop_iface_run                       0x08009a6d   Thumb Code   112  net_loopback.o(i.net_loop_iface_run)
    net_loop_iface_uninit                    0x08009ae5   Thumb Code    12  net_loopback.o(i.net_loop_iface_uninit)
    net_loop_send_frame                      0x08009af5   Thumb Code    82  net_loopback.o(i.net_loop_send_frame)
    net_mem_alloc                            0x08009b4d   Thumb Code   130  net_mem.o(i.net_mem_alloc)
    net_mem_avail                            0x08009bd9   Thumb Code    22  net_mem.o(i.net_mem_avail)
    net_mem_free                             0x08009bf5   Thumb Code   114  net_mem.o(i.net_mem_free)
    net_mem_init                             0x08009c71   Thumb Code    84  net_mem.o(i.net_mem_init)
    net_nbns_client_init                     0x08009ccd   Thumb Code    38  net_nbns_client.o(i.net_nbns_client_init)
    net_nbns_client_uninit                   0x08009cfd   Thumb Code     8  net_nbns_client.o(i.net_nbns_client_uninit)
    net_ping_client_init                     0x08009d09   Thumb Code    10  net_ping_core.o(i.net_ping_client_init)
    net_ping_client_run                      0x08009d19   Thumb Code    56  net_ping_core.o(i.net_ping_client_run)
    net_ping_client_uninit                   0x08009d59   Thumb Code     8  net_ping_core.o(i.net_ping_client_uninit)
    net_rand32                               0x08009d65   Thumb Code    18  net_sys.o(i.net_rand32)
    net_strtoupper                           0x08009d81   Thumb Code    32  net_common.o(i.net_strtoupper)
    net_sys_error                            0x08009da1   Thumb Code     2  net_config.o(i.net_sys_error)
    net_sys_lock                             0x08009da5   Thumb Code     8  net_sys.o(i.net_sys_lock)
    net_sys_resume                           0x08009db1   Thumb Code    22  net_sys.o(i.net_sys_resume)
    net_sys_tick                             0x08009dc9   Thumb Code    16  net_sys.o(i.net_sys_tick)
    net_sys_unlock                           0x08009ddd   Thumb Code     8  net_sys.o(i.net_sys_unlock)
    net_sys_wakeup                           0x08009de9   Thumb Code    26  net_sys.o(i.net_sys_wakeup)
    net_tcp_process                          0x08009e09   Thumb Code  1230  net_tcp.o(i.net_tcp_process)
    net_tcp_socket_init                      0x0800a2d9   Thumb Code    16  net_tcp.o(i.net_tcp_socket_init)
    net_tcp_socket_run                       0x0800a2ed   Thumb Code   696  net_tcp.o(i.net_tcp_socket_run)
    net_tcp_socket_uninit                    0x0800a5b1   Thumb Code    16  net_tcp.o(i.net_tcp_socket_uninit)
    net_udp_get_buf                          0x0800a5c5   Thumb Code    30  net_udp.o(i.net_udp_get_buf)
    net_udp_get_socket                       0x0800a5e5   Thumb Code    66  net_udp.o(i.net_udp_get_socket)
    net_udp_open                             0x0800a62d   Thumb Code   100  net_udp.o(i.net_udp_open)
    net_udp_process                          0x0800a699   Thumb Code   198  net_udp.o(i.net_udp_process)
    net_udp_send_if                          0x0800a76d   Thumb Code   350  net_udp.o(i.net_udp_send_if)
    net_udp_socket_init                      0x0800a8d5   Thumb Code    12  net_udp.o(i.net_udp_socket_init)
    net_udp_socket_uninit                    0x0800a8e5   Thumb Code    12  net_udp.o(i.net_udp_socket_uninit)
    net_xtoul                                0x0800a8f5   Thumb Code    76  net_common.o(i.net_xtoul)
    netif_create                             0x0800a941   Thumb Code    44  net_config.o(i.netif_create)
    netif_delete                             0x0800a975   Thumb Code    20  net_config.o(i.netif_delete)
    netif_lock                               0x0800a989   Thumb Code     8  net_config.o(i.netif_lock)
    netif_unlock                             0x0800a991   Thumb Code     4  net_config.o(i.netif_unlock)
    netos_delay                              0x0800a995   Thumb Code    14  net_config.o(i.netos_delay)
    netos_flag_clear                         0x0800a9a3   Thumb Code     6  net_config.o(i.netos_flag_clear)
    netos_flag_set                           0x0800a9a9   Thumb Code     4  net_config.o(i.netos_flag_set)
    netos_flag_wait                          0x0800a9ad   Thumb Code    24  net_config.o(i.netos_flag_wait)
    netos_init                               0x0800a9c5   Thumb Code    22  net_config.o(i.netos_init)
    netos_lock                               0x0800a9e1   Thumb Code     8  net_config.o(i.netos_lock)
    netos_mutex_create                       0x0800a9e9   Thumb Code    14  net_config.o(i.netos_mutex_create)
    netos_thread_create                      0x0800a9fd   Thumb Code    10  net_config.o(i.netos_thread_create)
    netos_thread_pass                        0x0800aa11   Thumb Code     4  net_config.o(i.netos_thread_pass)
    netos_timer_create                       0x0800aa15   Thumb Code    12  net_config.o(i.netos_timer_create)
    netos_timer_start                        0x0800aa29   Thumb Code    22  net_config.o(i.netos_timer_start)
    netos_unlock                             0x0800aa3f   Thumb Code     4  net_config.o(i.netos_unlock)
    osRtxErrorNotify                         0x0800aa43   Thumb Code    32  rtx_config.o(i.osRtxErrorNotify)
    osRtxIdleThread                          0x0800aa63   Thumb Code     4  rtx_config.o(i.osRtxIdleThread)
    _fp_init                                 0x0800b0b9   Thumb Code    10  fpinit.o(x$fpl$fpinit)
    __fplib_config_fpu_vfp                   0x0800b0c1   Thumb Code     0  fpinit.o(x$fpl$fpinit)
    __fplib_config_pureend_doubles           0x0800b0c1   Thumb Code     0  fpinit.o(x$fpl$fpinit)
    irqRtxLibRef                             0x0800b124   Data           4  rtx_lib.o(.constdata)
    osRtxUserSVC                             0x0800b128   Data           4  rtx_lib.o(.constdata)
    Driver_ETH_PHY0                          0x0800b130   Data          32  phy_dp83848c.o(.constdata)
    Driver_ETH_MAC0                          0x0800b158   Data          68  emac_stm32f4xx.o(.constdata)
    EventRecorderInfo                        0x0800b19c   Data          24  eventrecorder.o(.constdata)
    AHBPrescTable                            0x0800b1bc   Data          16  system_stm32f4xx.o(.constdata)
    APBPrescTable                            0x0800b1cc   Data           8  system_stm32f4xx.o(.constdata)
    net_sys_config                           0x0800b25c   Data          28  net_config.o(.constdata)
    net_eth0_if_config                       0x0800b2c0   Data          44  net_config.o(.constdata)
    net_eth_list                             0x0800b30c   Data           8  net_config.o(.constdata)
    net_if_list_lan                          0x0800b314   Data           8  net_config.o(.constdata)
    net_if_list_all                          0x0800b31c   Data           8  net_config.o(.constdata)
    net_if_inet_def                          0x0800b324   Data           4  net_config.o(.constdata)
    net_if_link_def                          0x0800b328   Data           4  net_config.o(.constdata)
    net_arp_list                             0x0800b32c   Data           8  net_config.o(.constdata)
    net_icmp_list                            0x0800b334   Data           8  net_config.o(.constdata)
    net_ip4_frag_config                      0x0800b33c   Data           8  net_config.o(.constdata)
    net_udp_config                           0x0800b344   Data          12  net_config.o(.constdata)
    net_tcp_config                           0x0800b350   Data          24  net_config.o(.constdata)
    net_sys_fn_uninit                        0x0800b3a8   Data          36  net_config.o(.constdata)
    netif_getopt_func                        0x0800b3cc   Data          16  net_config.o(.constdata)
    netif_setopt_func                        0x0800b3dc   Data          16  net_config.o(.constdata)
    net_loop_if_config                       0x0800b3ec   Data          44  net_loopback.o(.constdata)
    net_ping_payload                         0x0800b42c   Data          18  net_ping_core.o(.constdata)
    net_addr4_loopback                       0x0800b43e   Data           4  net_ip4.o(.constdata)
    net_addr_unspec                          0x0800b442   Data           6  net_addr.o(.constdata)
    net_addr_bcast                           0x0800b448   Data           6  net_addr.o(.constdata)
    net_lib_version                          0x0800b450   Data           4  net_version.o(.constdata)
    network_ip4_release_v7.15.0              0x0800b450   Data           4  net_version.o(.constdata)
    osRtxConfig                              0x0800b51c   Data         112  rtx_lib.o(.rodata)
    os_cb_sections                           0x0800b58c   Data          56  rtx_lib.o(.rodata)
    irqRtxLib                                0x0800b5c4   Number         0  irq_armv7m.o(.rodata)
    Region$$Table$$Base                      0x0800b5d4   Number         0  anon$$obj.o(Region$$Table)
    Region$$Table$$Limit                     0x0800b5f4   Number         0  anon$$obj.o(Region$$Table)
    .bss.os.msgqueue.cb$$Base                0x20008040   Number         0  rtx_lib.o(.bss.os.msgqueue.cb)
    .bss.os.msgqueue.cb$$Limit               0x20008074   Number         0  rtx_lib.o(.bss.os.msgqueue.cb)
    .bss.os.mutex.cb$$Base                   0x200080c4   Number         0  net_config.o(.bss.os.mutex.cb)
    .bss.os.mutex.cb$$Limit                  0x200080fc   Number         0  net_config.o(.bss.os.mutex.cb)
    .bss.os.semaphore.cb$$Base               0x200080fc   Number         0  net_config.o(.bss.os.semaphore.cb)
    .bss.os.semaphore.cb$$Limit              0x2000810c   Number         0  net_config.o(.bss.os.semaphore.cb)
    .bss.os.thread.cb$$Base                  0x2000810c   Number         0  rtx_lib.o(.bss.os.thread.cb)
    .bss.os.thread.cb$$Limit                 0x2000821c   Number         0  net_config.o(.bss.os.thread.cb)
    .bss.os.timer.cb$$Base                   0x20008620   Number         0  net_config.o(.bss.os.timer.cb)
    .bss.os.timer.cb$$Limit                  0x20008640   Number         0  net_config.o(.bss.os.timer.cb)
    BMU_Msg                                  0x2000864c   Data           6  monitor.o(.data)
    testMsg                                  0x20008660   Data           8  app_main.o(.data)
    time1                                    0x20008668   Data           1  app_main.o(.data)
    HeartBeatMap                             0x2000866c   Data           4  canmessage.o(.data)
    TxConfig                                 0x20008670   Data           6  main.o(.data)
    EBSP_SRS_MSG                             0x2000867c   Data           8  brake.o(.data)
    BUM_Msg                                  0x200086ac   Data           6  battery.o(.data)
    BMS_MOS_Msg                              0x200086b2   Data           6  battery.o(.data)
    VCU_RcuResponse_MSG                      0x200086c0   Data           6  vcu.o(.data)
    RCU_StatuFb_MSG                          0x200086c8   Data           8  vcu.o(.data)
    VCU_LFMOTOR_MSG                          0x200086d0   Data           8  vcu.o(.data)
    VCU_LRMOTOR_MSG                          0x200086d8   Data           8  vcu.o(.data)
    VCU_RFMOTOR_MSG                          0x200086e0   Data           8  vcu.o(.data)
    VCU_RRMOTOR_MSG                          0x200086e8   Data           8  vcu.o(.data)
    VCU_FEPS_MSG                             0x200086f0   Data           4  vcu.o(.data)
    VCU_REPS_MSG                             0x200086f4   Data           4  vcu.o(.data)
    VCU_EPBS_MSG                             0x200086f8   Data           1  vcu.o(.data)
    FEPS_VCU_MSG                             0x200086fa   Data           6  eps.o(.data)
    REPS_VCU_MSG                             0x20008700   Data           6  eps.o(.data)
    uwTick                                   0x20008708   Data           4  stm32f4xx_hal.o(.data)
    uwTickPrio                               0x2000870c   Data           4  stm32f4xx_hal.o(.data)
    uwTickFreq                               0x20008710   Data           1  stm32f4xx_hal.o(.data)
    SystemCoreClock                          0x20008714   Data           4  system_stm32f4xx.o(.data)
    net_eth0_icmp_control                    0x20008734   Data           1  net_icmp.o(.data)
    osRtxInfo                                0x20008748   Data         164  rtx_kernel.o(.data.os)
    DMARxDscrTab                             0x200087ec   Data          32  main.o(.bss)
    DMATxDscrTab                             0x2000880c   Data          32  main.o(.bss)
    hcan1                                    0x2000882c   Data          40  main.o(.bss)
    hcan2                                    0x20008854   Data          40  main.o(.bss)
    heth                                     0x2000887c   Data          72  main.o(.bss)
    hi2c1                                    0x200088c4   Data          84  main.o(.bss)
    hsd                                      0x20008918   Data         132  main.o(.bss)
    hdma_sdio_rx                             0x2000899c   Data          96  main.o(.bss)
    hdma_sdio_tx                             0x200089fc   Data          96  main.o(.bss)
    htim14                                   0x2000afc4   Data          72  stm32f4xx_hal_timebase_tim.o(.bss)
    net_eth0_if_control                      0x2000e828   Data         160  net_eth.o(.bss)
    net_eth0_arp_control                     0x2000e8c8   Data          24  net_arp.o(.bss)
    net_ping_control                         0x2000e8f0   Data          32  net_ping_core.o(.bss)
    net_sys_control                          0x2000e920   Data          28  net_sys.o(.bss)
    __libspace_start                         0x2000e95c   Data          96  libspace.o(.bss)
    __temporary_stack_top$libspace           0x2000e9bc   Data           0  libspace.o(.bss)



==============================================================================

Memory Map of the image

  Image Entry point : 0x08000189

  Load Region LR_IROM1 (Base: 0x08000000, Size: 0x00013de0, Max: 0x00080000, ABSOLUTE, COMPRESSED[0x0000b720])

    Execution Region ER_IROM1 (Exec base: 0x08000000, Load base: 0x08000000, Size: 0x0000b5f4, Max: 0x00080000, ABSOLUTE)

    Exec Addr    Load Addr    Size         Type   Attr      Idx    E Section Name        Object

    0x08000000   0x08000000   0x00000188   Data   RO         5617    RESET               startup_stm32f407xx.o
    0x08000188   0x08000188   0x00000008   Code   RO         7970  * !!!main             c_w.l(__main.o)
    0x08000190   0x08000190   0x00000034   Code   RO         8289    !!!scatter          c_w.l(__scatter.o)
    0x080001c4   0x080001c4   0x0000005a   Code   RO         8287    !!dczerorl2         c_w.l(__dczerorl2.o)
    0x0800021e   0x0800021e   0x00000002   PAD
    0x08000220   0x08000220   0x0000001c   Code   RO         8291    !!handler_zi        c_w.l(__scatter_zi.o)
    0x0800023c   0x0800023c   0x00000002   Code   RO         8109    .ARM.Collect$$libinit$$00000000  c_w.l(libinit.o)
    0x0800023e   0x0800023e   0x00000004   Code   RO         8110    .ARM.Collect$$libinit$$00000001  c_w.l(libinit2.o)
    0x08000242   0x08000242   0x00000000   Code   RO         8113    .ARM.Collect$$libinit$$00000004  c_w.l(libinit2.o)
    0x08000242   0x08000242   0x00000000   Code   RO         8116    .ARM.Collect$$libinit$$0000000A  c_w.l(libinit2.o)
    0x08000242   0x08000242   0x00000000   Code   RO         8118    .ARM.Collect$$libinit$$0000000C  c_w.l(libinit2.o)
    0x08000242   0x08000242   0x00000000   Code   RO         8120    .ARM.Collect$$libinit$$0000000E  c_w.l(libinit2.o)
    0x08000242   0x08000242   0x00000000   Code   RO         8123    .ARM.Collect$$libinit$$00000011  c_w.l(libinit2.o)
    0x08000242   0x08000242   0x00000000   Code   RO         8125    .ARM.Collect$$libinit$$00000013  c_w.l(libinit2.o)
    0x08000242   0x08000242   0x00000000   Code   RO         8127    .ARM.Collect$$libinit$$00000015  c_w.l(libinit2.o)
    0x08000242   0x08000242   0x00000000   Code   RO         8129    .ARM.Collect$$libinit$$00000017  c_w.l(libinit2.o)
    0x08000242   0x08000242   0x00000000   Code   RO         8131    .ARM.Collect$$libinit$$00000019  c_w.l(libinit2.o)
    0x08000242   0x08000242   0x00000000   Code   RO         8133    .ARM.Collect$$libinit$$0000001B  c_w.l(libinit2.o)
    0x08000242   0x08000242   0x00000000   Code   RO         8135    .ARM.Collect$$libinit$$0000001D  c_w.l(libinit2.o)
    0x08000242   0x08000242   0x00000000   Code   RO         8137    .ARM.Collect$$libinit$$0000001F  c_w.l(libinit2.o)
    0x08000242   0x08000242   0x00000000   Code   RO         8139    .ARM.Collect$$libinit$$00000021  c_w.l(libinit2.o)
    0x08000242   0x08000242   0x00000000   Code   RO         8141    .ARM.Collect$$libinit$$00000023  c_w.l(libinit2.o)
    0x08000242   0x08000242   0x00000000   Code   RO         8143    .ARM.Collect$$libinit$$00000025  c_w.l(libinit2.o)
    0x08000242   0x08000242   0x00000000   Code   RO         8147    .ARM.Collect$$libinit$$0000002C  c_w.l(libinit2.o)
    0x08000242   0x08000242   0x00000000   Code   RO         8149    .ARM.Collect$$libinit$$0000002E  c_w.l(libinit2.o)
    0x08000242   0x08000242   0x00000000   Code   RO         8151    .ARM.Collect$$libinit$$00000030  c_w.l(libinit2.o)
    0x08000242   0x08000242   0x00000000   Code   RO         8153    .ARM.Collect$$libinit$$00000032  c_w.l(libinit2.o)
    0x08000242   0x08000242   0x00000002   Code   RO         8154    .ARM.Collect$$libinit$$00000033  c_w.l(libinit2.o)
    0x08000244   0x08000244   0x00000002   Code   RO         8269    .ARM.Collect$$libshutdown$$00000000  c_w.l(libshutdown.o)
    0x08000246   0x08000246   0x00000000   Code   RO         8156    .ARM.Collect$$libshutdown$$00000002  c_w.l(libshutdown2.o)
    0x08000246   0x08000246   0x00000000   Code   RO         8158    .ARM.Collect$$libshutdown$$00000004  c_w.l(libshutdown2.o)
    0x08000246   0x08000246   0x00000000   Code   RO         8160    .ARM.Collect$$libshutdown$$00000006  c_w.l(libshutdown2.o)
    0x08000246   0x08000246   0x00000000   Code   RO         8163    .ARM.Collect$$libshutdown$$00000009  c_w.l(libshutdown2.o)
    0x08000246   0x08000246   0x00000000   Code   RO         8166    .ARM.Collect$$libshutdown$$0000000C  c_w.l(libshutdown2.o)
    0x08000246   0x08000246   0x00000000   Code   RO         8168    .ARM.Collect$$libshutdown$$0000000E  c_w.l(libshutdown2.o)
    0x08000246   0x08000246   0x00000000   Code   RO         8171    .ARM.Collect$$libshutdown$$00000011  c_w.l(libshutdown2.o)
    0x08000246   0x08000246   0x00000002   Code   RO         8172    .ARM.Collect$$libshutdown$$00000012  c_w.l(libshutdown2.o)
    0x08000248   0x08000248   0x00000000   Code   RO         7975    .ARM.Collect$$rtentry$$00000000  c_w.l(__rtentry.o)
    0x08000248   0x08000248   0x00000000   Code   RO         7994    .ARM.Collect$$rtentry$$00000002  c_w.l(__rtentry2.o)
    0x08000248   0x08000248   0x00000006   Code   RO         8006    .ARM.Collect$$rtentry$$00000004  c_w.l(__rtentry4.o)
    0x0800024e   0x0800024e   0x00000008   Code   RO         7995    .ARM.Collect$$rtentry$$00000008  c_w.l(__rtentry2.o)
    0x08000256   0x08000256   0x00000004   Code   RO         7997    .ARM.Collect$$rtentry$$0000000A  c_w.l(__rtentry2.o)
    0x0800025a   0x0800025a   0x00000000   Code   RO         7999    .ARM.Collect$$rtentry$$0000000C  c_w.l(__rtentry2.o)
    0x0800025a   0x0800025a   0x00000008   Code   RO         8000    .ARM.Collect$$rtentry$$0000000D  c_w.l(__rtentry2.o)
    0x08000262   0x08000262   0x00000002   Code   RO         8173    .ARM.Collect$$rtexit$$00000000  c_w.l(rtexit.o)
    0x08000264   0x08000264   0x00000000   Code   RO         8219    .ARM.Collect$$rtexit$$00000002  c_w.l(rtexit2.o)
    0x08000264   0x08000264   0x00000004   Code   RO         8220    .ARM.Collect$$rtexit$$00000003  c_w.l(rtexit2.o)
    0x08000268   0x08000268   0x00000006   Code   RO         8221    .ARM.Collect$$rtexit$$00000004  c_w.l(rtexit2.o)
    0x0800026e   0x0800026e   0x00000002   PAD
    0x08000270   0x08000270   0x00000040   Code   RO         5618    .text               startup_stm32f407xx.o
    0x080002b0   0x080002b0   0x000000c8   Code   RO         6741    .text               RTX_CM4F.lib(irq_armv7m.o)
    0x08000378   0x08000378   0x000000ee   Code   RO         7944    .text               c_w.l(lludivv7m.o)
    0x08000466   0x08000466   0x00000058   Code   RO         7950    .text               c_w.l(memcmp.o)
    0x080004be   0x080004be   0x0000008a   Code   RO         7956    .text               c_w.l(rt_memcpy_v6.o)
    0x08000548   0x08000548   0x00000064   Code   RO         7958    .text               c_w.l(rt_memcpy_w.o)
    0x080005ac   0x080005ac   0x00000044   Code   RO         7962    .text               c_w.l(rt_memclr.o)
    0x080005f0   0x080005f0   0x0000004e   Code   RO         7964    .text               c_w.l(rt_memclr_w.o)
    0x0800063e   0x0800063e   0x00000006   Code   RO         7968    .text               c_w.l(heapauxi.o)
    0x08000644   0x08000644   0x00000008   Code   RO         7972    .text               c_w.l(libspace.o)
    0x0800064c   0x0800064c   0x0000004a   Code   RO         8018    .text               c_w.l(sys_stackheap_outer.o)
    0x08000696   0x08000696   0x00000012   Code   RO         8096    .text               c_w.l(exit.o)
    0x080006a8   0x080006a8   0x0000000c   Code   RO         8216    .text               c_w.l(sys_exit.o)
    0x080006b4   0x080006b4   0x00000002   Code   RO         8256    .text               c_w.l(use_no_semi.o)
    0x080006b6   0x080006b6   0x00000000   Code   RO         8258    .text               c_w.l(indicate_semi.o)
    0x080006b6   0x080006b6   0x00000040   Code   RO         6724    .text.MessageQueueGet  RTX_CM4F.lib(rtx_msgqueue.o)
    0x080006f6   0x080006f6   0x00000058   Code   RO         6718    .text.MessageQueuePut  RTX_CM4F.lib(rtx_msgqueue.o)
    0x0800074e   0x0800074e   0x0000001c   Code   RO         6716    .text.MessageQueueRemove  RTX_CM4F.lib(rtx_msgqueue.o)
    0x0800076a   0x0800076a   0x00000002   PAD
    0x0800076c   0x0800076c   0x0000000c   Code   RO         7466    .text.OS_Tick_AcknowledgeIRQ  RTX_CM4F.lib(os_systick.o)
    0x08000778   0x08000778   0x0000002c   Code   RO         7462    .text.OS_Tick_Enable  RTX_CM4F.lib(os_systick.o)
    0x080007a4   0x080007a4   0x00000006   Code   RO         7468    .text.OS_Tick_GetIRQn  RTX_CM4F.lib(os_systick.o)
    0x080007aa   0x080007aa   0x00000002   PAD
    0x080007ac   0x080007ac   0x00000040   Code   RO         7460    .text.OS_Tick_Setup  RTX_CM4F.lib(os_systick.o)
    0x080007ec   0x080007ec   0x0000000c   Code   RO         6392    .text.OUTLINED_FUNCTION_0  RTX_CM4F.lib(rtx_kernel.o)
    0x080007f8   0x080007f8   0x00000006   Code   RO         6534    .text.OUTLINED_FUNCTION_0  RTX_CM4F.lib(rtx_thread.o)
    0x080007fe   0x080007fe   0x0000000c   Code   RO         6732    .text.OUTLINED_FUNCTION_0  RTX_CM4F.lib(rtx_msgqueue.o)
    0x0800080a   0x0800080a   0x00000006   Code   RO         6394    .text.OUTLINED_FUNCTION_1  RTX_CM4F.lib(rtx_kernel.o)
    0x08000810   0x08000810   0x00000006   Code   RO         6536    .text.OUTLINED_FUNCTION_1  RTX_CM4F.lib(rtx_thread.o)
    0x08000816   0x08000816   0x00000014   Code   RO         6538    .text.OUTLINED_FUNCTION_2  RTX_CM4F.lib(rtx_thread.o)
    0x0800082a   0x0800082a   0x00000008   Code   RO         6540    .text.OUTLINED_FUNCTION_3  RTX_CM4F.lib(rtx_thread.o)
    0x08000832   0x08000832   0x0000002e   Code   RO         6668    .text.SemaphoreTokenIncrement  RTX_CM4F.lib(rtx_semaphore.o)
    0x08000860   0x08000860   0x00000064   Code   RO         6486    .text.ThreadFlagsCheck  RTX_CM4F.lib(rtx_thread.o)
    0x080008c4   0x080008c4   0x00000048   Code   RO         6586    .text.TimerInsert   RTX_CM4F.lib(rtx_timer.o)
    0x0800090c   0x0800090c   0x00000028   Code   RO         6594    .text.TimerRemove   RTX_CM4F.lib(rtx_timer.o)
    0x08000934   0x08000934   0x00000024   Code   RO         6552    .text.osDelay       RTX_CM4F.lib(rtx_delay.o)
    0x08000958   0x08000958   0x00000030   Code   RO         6344    .text.osKernelGetState  RTX_CM4F.lib(rtx_kernel.o)
    0x08000988   0x08000988   0x00000028   Code   RO         6364    .text.osKernelGetTickFreq  RTX_CM4F.lib(rtx_kernel.o)
    0x080009b0   0x080009b0   0x0000002c   Code   RO         6338    .text.osKernelInitialize  RTX_CM4F.lib(rtx_kernel.o)
    0x080009dc   0x080009dc   0x00000024   Code   RO         6348    .text.osKernelStart  RTX_CM4F.lib(rtx_kernel.o)
    0x08000a00   0x08000a00   0x00000070   Code   RO         6692    .text.osMessageQueueGet  RTX_CM4F.lib(rtx_msgqueue.o)
    0x08000a70   0x08000a70   0x00000024   Code   RO         6686    .text.osMessageQueueNew  RTX_CM4F.lib(rtx_msgqueue.o)
    0x08000a94   0x08000a94   0x00000080   Code   RO         6690    .text.osMessageQueuePut  RTX_CM4F.lib(rtx_msgqueue.o)
    0x08000b14   0x08000b14   0x00000024   Code   RO         6618    .text.osMutexAcquire  RTX_CM4F.lib(rtx_mutex.o)
    0x08000b38   0x08000b38   0x00000024   Code   RO         6624    .text.osMutexDelete  RTX_CM4F.lib(rtx_mutex.o)
    0x08000b5c   0x08000b5c   0x00000024   Code   RO         6614    .text.osMutexNew    RTX_CM4F.lib(rtx_mutex.o)
    0x08000b80   0x08000b80   0x00000024   Code   RO         6620    .text.osMutexRelease  RTX_CM4F.lib(rtx_mutex.o)
    0x08000ba4   0x08000ba4   0x00000004   Code   RO         6336    .text.osRtxKernelErrorNotify  RTX_CM4F.lib(rtx_kernel.o)
    0x08000ba8   0x08000ba8   0x00000002   Code   RO         6334    .text.osRtxKernelPreInit  RTX_CM4F.lib(rtx_kernel.o)
    0x08000baa   0x08000baa   0x0000006c   Code   RO         7382    .text.osRtxMemoryAlloc  RTX_CM4F.lib(rtx_memory.o)
    0x08000c16   0x08000c16   0x00000042   Code   RO         7384    .text.osRtxMemoryFree  RTX_CM4F.lib(rtx_memory.o)
    0x08000c58   0x08000c58   0x00000036   Code   RO         7380    .text.osRtxMemoryInit  RTX_CM4F.lib(rtx_memory.o)
    0x08000c8e   0x08000c8e   0x0000003a   Code   RO         7396    .text.osRtxMemoryPoolAlloc  RTX_CM4F.lib(rtx_mempool.o)
    0x08000cc8   0x08000cc8   0x0000004a   Code   RO         7398    .text.osRtxMemoryPoolFree  RTX_CM4F.lib(rtx_mempool.o)
    0x08000d12   0x08000d12   0x00000038   Code   RO         7394    .text.osRtxMemoryPoolInit  RTX_CM4F.lib(rtx_mempool.o)
    0x08000d4a   0x08000d4a   0x000000aa   Code   RO         6714    .text.osRtxMessageQueuePostProcess  RTX_CM4F.lib(rtx_msgqueue.o)
    0x08000df4   0x08000df4   0x00000028   Code   RO         6682    .text.osRtxMessageQueueTimerSetup  RTX_CM4F.lib(rtx_msgqueue.o)
    0x08000e1c   0x08000e1c   0x00000048   Code   RO         6610    .text.osRtxMutexOwnerRelease  RTX_CM4F.lib(rtx_mutex.o)
    0x08000e64   0x08000e64   0x00000042   Code   RO         6612    .text.osRtxMutexOwnerRestore  RTX_CM4F.lib(rtx_mutex.o)
    0x08000ea6   0x08000ea6   0x00000002   PAD
    0x08000ea8   0x08000ea8   0x0000008c   Code   RO         7448    .text.osRtxPendSV_Handler  RTX_CM4F.lib(rtx_system.o)
    0x08000f34   0x08000f34   0x00000074   Code   RO         7450    .text.osRtxPostProcess  RTX_CM4F.lib(rtx_system.o)
    0x08000fa8   0x08000fa8   0x00000036   Code   RO         6662    .text.osRtxSemaphorePostProcess  RTX_CM4F.lib(rtx_semaphore.o)
    0x08000fde   0x08000fde   0x00000002   PAD
    0x08000fe0   0x08000fe0   0x00000038   Code   RO         6426    .text.osRtxThreadBlock  RTX_CM4F.lib(rtx_thread.o)
    0x08001018   0x08001018   0x00000080   Code   RO         6434    .text.osRtxThreadDelayInsert  RTX_CM4F.lib(rtx_thread.o)
    0x08001098   0x08001098   0x00000040   Code   RO         6430    .text.osRtxThreadDelayRemove  RTX_CM4F.lib(rtx_thread.o)
    0x080010d8   0x080010d8   0x0000004c   Code   RO         6416    .text.osRtxThreadDelayTick  RTX_CM4F.lib(rtx_thread.o)
    0x08001124   0x08001124   0x00000024   Code   RO         6518    .text.osRtxThreadDestroy  RTX_CM4F.lib(rtx_thread.o)
    0x08001148   0x08001148   0x00000054   Code   RO         6424    .text.osRtxThreadDispatch  RTX_CM4F.lib(rtx_thread.o)
    0x0800119c   0x0800119c   0x00000058   Code   RO         6510    .text.osRtxThreadFree  RTX_CM4F.lib(rtx_thread.o)
    0x080011f4   0x080011f4   0x0000001e   Code   RO         6516    .text.osRtxThreadJoinWakeup  RTX_CM4F.lib(rtx_thread.o)
    0x08001212   0x08001212   0x00000012   Code   RO         6408    .text.osRtxThreadListGet  RTX_CM4F.lib(rtx_thread.o)
    0x08001224   0x08001224   0x0000002c   Code   RO         6406    .text.osRtxThreadListPut  RTX_CM4F.lib(rtx_thread.o)
    0x08001250   0x08001250   0x00000014   Code   RO         6412    .text.osRtxThreadListRemove  RTX_CM4F.lib(rtx_thread.o)
    0x08001264   0x08001264   0x0000000c   Code   RO         6418    .text.osRtxThreadListRoot  RTX_CM4F.lib(rtx_thread.o)
    0x08001270   0x08001270   0x00000026   Code   RO         6410    .text.osRtxThreadListSort  RTX_CM4F.lib(rtx_thread.o)
    0x08001296   0x08001296   0x00000028   Code   RO         6484    .text.osRtxThreadPostProcess  RTX_CM4F.lib(rtx_thread.o)
    0x080012be   0x080012be   0x00000002   PAD
    0x080012c0   0x080012c0   0x00000014   Code   RO         6414    .text.osRtxThreadReadyPut  RTX_CM4F.lib(rtx_thread.o)
    0x080012d4   0x080012d4   0x00000014   Code   RO         6420    .text.osRtxThreadRegPtr  RTX_CM4F.lib(rtx_thread.o)
    0x080012e8   0x080012e8   0x0000003c   Code   RO         6436    .text.osRtxThreadStartup  RTX_CM4F.lib(rtx_thread.o)
    0x08001324   0x08001324   0x00000010   Code   RO         6422    .text.osRtxThreadSwitch  RTX_CM4F.lib(rtx_thread.o)
    0x08001334   0x08001334   0x0000003c   Code   RO         6432    .text.osRtxThreadWaitEnter  RTX_CM4F.lib(rtx_thread.o)
    0x08001370   0x08001370   0x00000030   Code   RO         6428    .text.osRtxThreadWaitExit  RTX_CM4F.lib(rtx_thread.o)
    0x080013a0   0x080013a0   0x00000078   Code   RO         7446    .text.osRtxTick_Handler  RTX_CM4F.lib(rtx_system.o)
    0x08001418   0x08001418   0x00000020   Code   RO         6568    .text.osRtxTimerSetup  RTX_CM4F.lib(rtx_timer.o)
    0x08001438   0x08001438   0x00000020   Code   RO         6572    .text.osRtxTimerThread  RTX_CM4F.lib(rtx_timer.o)
    0x08001458   0x08001458   0x00000070   Code   RO         6570    .text.osRtxTimerTick  RTX_CM4F.lib(rtx_timer.o)
    0x080014c8   0x080014c8   0x00000054   Code   RO         6650    .text.osSemaphoreAcquire  RTX_CM4F.lib(rtx_semaphore.o)
    0x0800151c   0x0800151c   0x00000024   Code   RO         6658    .text.osSemaphoreDelete  RTX_CM4F.lib(rtx_semaphore.o)
    0x08001540   0x08001540   0x00000024   Code   RO         6646    .text.osSemaphoreNew  RTX_CM4F.lib(rtx_semaphore.o)
    0x08001564   0x08001564   0x0000004c   Code   RO         6652    .text.osSemaphoreRelease  RTX_CM4F.lib(rtx_semaphore.o)
    0x080015b0   0x080015b0   0x0000000c   Code   RO         6468    .text.osThreadExit  RTX_CM4F.lib(rtx_thread.o)
    0x080015bc   0x080015bc   0x00000024   Code   RO         6478    .text.osThreadFlagsClear  RTX_CM4F.lib(rtx_thread.o)
    0x080015e0   0x080015e0   0x00000058   Code   RO         6476    .text.osThreadFlagsSet  RTX_CM4F.lib(rtx_thread.o)
    0x08001638   0x08001638   0x00000024   Code   RO         6482    .text.osThreadFlagsWait  RTX_CM4F.lib(rtx_thread.o)
    0x0800165c   0x0800165c   0x00000024   Code   RO         6440    .text.osThreadNew   RTX_CM4F.lib(rtx_thread.o)
    0x08001680   0x08001680   0x00000024   Code   RO         6454    .text.osThreadSetPriority  RTX_CM4F.lib(rtx_thread.o)
    0x080016a4   0x080016a4   0x00000024   Code   RO         6470    .text.osThreadTerminate  RTX_CM4F.lib(rtx_thread.o)
    0x080016c8   0x080016c8   0x00000024   Code   RO         6458    .text.osThreadYield  RTX_CM4F.lib(rtx_thread.o)
    0x080016ec   0x080016ec   0x00000024   Code   RO         6574    .text.osTimerNew    RTX_CM4F.lib(rtx_timer.o)
    0x08001710   0x08001710   0x00000024   Code   RO         6578    .text.osTimerStart  RTX_CM4F.lib(rtx_timer.o)
    0x08001734   0x08001734   0x00000016   Code   RO         6556    .text.svcRtxDelay   RTX_CM4F.lib(rtx_delay.o)
    0x0800174a   0x0800174a   0x00000002   PAD
    0x0800174c   0x0800174c   0x0000000c   Code   RO         6346    .text.svcRtxKernelGetState  RTX_CM4F.lib(rtx_kernel.o)
    0x08001758   0x08001758   0x0000000c   Code   RO         6366    .text.svcRtxKernelGetTickFreq  RTX_CM4F.lib(rtx_kernel.o)
    0x08001764   0x08001764   0x00000100   Code   RO         6376    .text.svcRtxKernelInitialize  RTX_CM4F.lib(rtx_kernel.o)
    0x08001864   0x08001864   0x00000088   Code   RO         6378    .text.svcRtxKernelStart  RTX_CM4F.lib(rtx_kernel.o)
    0x080018ec   0x080018ec   0x000000d8   Code   RO         6726    .text.svcRtxMessageQueueGet  RTX_CM4F.lib(rtx_msgqueue.o)
    0x080019c4   0x080019c4   0x00000118   Code   RO         6684    .text.svcRtxMessageQueueNew  RTX_CM4F.lib(rtx_msgqueue.o)
    0x08001adc   0x08001adc   0x000000b4   Code   RO         6722    .text.svcRtxMessageQueuePut  RTX_CM4F.lib(rtx_msgqueue.o)
    0x08001b90   0x08001b90   0x00000090   Code   RO         6630    .text.svcRtxMutexAcquire  RTX_CM4F.lib(rtx_mutex.o)
    0x08001c20   0x08001c20   0x000000b0   Code   RO         6636    .text.svcRtxMutexDelete  RTX_CM4F.lib(rtx_mutex.o)
    0x08001cd0   0x08001cd0   0x00000068   Code   RO         6626    .text.svcRtxMutexNew  RTX_CM4F.lib(rtx_mutex.o)
    0x08001d38   0x08001d38   0x000000b4   Code   RO         6632    .text.svcRtxMutexRelease  RTX_CM4F.lib(rtx_mutex.o)
    0x08001dec   0x08001dec   0x00000058   Code   RO         6666    .text.svcRtxSemaphoreAcquire  RTX_CM4F.lib(rtx_semaphore.o)
    0x08001e44   0x08001e44   0x00000060   Code   RO         6672    .text.svcRtxSemaphoreDelete  RTX_CM4F.lib(rtx_semaphore.o)
    0x08001ea4   0x08001ea4   0x0000007c   Code   RO         6660    .text.svcRtxSemaphoreNew  RTX_CM4F.lib(rtx_semaphore.o)
    0x08001f20   0x08001f20   0x00000038   Code   RO         6670    .text.svcRtxSemaphoreRelease  RTX_CM4F.lib(rtx_semaphore.o)
    0x08001f58   0x08001f58   0x0000004c   Code   RO         6514    .text.svcRtxThreadExit  RTX_CM4F.lib(rtx_thread.o)
    0x08001fa4   0x08001fa4   0x00000034   Code   RO         6528    .text.svcRtxThreadFlagsClear  RTX_CM4F.lib(rtx_thread.o)
    0x08001fd8   0x08001fd8   0x00000066   Code   RO         6526    .text.svcRtxThreadFlagsSet  RTX_CM4F.lib(rtx_thread.o)
    0x0800203e   0x0800203e   0x00000002   PAD
    0x08002040   0x08002040   0x0000004c   Code   RO         6532    .text.svcRtxThreadFlagsWait  RTX_CM4F.lib(rtx_thread.o)
    0x0800208c   0x0800208c   0x000001ec   Code   RO         6438    .text.svcRtxThreadNew  RTX_CM4F.lib(rtx_thread.o)
    0x08002278   0x08002278   0x00000048   Code   RO         6496    .text.svcRtxThreadSetPriority  RTX_CM4F.lib(rtx_thread.o)
    0x080022c0   0x080022c0   0x00000088   Code   RO         6520    .text.svcRtxThreadTerminate  RTX_CM4F.lib(rtx_thread.o)
    0x08002348   0x08002348   0x00000038   Code   RO         6500    .text.svcRtxThreadYield  RTX_CM4F.lib(rtx_thread.o)
    0x08002380   0x08002380   0x00000078   Code   RO         6588    .text.svcRtxTimerNew  RTX_CM4F.lib(rtx_timer.o)
    0x080023f8   0x080023f8   0x00000048   Code   RO         6592    .text.svcRtxTimerStart  RTX_CM4F.lib(rtx_timer.o)
    0x08002440   0x08002440   0x00000054   Code   RO          273    i.BatteryMsgCallBack  canmessage.o
    0x08002494   0x08002494   0x00000014   Code   RO          573    i.Braking           brake.o
    0x080024a8   0x080024a8   0x00000004   Code   RO          489    i.BusFault_Handler  stm32f4xx_it.o
    0x080024ac   0x080024ac   0x00000044   Code   RO          625    i.CanReceiveThread  can.o
    0x080024f0   0x080024f0   0x000000b4   Code   RO          626    i.CanRegisterCallback  can.o
    0x080025a4   0x080025a4   0x0000004c   Code   RO          627    i.CanTransmitMessage  can.o
    0x080025f0   0x080025f0   0x00000068   Code   RO          628    i.CanTransmitThread  can.o
    0x08002658   0x08002658   0x0000001c   Code   RO          274    i.CheckHeartBeat    canmessage.o
    0x08002674   0x08002674   0x00000174   Code   RO         1465    i.Control           emac_stm32f4xx.o
    0x080027e8   0x080027e8   0x00000008   Code   RO         1466    i.ControlTimer      emac_stm32f4xx.o
    0x080027f0   0x080027f0   0x00000010   Code   RO          490    i.DMA2_Stream3_IRQHandler  stm32f4xx_it.o
    0x08002800   0x08002800   0x00000010   Code   RO          491    i.DMA2_Stream6_IRQHandler  stm32f4xx_it.o
    0x08002810   0x08002810   0x00000034   Code   RO         2493    i.DMA_CalcBaseAndBitshift  stm32f4xx_hal_dma.o
    0x08002844   0x08002844   0x000000aa   Code   RO         2494    i.DMA_CheckFifoParam  stm32f4xx_hal_dma.o
    0x080028ee   0x080028ee   0x00000002   Code   RO          492    i.DebugMon_Handler  stm32f4xx_it.o
    0x080028f0   0x080028f0   0x00000058   Code   RO         1467    i.ETH_IRQHandler    emac_stm32f4xx.o
    0x08002948   0x08002948   0x00000034   Code   RO         2646    i.ETH_MACAddressConfig  stm32f4xx_hal_eth.o
    0x0800297c   0x0800297c   0x00000244   Code   RO         2647    i.ETH_MACDMAConfig  stm32f4xx_hal_eth.o
    0x08002bc0   0x08002bc0   0x0000001c   Code   RO          276    i.EbspMsgCallBack   canmessage.o
    0x08002bdc   0x08002bdc   0x00000044   Code   RO          277    i.EpsMsgCallBack    canmessage.o
    0x08002c20   0x08002c20   0x00000006   Code   RO          392    i.Error_Handler     main.o
    0x08002c26   0x08002c26   0x00000002   PAD
    0x08002c28   0x08002c28   0x0000000c   Code   RO         1468    i.GetCapabilities   emac_stm32f4xx.o
    0x08002c34   0x08002c34   0x00000044   Code   RO         1400    i.GetLinkInfo       phy_dp83848c.o
    0x08002c78   0x08002c78   0x0000002c   Code   RO         1401    i.GetLinkState      phy_dp83848c.o
    0x08002ca4   0x08002ca4   0x00000044   Code   RO         1469    i.GetMacAddress     emac_stm32f4xx.o
    0x08002ce8   0x08002ce8   0x0000004c   Code   RO         1470    i.GetRxFrameSize    emac_stm32f4xx.o
    0x08002d34   0x08002d34   0x00000008   Code   RO         1471    i.GetRxFrameTime    emac_stm32f4xx.o
    0x08002d3c   0x08002d3c   0x00000008   Code   RO         1472    i.GetTxFrameTime    emac_stm32f4xx.o
    0x08002d44   0x08002d44   0x00000010   Code   RO         1402    i.GetVersion        phy_dp83848c.o
    0x08002d54   0x08002d54   0x00000010   Code   RO         1473    i.GetVersion        emac_stm32f4xx.o
    0x08002d64   0x08002d64   0x0000002a   Code   RO         2120    i.HAL_CAN_ActivateNotification  stm32f4xx_hal_can.o
    0x08002d8e   0x08002d8e   0x00000156   Code   RO         2121    i.HAL_CAN_AddTxMessage  stm32f4xx_hal_can.o
    0x08002ee4   0x08002ee4   0x00000124   Code   RO         2122    i.HAL_CAN_ConfigFilter  stm32f4xx_hal_can.o
    0x08003008   0x08003008   0x0000002a   Code   RO         2129    i.HAL_CAN_GetState  stm32f4xx_hal_can.o
    0x08003032   0x08003032   0x00000174   Code   RO         2133    i.HAL_CAN_Init      stm32f4xx_hal_can.o
    0x080031a6   0x080031a6   0x00000002   PAD
    0x080031a8   0x080031a8   0x00000144   Code   RO         5663    i.HAL_CAN_MspInit   stm32f4xx_hal_msp.o
    0x080032ec   0x080032ec   0x0000005e   Code   RO         2145    i.HAL_CAN_Start     stm32f4xx_hal_can.o
    0x0800334a   0x0800334a   0x00000002   PAD
    0x0800334c   0x0800334c   0x00000240   Code   RO         2501    i.HAL_DMA_IRQHandler  stm32f4xx_hal_dma.o
    0x0800358c   0x0800358c   0x000000ec   Code   RO         2502    i.HAL_DMA_Init      stm32f4xx_hal_dma.o
    0x08003678   0x08003678   0x00000028   Code   RO         1940    i.HAL_Delay         stm32f4xx_hal.o
    0x080036a0   0x080036a0   0x000002a0   Code   RO         2662    i.HAL_ETH_Init      stm32f4xx_hal_eth.o
    0x08003940   0x08003940   0x00000068   Code   RO         5664    i.HAL_ETH_MspDeInit  stm32f4xx_hal_msp.o
    0x080039a8   0x080039a8   0x00000154   Code   RO         5665    i.HAL_ETH_MspInit   stm32f4xx_hal_msp.o
    0x08003afc   0x08003afc   0x00000092   Code   RO         2665    i.HAL_ETH_ReadPHYRegister  stm32f4xx_hal_eth.o
    0x08003b8e   0x08003b8e   0x00000090   Code   RO         2671    i.HAL_ETH_WritePHYRegister  stm32f4xx_hal_eth.o
    0x08003c1e   0x08003c1e   0x00000002   PAD
    0x08003c20   0x08003c20   0x00000164   Code   RO         2838    i.HAL_GPIO_DeInit   stm32f4xx_hal_gpio.o
    0x08003d84   0x08003d84   0x000001f0   Code   RO         2841    i.HAL_GPIO_Init     stm32f4xx_hal_gpio.o
    0x08003f74   0x08003f74   0x0000000c   Code   RO         2845    i.HAL_GPIO_WritePin  stm32f4xx_hal_gpio.o
    0x08003f80   0x08003f80   0x0000000c   Code   RO         1946    i.HAL_GetTick       stm32f4xx_hal.o
    0x08003f8c   0x08003f8c   0x000001d0   Code   RO         2915    i.HAL_I2C_Init      stm32f4xx_hal_i2c.o
    0x0800415c   0x0800415c   0x00000088   Code   RO         5667    i.HAL_I2C_MspInit   stm32f4xx_hal_msp.o
    0x080041e4   0x080041e4   0x00000018   Code   RO         1952    i.HAL_IncTick       stm32f4xx_hal.o
    0x080041fc   0x080041fc   0x0000003c   Code   RO         1953    i.HAL_Init          stm32f4xx_hal.o
    0x08004238   0x08004238   0x0000008c   Code   RO         5738    i.HAL_InitTick      stm32f4xx_hal_timebase_tim.o
    0x080042c4   0x080042c4   0x00000048   Code   RO         5668    i.HAL_MspInit       stm32f4xx_hal_msp.o
    0x0800430c   0x0800430c   0x0000002c   Code   RO         2357    i.HAL_NVIC_DisableIRQ  stm32f4xx_hal_cortex.o
    0x08004338   0x08004338   0x00000028   Code   RO         2358    i.HAL_NVIC_EnableIRQ  stm32f4xx_hal_cortex.o
    0x08004360   0x08004360   0x0000007c   Code   RO         2364    i.HAL_NVIC_SetPriority  stm32f4xx_hal_cortex.o
    0x080043dc   0x080043dc   0x00000028   Code   RO         2365    i.HAL_NVIC_SetPriorityGrouping  stm32f4xx_hal_cortex.o
    0x08004404   0x08004404   0x00000184   Code   RO         3551    i.HAL_RCC_ClockConfig  stm32f4xx_hal_rcc.o
    0x08004588   0x08004588   0x00000044   Code   RO         3555    i.HAL_RCC_GetClockConfig  stm32f4xx_hal_rcc.o
    0x080045cc   0x080045cc   0x0000000c   Code   RO         3556    i.HAL_RCC_GetHCLKFreq  stm32f4xx_hal_rcc.o
    0x080045d8   0x080045d8   0x00000020   Code   RO         3558    i.HAL_RCC_GetPCLK1Freq  stm32f4xx_hal_rcc.o
    0x080045f8   0x080045f8   0x000000b0   Code   RO         3560    i.HAL_RCC_GetSysClockFreq  stm32f4xx_hal_rcc.o
    0x080046a8   0x080046a8   0x0000049c   Code   RO         3563    i.HAL_RCC_OscConfig  stm32f4xx_hal_rcc.o
    0x08004b44   0x08004b44   0x000000c8   Code   RO         3709    i.HAL_SD_ConfigWideBusOperation  stm32f4xx_hal_sd.o
    0x08004c0c   0x08004c0c   0x000001c8   Code   RO         3714    i.HAL_SD_GetCardCSD  stm32f4xx_hal_sd.o
    0x08004dd4   0x08004dd4   0x0000003c   Code   RO         3721    i.HAL_SD_Init       stm32f4xx_hal_sd.o
    0x08004e10   0x08004e10   0x000000ac   Code   RO         3722    i.HAL_SD_InitCard   stm32f4xx_hal_sd.o
    0x08004ebc   0x08004ebc   0x0000017c   Code   RO         5670    i.HAL_SD_MspInit    stm32f4xx_hal_msp.o
    0x08005038   0x08005038   0x00000002   Code   RO         4678    i.HAL_TIMEx_BreakCallback  stm32f4xx_hal_tim_ex.o
    0x0800503a   0x0800503a   0x00000002   Code   RO         4679    i.HAL_TIMEx_CommutCallback  stm32f4xx_hal_tim_ex.o
    0x0800503c   0x0800503c   0x00000066   Code   RO         3963    i.HAL_TIM_Base_Init  stm32f4xx_hal_tim.o
    0x080050a2   0x080050a2   0x00000002   Code   RO         3965    i.HAL_TIM_Base_MspInit  stm32f4xx_hal_tim.o
    0x080050a4   0x080050a4   0x000000a8   Code   RO         3968    i.HAL_TIM_Base_Start_IT  stm32f4xx_hal_tim.o
    0x0800514c   0x0800514c   0x00000002   Code   RO         3997    i.HAL_TIM_IC_CaptureCallback  stm32f4xx_hal_tim.o
    0x0800514e   0x0800514e   0x00000196   Code   RO         4011    i.HAL_TIM_IRQHandler  stm32f4xx_hal_tim.o
    0x080052e4   0x080052e4   0x00000002   Code   RO         4014    i.HAL_TIM_OC_DelayElapsedCallback  stm32f4xx_hal_tim.o
    0x080052e6   0x080052e6   0x00000002   Code   RO         4041    i.HAL_TIM_PWM_PulseFinishedCallback  stm32f4xx_hal_tim.o
    0x080052e8   0x080052e8   0x00000018   Code   RO          393    i.HAL_TIM_PeriodElapsedCallback  main.o
    0x08005300   0x08005300   0x00000002   Code   RO         4054    i.HAL_TIM_TriggerCallback  stm32f4xx_hal_tim.o
    0x08005302   0x08005302   0x00000004   Code   RO          493    i.HardFault_Handler  stm32f4xx_it.o
    0x08005306   0x08005306   0x00000002   PAD
    0x08005308   0x08005308   0x00000024   Code   RO          230    i.InitAppMain       app_main.o
    0x0800532c   0x0800532c   0x00000098   Code   RO          631    i.InitCan           can.o
    0x080053c4   0x080053c4   0x0000014c   Code   RO          279    i.InitCanMsg        canmessage.o
    0x08005510   0x08005510   0x00000044   Code   RO            4    i.InitMonitor       monitor.o
    0x08005554   0x08005554   0x00000030   Code   RO         1403    i.Initialize        phy_dp83848c.o
    0x08005584   0x08005584   0x0000004c   Code   RO         1474    i.Initialize        emac_stm32f4xx.o
    0x080055d0   0x080055d0   0x00000138   Code   RO         4966    i.LL_GPIO_Init      stm32f4xx_ll_gpio.o
    0x08005708   0x08005708   0x00000024   Code   RO         5046    i.LL_RCC_GetSystemClocksFreq  stm32f4xx_ll_rcc.o
    0x0800572c   0x0800572c   0x00000010   Code   RO         5048    i.LL_RCC_PLL_GetN   stm32f4xx_ll_rcc.o
    0x0800573c   0x0800573c   0x000000c4   Code   RO         5440    i.LL_USART_Init     stm32f4xx_ll_usart.o
    0x08005800   0x08005800   0x0000000a   Code   RO         5441    i.LL_USART_IsEnabled  stm32f4xx_ll_usart.o
    0x0800580a   0x0800580a   0x000001b8   Code   RO         5442    i.LL_USART_SetBaudRate  stm32f4xx_ll_usart.o
    0x080059c2   0x080059c2   0x00000002   PAD
    0x080059c4   0x080059c4   0x00000040   Code   RO          394    i.MX_CAN1_Init      main.o
    0x08005a04   0x08005a04   0x00000040   Code   RO          395    i.MX_CAN2_Init      main.o
    0x08005a44   0x08005a44   0x00000048   Code   RO          396    i.MX_DMA_Init       main.o
    0x08005a8c   0x08005a8c   0x00000078   Code   RO          397    i.MX_ETH_Init       main.o
    0x08005b04   0x08005b04   0x0000014c   Code   RO          398    i.MX_GPIO_Init      main.o
    0x08005c50   0x08005c50   0x0000003c   Code   RO          399    i.MX_I2C1_Init      main.o
    0x08005c8c   0x08005c8c   0x00000040   Code   RO          400    i.MX_SDIO_SD_Init   main.o
    0x08005ccc   0x08005ccc   0x00000178   Code   RO          401    i.MX_USART1_UART_Init  main.o
    0x08005e44   0x08005e44   0x00000004   Code   RO          494    i.MemManage_Handler  stm32f4xx_it.o
    0x08005e48   0x08005e48   0x00000018   Code   RO          757    i.Module_ShutDownAll  modulecontrol.o
    0x08005e60   0x08005e60   0x00000004   Code   RO          495    i.NMI_Handler       stm32f4xx_it.o
    0x08005e64   0x08005e64   0x00000078   Code   RO         1475    i.PHY_Read          emac_stm32f4xx.o
    0x08005edc   0x08005edc   0x00000074   Code   RO         1476    i.PHY_Write         emac_stm32f4xx.o
    0x08005f50   0x08005f50   0x000000d4   Code   RO         1404    i.PowerControl      phy_dp83848c.o
    0x08006024   0x08006024   0x000001d0   Code   RO         1477    i.PowerControl      emac_stm32f4xx.o
    0x080061f4   0x080061f4   0x00000020   Code   RO         5050    i.RCC_GetHCLKClockFreq  stm32f4xx_ll_rcc.o
    0x08006214   0x08006214   0x00000024   Code   RO         5051    i.RCC_GetPCLK1ClockFreq  stm32f4xx_ll_rcc.o
    0x08006238   0x08006238   0x00000024   Code   RO         5052    i.RCC_GetPCLK2ClockFreq  stm32f4xx_ll_rcc.o
    0x0800625c   0x0800625c   0x00000044   Code   RO         5053    i.RCC_GetSystemClockFreq  stm32f4xx_ll_rcc.o
    0x080062a0   0x080062a0   0x00000070   Code   RO         5056    i.RCC_PLL_GetFreqDomain_SYS  stm32f4xx_ll_rcc.o
    0x08006310   0x08006310   0x000000a0   Code   RO         1478    i.ReadFrame         emac_stm32f4xx.o
    0x080063b0   0x080063b0   0x0000002c   Code   RO         5151    i.SDIO_ConfigData   stm32f4xx_ll_sdmmc.o
    0x080063dc   0x080063dc   0x00000008   Code   RO         5152    i.SDIO_GetCommandResponse  stm32f4xx_ll_sdmmc.o
    0x080063e4   0x080063e4   0x0000000a   Code   RO         5155    i.SDIO_GetPowerState  stm32f4xx_ll_sdmmc.o
    0x080063ee   0x080063ee   0x0000000c   Code   RO         5156    i.SDIO_GetResponse  stm32f4xx_ll_sdmmc.o
    0x080063fa   0x080063fa   0x00000002   PAD
    0x080063fc   0x080063fc   0x0000028c   Code   RO         1630    i.SDIO_IRQHandler   mci_stm32f4xx.o
    0x08006688   0x08006688   0x00000034   Code   RO         5157    i.SDIO_Init         stm32f4xx_ll_sdmmc.o
    0x080066bc   0x080066bc   0x00000012   Code   RO         5159    i.SDIO_PowerState_ON  stm32f4xx_ll_sdmmc.o
    0x080066ce   0x080066ce   0x00000008   Code   RO         5160    i.SDIO_ReadFIFO     stm32f4xx_ll_sdmmc.o
    0x080066d6   0x080066d6   0x00000028   Code   RO         5161    i.SDIO_SendCommand  stm32f4xx_ll_sdmmc.o
    0x080066fe   0x080066fe   0x00000038   Code   RO         5164    i.SDMMC_CmdAppCommand  stm32f4xx_ll_sdmmc.o
    0x08006736   0x08006736   0x00000002   PAD
    0x08006738   0x08006738   0x0000003c   Code   RO         5165    i.SDMMC_CmdAppOperCommand  stm32f4xx_ll_sdmmc.o
    0x08006774   0x08006774   0x00000038   Code   RO         5166    i.SDMMC_CmdBlockLength  stm32f4xx_ll_sdmmc.o
    0x080067ac   0x080067ac   0x00000038   Code   RO         5167    i.SDMMC_CmdBusWidth  stm32f4xx_ll_sdmmc.o
    0x080067e4   0x080067e4   0x0000002c   Code   RO         5171    i.SDMMC_CmdGoIdleState  stm32f4xx_ll_sdmmc.o
    0x08006810   0x08006810   0x00000034   Code   RO         5173    i.SDMMC_CmdOperCond  stm32f4xx_ll_sdmmc.o
    0x08006844   0x08006844   0x0000003a   Code   RO         5178    i.SDMMC_CmdSelDesel  stm32f4xx_ll_sdmmc.o
    0x0800687e   0x0800687e   0x00000032   Code   RO         5179    i.SDMMC_CmdSendCID  stm32f4xx_ll_sdmmc.o
    0x080068b0   0x080068b0   0x00000032   Code   RO         5180    i.SDMMC_CmdSendCSD  stm32f4xx_ll_sdmmc.o
    0x080068e2   0x080068e2   0x00000038   Code   RO         5182    i.SDMMC_CmdSendSCR  stm32f4xx_ll_sdmmc.o
    0x0800691a   0x0800691a   0x00000038   Code   RO         5184    i.SDMMC_CmdSetRelAdd  stm32f4xx_ll_sdmmc.o
    0x08006952   0x08006952   0x00000002   PAD
    0x08006954   0x08006954   0x00000040   Code   RO         5190    i.SDMMC_GetCmdError  stm32f4xx_ll_sdmmc.o
    0x08006994   0x08006994   0x000001ac   Code   RO         5191    i.SDMMC_GetCmdResp1  stm32f4xx_ll_sdmmc.o
    0x08006b40   0x08006b40   0x00000064   Code   RO         5192    i.SDMMC_GetCmdResp2  stm32f4xx_ll_sdmmc.o
    0x08006ba4   0x08006ba4   0x00000058   Code   RO         5193    i.SDMMC_GetCmdResp3  stm32f4xx_ll_sdmmc.o
    0x08006bfc   0x08006bfc   0x000000b8   Code   RO         5194    i.SDMMC_GetCmdResp6  stm32f4xx_ll_sdmmc.o
    0x08006cb4   0x08006cb4   0x0000006c   Code   RO         5195    i.SDMMC_GetCmdResp7  stm32f4xx_ll_sdmmc.o
    0x08006d20   0x08006d20   0x00000142   Code   RO         3738    i.SD_FindSCR        stm32f4xx_hal_sd.o
    0x08006e62   0x08006e62   0x00000102   Code   RO         3739    i.SD_InitCard       stm32f4xx_hal_sd.o
    0x08006f64   0x08006f64   0x000000cc   Code   RO         3741    i.SD_PowerON        stm32f4xx_hal_sd.o
    0x08007030   0x08007030   0x00000068   Code   RO         3745    i.SD_WideBus_Disable  stm32f4xx_hal_sd.o
    0x08007098   0x08007098   0x00000068   Code   RO         3746    i.SD_WideBus_Enable  stm32f4xx_hal_sd.o
    0x08007100   0x08007100   0x00000014   Code   RO          759    i.SRS_DisableCANRelay  modulecontrol.o
    0x08007114   0x08007114   0x00000014   Code   RO          760    i.SRS_DisableEBS    modulecontrol.o
    0x08007128   0x08007128   0x00000020   Code   RO          761    i.SRS_DisableEPS    modulecontrol.o
    0x08007148   0x08007148   0x00000038   Code   RO          762    i.SRS_DisableMotorDrive  modulecontrol.o
    0x08007180   0x08007180   0x00000014   Code   RO          763    i.SRS_DisableVCU    modulecontrol.o
    0x08007194   0x08007194   0x00000148   Code   RO         1479    i.SendFrame         emac_stm32f4xx.o
    0x080072dc   0x080072dc   0x0000013c   Code   RO         1480    i.SetAddressFilter  emac_stm32f4xx.o
    0x08007418   0x08007418   0x00000018   Code   RO          696    i.SetDataBMUMsg     battery.o
    0x08007430   0x08007430   0x00000044   Code   RO          995    i.SetDataEPS_VCUMsg  eps.o
    0x08007474   0x08007474   0x0000002c   Code   RO          927    i.SetDataRCU_StatuFbMsg  vcu.o
    0x080074a0   0x080074a0   0x00000034   Code   RO          929    i.SetDataVCU_EPSMsg  vcu.o
    0x080074d4   0x080074d4   0x0000000e   Code   RO          930    i.SetDataVCU_MOTORMsg  vcu.o
    0x080074e2   0x080074e2   0x00000002   PAD
    0x080074e4   0x080074e4   0x00000020   Code   RO          931    i.SetDataVCU_RcuResponseMsg  vcu.o
    0x08007504   0x08007504   0x00000040   Code   RO         1405    i.SetInterface      phy_dp83848c.o
    0x08007544   0x08007544   0x0000004c   Code   RO         1481    i.SetMacAddress     emac_stm32f4xx.o
    0x08007590   0x08007590   0x00000088   Code   RO         1406    i.SetMode           phy_dp83848c.o
    0x08007618   0x08007618   0x000000b4   Code   RO          402    i.SystemClock_Config  main.o
    0x080076cc   0x080076cc   0x00000014   Code   RO         5626    i.SystemInit        system_stm32f4xx.o
    0x080076e0   0x080076e0   0x00000010   Code   RO          496    i.TIM8_TRG_COM_TIM14_IRQHandler  stm32f4xx_it.o
    0x080076f0   0x080076f0   0x000000d8   Code   RO         4056    i.TIM_Base_SetConfig  stm32f4xx_hal_tim.o
    0x080077c8   0x080077c8   0x0000000e   Code   RO            5    i.ThreadMonitor     monitor.o
    0x080077d6   0x080077d6   0x00000002   PAD
    0x080077d8   0x080077d8   0x00000030   Code   RO            6    i.TimerCallBack     monitor.o
    0x08007808   0x08007808   0x00000002   Code   RO          497    i.USART1_IRQHandler  stm32f4xx_it.o
    0x0800780a   0x0800780a   0x00000002   PAD
    0x0800780c   0x0800780c   0x00000014   Code   RO         1407    i.Uninitialize      phy_dp83848c.o
    0x08007820   0x08007820   0x00000020   Code   RO         1482    i.Uninitialize      emac_stm32f4xx.o
    0x08007840   0x08007840   0x00000004   Code   RO          498    i.UsageFault_Handler  stm32f4xx_it.o
    0x08007844   0x08007844   0x000000f4   Code   RO          282    i.VcuMsgCallBack    canmessage.o
    0x08007938   0x08007938   0x00000010   Code   RO         2371    i.__NVIC_GetPriorityGrouping  stm32f4xx_hal_cortex.o
    0x08007948   0x08007948   0x00000028   Code   RO         2372    i.__NVIC_SetPriority  stm32f4xx_hal_cortex.o
    0x08007970   0x08007970   0x00000016   Code   RO         1276    i._mutex_acquire    rtx_lib.o
    0x08007986   0x08007986   0x0000000c   Code   RO         1277    i._mutex_free       rtx_lib.o
    0x08007992   0x08007992   0x00000022   Code   RO         1278    i._mutex_initialize  rtx_lib.o
    0x080079b4   0x080079b4   0x00000012   Code   RO         1279    i._mutex_release    rtx_lib.o
    0x080079c6   0x080079c6   0x00000008   Code   RO         1280    i._platform_post_stackheap_init  rtx_lib.o
    0x080079ce   0x080079ce   0x00000002   PAD
    0x080079d0   0x080079d0   0x00000020   Code   RO          231    i.app_main          app_main.o
    0x080079f0   0x080079f0   0x0000005c   Code   RO         6991    i.arp_cache_alloc   Net4_CM3_L.lib(net_arp.o)
    0x08007a4c   0x08007a4c   0x000000f4   Code   RO         6992    i.arp_cache_run     Net4_CM3_L.lib(net_arp.o)
    0x08007b40   0x08007b40   0x00000038   Code   RO         6993    i.arp_is_cacheable  Net4_CM3_L.lib(net_arp.o)
    0x08007b78   0x08007b78   0x00000048   Code   RO         6994    i.arp_probe_run     Net4_CM3_L.lib(net_arp.o)
    0x08007bc0   0x08007bc0   0x000000b6   Code   RO         6996    i.arp_proc_response  Net4_CM3_L.lib(net_arp.o)
    0x08007c76   0x08007c76   0x0000001a   Code   RO         6997    i.arp_que_free      Net4_CM3_L.lib(net_arp.o)
    0x08007c90   0x08007c90   0x00000080   Code   RO         6998    i.arp_send_reply    Net4_CM3_L.lib(net_arp.o)
    0x08007d10   0x08007d10   0x000000a8   Code   RO         6999    i.arp_send_request  Net4_CM3_L.lib(net_arp.o)
    0x08007db8   0x08007db8   0x00000068   Code   RO         7000    i.arp_sender_valid  Net4_CM3_L.lib(net_arp.o)
    0x08007e20   0x08007e20   0x00000028   Code   RO         7818    i.crc32_8bit        Net4_CM3_L.lib(net_common.o)
    0x08007e48   0x08007e48   0x00000028   Code   RO         1483    i.crc32_8bit_rev    emac_stm32f4xx.o
    0x08007e70   0x08007e70   0x00000028   Code   RO         1484    i.crc32_data        emac_stm32f4xx.o
    0x08007e98   0x08007e98   0x0000000c   Code   RO         6107    i.eth0_callback     net_config.o
    0x08007ea4   0x08007ea4   0x0000009a   Code   RO         6935    i.eth_check_link    Net4_CM3_L.lib(net_eth.o)
    0x08007f3e   0x08007f3e   0x00000002   PAD
    0x08007f40   0x08007f40   0x00000020   Code   RO         6936    i.eth_if_map        Net4_CM3_L.lib(net_eth.o)
    0x08007f60   0x08007f60   0x000001e8   Code   RO         6937    i.eth_iface_init    Net4_CM3_L.lib(net_eth.o)
    0x08008148   0x08008148   0x000001d8   Code   RO         6938    i.eth_iface_run     Net4_CM3_L.lib(net_eth.o)
    0x08008320   0x08008320   0x0000005e   Code   RO         6939    i.eth_iface_uninit  Net4_CM3_L.lib(net_eth.o)
    0x0800837e   0x0800837e   0x00000008   Code   RO         6940    i.eth_lock          Net4_CM3_L.lib(net_eth.o)
    0x08008386   0x08008386   0x0000001c   Code   RO         6941    i.eth_mtu_limit     Net4_CM3_L.lib(net_eth.o)
    0x080083a2   0x080083a2   0x0000002c   Code   RO         6942    i.eth_opt_len       Net4_CM3_L.lib(net_eth.o)
    0x080083ce   0x080083ce   0x00000088   Code   RO         6943    i.eth_receive       Net4_CM3_L.lib(net_eth.o)
    0x08008456   0x08008456   0x00000008   Code   RO         6944    i.eth_unlock        Net4_CM3_L.lib(net_eth.o)
    0x0800845e   0x0800845e   0x00000002   PAD
    0x08008460   0x08008460   0x0000007c   Code   RO         7074    i.frag_map_session  Net4_CM3_L.lib(net_ip4_frag.o)
    0x080084dc   0x080084dc   0x00000048   Code   RO         1485    i.init_dma          emac_stm32f4xx.o
    0x08008524   0x08008524   0x00000068   Code   RO         1486    i.init_rx_desc      emac_stm32f4xx.o
    0x0800858c   0x0800858c   0x00000060   Code   RO         1487    i.init_tx_desc      emac_stm32f4xx.o
    0x080085ec   0x080085ec   0x0000000c   Code   RO         7755    i.ip4_get_chksum    Net4_CM3_L.lib(net_ip4.o)
    0x080085f8   0x080085f8   0x00000028   Code   RO         7756    i.ip4_get_mtu       Net4_CM3_L.lib(net_ip4.o)
    0x08008620   0x08008620   0x00000038   Code   RO          403    i.main              main.o
    0x08008658   0x08008658   0x0000000c   Code   RO         7795    i.mem_lock          Net4_CM3_L.lib(net_mem.o)
    0x08008664   0x08008664   0x0000000c   Code   RO         7796    i.mem_unlock        Net4_CM3_L.lib(net_mem.o)
    0x08008670   0x08008670   0x00000030   Code   RO         6108    i.ms2tick           net_config.o
    0x080086a0   0x080086a0   0x00000128   Code   RO         7296    i.nbns_listener     Net4_CM3_L.lib(net_nbns_client.o)
    0x080087c8   0x080087c8   0x00000064   Code   RO         7330    i.netCore_Thread    Net4_CM3_L.lib(net_sys.o)
    0x0800882c   0x0800882c   0x00000002   Code   RO         6945    i.netETH_Notify     Net4_CM3_L.lib(net_eth.o)
    0x0800882e   0x0800882e   0x00000002   Code   RO         6946    i.netETH_ReceiveRaw  Net4_CM3_L.lib(net_eth.o)
    0x08008830   0x08008830   0x00000072   Code   RO         6948    i.netETH_Thread     Net4_CM3_L.lib(net_eth.o)
    0x080088a2   0x080088a2   0x00000002   PAD
    0x080088a4   0x080088a4   0x00000074   Code   RO         7334    i.netInitialize     Net4_CM3_L.lib(net_sys.o)
    0x08008918   0x08008918   0x0000008c   Code   RO         7875    i.netMAC_aton       Net4_CM3_L.lib(net_addr.o)
    0x080089a4   0x080089a4   0x0000007c   Code   RO         7877    i.net_addr4_aton    Net4_CM3_L.lib(net_addr.o)
    0x08008a20   0x08008a20   0x0000001e   Code   RO         7879    i.net_addr4_to_mac  Net4_CM3_L.lib(net_addr.o)
    0x08008a3e   0x08008a3e   0x0000000e   Code   RO         7882    i.net_addr_find_route  Net4_CM3_L.lib(net_addr.o)
    0x08008a4c   0x08008a4c   0x00000014   Code   RO         7884    i.net_addr_get_local  Net4_CM3_L.lib(net_addr.o)
    0x08008a60   0x08008a60   0x00000014   Code   RO         7885    i.net_addr_is_unspec  Net4_CM3_L.lib(net_addr.o)
    0x08008a74   0x08008a74   0x000000a0   Code   RO         7008    i.net_arp_cache_add  Net4_CM3_L.lib(net_arp.o)
    0x08008b14   0x08008b14   0x00000086   Code   RO         7009    i.net_arp_cache_early  Net4_CM3_L.lib(net_arp.o)
    0x08008b9a   0x08008b9a   0x00000002   PAD
    0x08008b9c   0x08008b9c   0x00000080   Code   RO         7010    i.net_arp_cache_find  Net4_CM3_L.lib(net_arp.o)
    0x08008c1c   0x08008c1c   0x00000038   Code   RO         7011    i.net_arp_cache_init  Net4_CM3_L.lib(net_arp.o)
    0x08008c54   0x08008c54   0x0000001c   Code   RO         7012    i.net_arp_cache_run  Net4_CM3_L.lib(net_arp.o)
    0x08008c70   0x08008c70   0x0000002c   Code   RO         7013    i.net_arp_cache_uninit  Net4_CM3_L.lib(net_arp.o)
    0x08008c9c   0x08008c9c   0x00000066   Code   RO         7014    i.net_arp_enqueue   Net4_CM3_L.lib(net_arp.o)
    0x08008d02   0x08008d02   0x00000020   Code   RO         7016    i.net_arp_notify    Net4_CM3_L.lib(net_arp.o)
    0x08008d22   0x08008d22   0x00000162   Code   RO         7018    i.net_arp_process   Net4_CM3_L.lib(net_arp.o)
    0x08008e84   0x08008e84   0x00000042   Code   RO         7820    i.net_atoi          Net4_CM3_L.lib(net_common.o)
    0x08008ec6   0x08008ec6   0x00000030   Code   RO         7822    i.net_chksum_buf    Net4_CM3_L.lib(net_common.o)
    0x08008ef6   0x08008ef6   0x0000001e   Code   RO         7823    i.net_crc_buf       Net4_CM3_L.lib(net_common.o)
    0x08008f14   0x08008f14   0x0000000e   Code   RO         6949    i.net_eth_callback  Net4_CM3_L.lib(net_eth.o)
    0x08008f22   0x08008f22   0x00000052   Code   RO         6950    i.net_eth_config_mcast  Net4_CM3_L.lib(net_eth.o)
    0x08008f74   0x08008f74   0x00000082   Code   RO         6952    i.net_eth_get_option  Net4_CM3_L.lib(net_eth.o)
    0x08008ff6   0x08008ff6   0x00000002   PAD
    0x08008ff8   0x08008ff8   0x0000001c   Code   RO         6953    i.net_eth_iface_init  Net4_CM3_L.lib(net_eth.o)
    0x08009014   0x08009014   0x0000001c   Code   RO         6954    i.net_eth_iface_run  Net4_CM3_L.lib(net_eth.o)
    0x08009030   0x08009030   0x0000001c   Code   RO         6955    i.net_eth_iface_uninit  Net4_CM3_L.lib(net_eth.o)
    0x0800904c   0x0800904c   0x00000098   Code   RO         6956    i.net_eth_output    Net4_CM3_L.lib(net_eth.o)
    0x080090e4   0x080090e4   0x000000c0   Code   RO         6957    i.net_eth_send_frame  Net4_CM3_L.lib(net_eth.o)
    0x080091a4   0x080091a4   0x00000120   Code   RO         6958    i.net_eth_set_option  Net4_CM3_L.lib(net_eth.o)
    0x080092c4   0x080092c4   0x00000018   Code   RO         7096    i.net_icmp_init     Net4_CM3_L.lib(net_icmp.o)
    0x080092dc   0x080092dc   0x00000108   Code   RO         7097    i.net_icmp_process  Net4_CM3_L.lib(net_icmp.o)
    0x080093e4   0x080093e4   0x00000080   Code   RO         7098    i.net_icmp_send_echo  Net4_CM3_L.lib(net_icmp.o)
    0x08009464   0x08009464   0x00000004   Code   RO         6115    i.net_igmp_collect_mcast  net_config.o
    0x08009468   0x08009468   0x00000004   Code   RO         6116    i.net_igmp_is_member  net_config.o
    0x0800946c   0x0800946c   0x00000002   Code   RO         6117    i.net_igmp_process  net_config.o
    0x0800946e   0x0800946e   0x00000002   PAD
    0x08009470   0x08009470   0x00000108   Code   RO         7757    i.net_ip4_chk_frame  Net4_CM3_L.lib(net_ip4.o)
    0x08009578   0x08009578   0x0000002c   Code   RO         7758    i.net_ip4_chksum    Net4_CM3_L.lib(net_ip4.o)
    0x080095a4   0x080095a4   0x00000006   Code   RO         7759    i.net_ip4_chksum_buf  Net4_CM3_L.lib(net_ip4.o)
    0x080095aa   0x080095aa   0x00000002   PAD
    0x080095ac   0x080095ac   0x00000080   Code   RO         7761    i.net_ip4_find_route  Net4_CM3_L.lib(net_ip4.o)
    0x0800962c   0x0800962c   0x00000124   Code   RO         7075    i.net_ip4_frag_add  Net4_CM3_L.lib(net_ip4_frag.o)
    0x08009750   0x08009750   0x000000ac   Code   RO         7076    i.net_ip4_frag_get  Net4_CM3_L.lib(net_ip4_frag.o)
    0x080097fc   0x080097fc   0x00000010   Code   RO         7077    i.net_ip4_frag_init  Net4_CM3_L.lib(net_ip4_frag.o)
    0x0800980c   0x0800980c   0x0000003c   Code   RO         7078    i.net_ip4_frag_run  Net4_CM3_L.lib(net_ip4_frag.o)
    0x08009848   0x08009848   0x00000010   Code   RO         7079    i.net_ip4_frag_uninit  Net4_CM3_L.lib(net_ip4_frag.o)
    0x08009858   0x08009858   0x0000002c   Code   RO         7762    i.net_ip4_get_local  Net4_CM3_L.lib(net_ip4.o)
    0x08009884   0x08009884   0x00000018   Code   RO         7763    i.net_ip4_init      Net4_CM3_L.lib(net_ip4.o)
    0x0800989c   0x0800989c   0x00000020   Code   RO         7764    i.net_ip4_is_onlink  Net4_CM3_L.lib(net_ip4.o)
    0x080098bc   0x080098bc   0x00000026   Code   RO         7765    i.net_ip4_is_subcast  Net4_CM3_L.lib(net_ip4.o)
    0x080098e2   0x080098e2   0x0000000e   Code   RO         7766    i.net_ip4_reass_frame  Net4_CM3_L.lib(net_ip4.o)
    0x080098f0   0x080098f0   0x00000124   Code   RO         7767    i.net_ip4_send_frame  Net4_CM3_L.lib(net_ip4.o)
    0x08009a14   0x08009a14   0x0000002a   Code   RO         7769    i.net_ip4_tx_offl_hl  Net4_CM3_L.lib(net_ip4.o)
    0x08009a3e   0x08009a3e   0x00000002   PAD
    0x08009a40   0x08009a40   0x00000010   Code   RO         7770    i.net_ip4_uninit    Net4_CM3_L.lib(net_ip4.o)
    0x08009a50   0x08009a50   0x0000001c   Code   RO         7057    i.net_loop_iface_init  Net4_CM3_L.lib(net_loopback.o)
    0x08009a6c   0x08009a6c   0x00000078   Code   RO         7058    i.net_loop_iface_run  Net4_CM3_L.lib(net_loopback.o)
    0x08009ae4   0x08009ae4   0x00000010   Code   RO         7059    i.net_loop_iface_uninit  Net4_CM3_L.lib(net_loopback.o)
    0x08009af4   0x08009af4   0x00000058   Code   RO         7060    i.net_loop_send_frame  Net4_CM3_L.lib(net_loopback.o)
    0x08009b4c   0x08009b4c   0x0000008c   Code   RO         7797    i.net_mem_alloc     Net4_CM3_L.lib(net_mem.o)
    0x08009bd8   0x08009bd8   0x0000001c   Code   RO         7798    i.net_mem_avail     Net4_CM3_L.lib(net_mem.o)
    0x08009bf4   0x08009bf4   0x0000007c   Code   RO         7799    i.net_mem_free      Net4_CM3_L.lib(net_mem.o)
    0x08009c70   0x08009c70   0x0000005c   Code   RO         7800    i.net_mem_init      Net4_CM3_L.lib(net_mem.o)
    0x08009ccc   0x08009ccc   0x00000030   Code   RO         7297    i.net_nbns_client_init  Net4_CM3_L.lib(net_nbns_client.o)
    0x08009cfc   0x08009cfc   0x0000000c   Code   RO         7298    i.net_nbns_client_uninit  Net4_CM3_L.lib(net_nbns_client.o)
    0x08009d08   0x08009d08   0x00000010   Code   RO         7311    i.net_ping_client_init  Net4_CM3_L.lib(net_ping_core.o)
    0x08009d18   0x08009d18   0x00000040   Code   RO         7312    i.net_ping_client_run  Net4_CM3_L.lib(net_ping_core.o)
    0x08009d58   0x08009d58   0x0000000c   Code   RO         7314    i.net_ping_client_uninit  Net4_CM3_L.lib(net_ping_core.o)
    0x08009d64   0x08009d64   0x0000001c   Code   RO         7341    i.net_rand32        Net4_CM3_L.lib(net_sys.o)
    0x08009d80   0x08009d80   0x00000020   Code   RO         7834    i.net_strtoupper    Net4_CM3_L.lib(net_common.o)
    0x08009da0   0x08009da0   0x00000002   Code   RO         6118    i.net_sys_error     net_config.o
    0x08009da2   0x08009da2   0x00000002   PAD
    0x08009da4   0x08009da4   0x0000000c   Code   RO         7342    i.net_sys_lock      Net4_CM3_L.lib(net_sys.o)
    0x08009db0   0x08009db0   0x00000016   Code   RO         7343    i.net_sys_resume    Net4_CM3_L.lib(net_sys.o)
    0x08009dc6   0x08009dc6   0x00000002   PAD
    0x08009dc8   0x08009dc8   0x00000014   Code   RO         7345    i.net_sys_tick      Net4_CM3_L.lib(net_sys.o)
    0x08009ddc   0x08009ddc   0x0000000c   Code   RO         7346    i.net_sys_unlock    Net4_CM3_L.lib(net_sys.o)
    0x08009de8   0x08009de8   0x00000020   Code   RO         7348    i.net_sys_wakeup    Net4_CM3_L.lib(net_sys.o)
    0x08009e08   0x08009e08   0x000004ce   Code   RO         7207    i.net_tcp_process   Net4_CM3_L.lib(net_tcp.o)
    0x0800a2d6   0x0800a2d6   0x00000002   PAD
    0x0800a2d8   0x0800a2d8   0x00000014   Code   RO         7214    i.net_tcp_socket_init  Net4_CM3_L.lib(net_tcp.o)
    0x0800a2ec   0x0800a2ec   0x000002c4   Code   RO         7215    i.net_tcp_socket_run  Net4_CM3_L.lib(net_tcp.o)
    0x0800a5b0   0x0800a5b0   0x00000014   Code   RO         7216    i.net_tcp_socket_uninit  Net4_CM3_L.lib(net_tcp.o)
    0x0800a5c4   0x0800a5c4   0x0000001e   Code   RO         7126    i.net_udp_get_buf   Net4_CM3_L.lib(net_udp.o)
    0x0800a5e2   0x0800a5e2   0x00000002   PAD
    0x0800a5e4   0x0800a5e4   0x00000048   Code   RO         7129    i.net_udp_get_socket  Net4_CM3_L.lib(net_udp.o)
    0x0800a62c   0x0800a62c   0x0000006c   Code   RO         7131    i.net_udp_open      Net4_CM3_L.lib(net_udp.o)
    0x0800a698   0x0800a698   0x000000d4   Code   RO         7132    i.net_udp_process   Net4_CM3_L.lib(net_udp.o)
    0x0800a76c   0x0800a76c   0x00000168   Code   RO         7135    i.net_udp_send_if   Net4_CM3_L.lib(net_udp.o)
    0x0800a8d4   0x0800a8d4   0x00000010   Code   RO         7137    i.net_udp_socket_init  Net4_CM3_L.lib(net_udp.o)
    0x0800a8e4   0x0800a8e4   0x00000010   Code   RO         7138    i.net_udp_socket_uninit  Net4_CM3_L.lib(net_udp.o)
    0x0800a8f4   0x0800a8f4   0x0000004c   Code   RO         7839    i.net_xtoul         Net4_CM3_L.lib(net_common.o)
    0x0800a940   0x0800a940   0x00000034   Code   RO         6119    i.netif_create      net_config.o
    0x0800a974   0x0800a974   0x00000014   Code   RO         6120    i.netif_delete      net_config.o
    0x0800a988   0x0800a988   0x00000008   Code   RO         6121    i.netif_lock        net_config.o
    0x0800a990   0x0800a990   0x00000004   Code   RO         6122    i.netif_unlock      net_config.o
    0x0800a994   0x0800a994   0x0000000e   Code   RO         6123    i.netos_delay       net_config.o
    0x0800a9a2   0x0800a9a2   0x00000006   Code   RO         6124    i.netos_flag_clear  net_config.o
    0x0800a9a8   0x0800a9a8   0x00000004   Code   RO         6125    i.netos_flag_set    net_config.o
    0x0800a9ac   0x0800a9ac   0x00000018   Code   RO         6126    i.netos_flag_wait   net_config.o
    0x0800a9c4   0x0800a9c4   0x0000001c   Code   RO         6127    i.netos_init        net_config.o
    0x0800a9e0   0x0800a9e0   0x00000008   Code   RO         6128    i.netos_lock        net_config.o
    0x0800a9e8   0x0800a9e8   0x00000014   Code   RO         6129    i.netos_mutex_create  net_config.o
    0x0800a9fc   0x0800a9fc   0x00000014   Code   RO         6131    i.netos_thread_create  net_config.o
    0x0800aa10   0x0800aa10   0x00000004   Code   RO         6134    i.netos_thread_pass  net_config.o
    0x0800aa14   0x0800aa14   0x00000014   Code   RO         6135    i.netos_timer_create  net_config.o
    0x0800aa28   0x0800aa28   0x00000016   Code   RO         6137    i.netos_timer_start  net_config.o
    0x0800aa3e   0x0800aa3e   0x00000004   Code   RO         6138    i.netos_unlock      net_config.o
    0x0800aa42   0x0800aa42   0x00000020   Code   RO         1369    i.osRtxErrorNotify  rtx_config.o
    0x0800aa62   0x0800aa62   0x00000004   Code   RO         1370    i.osRtxIdleThread   rtx_config.o
    0x0800aa66   0x0800aa66   0x00000002   PAD
    0x0800aa68   0x0800aa68   0x00000020   Code   RO         1281    i.os_kernel_is_active  rtx_lib.o
    0x0800aa88   0x0800aa88   0x00000014   Code   RO         7315    i.ping_send_req     Net4_CM3_L.lib(net_ping_core.o)
    0x0800aa9c   0x0800aa9c   0x0000001a   Code   RO         7080    i.que_free_list     Net4_CM3_L.lib(net_ip4_frag.o)
    0x0800aab6   0x0800aab6   0x00000002   PAD
    0x0800aab8   0x0800aab8   0x0000004c   Code   RO         7350    i.sys_proc_tick     Net4_CM3_L.lib(net_sys.o)
    0x0800ab04   0x0800ab04   0x000000a8   Code   RO         7217    i.tcp_map_socket    Net4_CM3_L.lib(net_tcp.o)
    0x0800abac   0x0800abac   0x0000005e   Code   RO         7218    i.tcp_parse_opt     Net4_CM3_L.lib(net_tcp.o)
    0x0800ac0a   0x0800ac0a   0x00000002   PAD
    0x0800ac0c   0x0800ac0c   0x000000c4   Code   RO         7219    i.tcp_proc_acknr    Net4_CM3_L.lib(net_tcp.o)
    0x0800acd0   0x0800acd0   0x00000052   Code   RO         7220    i.tcp_proc_dupack   Net4_CM3_L.lib(net_tcp.o)
    0x0800ad22   0x0800ad22   0x0000001a   Code   RO         7221    i.tcp_que_free      Net4_CM3_L.lib(net_tcp.o)
    0x0800ad3c   0x0800ad3c   0x0000001a   Code   RO         7222    i.tcp_que_init      Net4_CM3_L.lib(net_tcp.o)
    0x0800ad56   0x0800ad56   0x00000002   PAD
    0x0800ad58   0x0800ad58   0x00000094   Code   RO         7223    i.tcp_que_resend    Net4_CM3_L.lib(net_tcp.o)
    0x0800adec   0x0800adec   0x0000007a   Code   RO         7224    i.tcp_send_ctrl     Net4_CM3_L.lib(net_tcp.o)
    0x0800ae66   0x0800ae66   0x0000005e   Code   RO         7225    i.tcp_send_data     Net4_CM3_L.lib(net_tcp.o)
    0x0800aec4   0x0800aec4   0x00000070   Code   RO         7226    i.tcp_send_reset    Net4_CM3_L.lib(net_tcp.o)
    0x0800af34   0x0800af34   0x00000026   Code   RO         7227    i.tcp_set_cwnd      Net4_CM3_L.lib(net_tcp.o)
    0x0800af5a   0x0800af5a   0x00000002   PAD
    0x0800af5c   0x0800af5c   0x00000068   Code   RO         7228    i.tcp_transit       Net4_CM3_L.lib(net_tcp.o)
    0x0800afc4   0x0800afc4   0x000000c8   Code   RO         7229    i.tcp_write         Net4_CM3_L.lib(net_tcp.o)
    0x0800b08c   0x0800b08c   0x0000002c   Code   RO         7139    i.udp_port_in_use   Net4_CM3_L.lib(net_udp.o)
    0x0800b0b8   0x0800b0b8   0x0000000a   Code   RO         8214    x$fpl$fpinit        fz_wm.l(fpinit.o)
    0x0800b0c2   0x0800b0c2   0x00000002   PAD
    0x0800b0c4   0x0800b0c4   0x00000068   Data   RO         1289    .constdata          rtx_lib.o
    0x0800b12c   0x0800b12c   0x00000024   Data   RO         1409    .constdata          phy_dp83848c.o
    0x0800b150   0x0800b150   0x0000004c   Data   RO         1489    .constdata          emac_stm32f4xx.o
    0x0800b19c   0x0800b19c   0x00000018   Data   RO         1743    .constdata          eventrecorder.o
    0x0800b1b4   0x0800b1b4   0x00000008   Data   RO         2508    .constdata          stm32f4xx_hal_dma.o
    0x0800b1bc   0x0800b1bc   0x00000018   Data   RO         5627    .constdata          system_stm32f4xx.o
    0x0800b1d4   0x0800b1d4   0x00000218   Data   RO         6144    .constdata          net_config.o
    0x0800b3ec   0x0800b3ec   0x0000002c   Data   RO         7061    .constdata          Net4_CM3_L.lib(net_loopback.o)
    0x0800b418   0x0800b418   0x0000000c   Data   RO         7062    .constdata          Net4_CM3_L.lib(net_loopback.o)
    0x0800b424   0x0800b424   0x00000008   Data   RO         7299    .constdata          Net4_CM3_L.lib(net_nbns_client.o)
    0x0800b42c   0x0800b42c   0x00000012   Data   RO         7317    .constdata          Net4_CM3_L.lib(net_ping_core.o)
    0x0800b43e   0x0800b43e   0x00000004   Data   RO         7771    .constdata          Net4_CM3_L.lib(net_ip4.o)
    0x0800b442   0x0800b442   0x00000006   Data   RO         7889    .constdata          Net4_CM3_L.lib(net_addr.o)
    0x0800b448   0x0800b448   0x00000006   Data   RO         7890    .constdata          Net4_CM3_L.lib(net_addr.o)
    0x0800b44e   0x0800b44e   0x00000002   PAD
    0x0800b450   0x0800b450   0x00000004   Data   RO         7914    .constdata          Net4_CM3_L.lib(net_version.o)
    0x0800b454   0x0800b454   0x000000c8   Data   RO         6145    .conststring        net_config.o
    0x0800b51c   0x0800b51c   0x000000a8   Data   RO         1291    .rodata             rtx_lib.o
    0x0800b5c4   0x0800b5c4   0x00000001   Data   RO         6742    .rodata             RTX_CM4F.lib(irq_armv7m.o)
    0x0800b5c5   0x0800b5c5   0x00000003   PAD
    0x0800b5c8   0x0800b5c8   0x0000000b   Data   RO         6396    .rodata.str1.4      RTX_CM4F.lib(rtx_kernel.o)
    0x0800b5d3   0x0800b5d3   0x00000001   PAD
    0x0800b5d4   0x0800b5d4   0x00000020   Data   RO         8286    Region$$Table       anon$$obj.o


    Execution Region RW_IRAM1 (Exec base: 0x20000000, Load base: 0x0800b5f4, Size: 0x0000f468, Max: 0x00020000, ABSOLUTE, COMPRESSED[0x0000012c])

    Exec Addr    Load Addr    Size         Type   Attr      Idx    E Section Name        Object

    0x20000000   COMPRESSED   0x00008040   Data   RW         1282    .bss.os             rtx_lib.o
    0x20008040   COMPRESSED   0x00000034   Data   RW         1284    .bss.os.msgqueue.cb  rtx_lib.o
    0x20008074   COMPRESSED   0x00000050   Data   RW         1285    .bss.os.msgqueue.mem  rtx_lib.o
    0x200080c4   COMPRESSED   0x00000038   Data   RW         6140    .bss.os.mutex.cb    net_config.o
    0x200080fc   COMPRESSED   0x00000010   Data   RW         6141    .bss.os.semaphore.cb  net_config.o
    0x2000810c   COMPRESSED   0x00000088   Data   RW         1286    .bss.os.thread.cb   rtx_lib.o
    0x20008194   COMPRESSED   0x00000088   Data   RW         6142    .bss.os.thread.cb   net_config.o
    0x2000821c   COMPRESSED   0x00000004   PAD
    0x20008220   COMPRESSED   0x00000200   Data   RW         1287    .bss.os.thread.idle.stack  rtx_lib.o
    0x20008420   COMPRESSED   0x00000200   Data   RW         1288    .bss.os.thread.timer.stack  rtx_lib.o
    0x20008620   COMPRESSED   0x00000020   Data   RW         6143    .bss.os.timer.cb    net_config.o
    0x20008640   COMPRESSED   0x00000013   Data   RW            9    .data               monitor.o
    0x20008653   COMPRESSED   0x00000001   PAD
    0x20008654   COMPRESSED   0x00000015   Data   RW          233    .data               app_main.o
    0x20008669   COMPRESSED   0x00000003   PAD
    0x2000866c   COMPRESSED   0x00000004   Data   RW          284    .data               canmessage.o
    0x20008670   COMPRESSED   0x0000000c   Data   RW          406    .data               main.o
    0x2000867c   COMPRESSED   0x00000018   Data   RW          579    .data               brake.o
    0x20008694   COMPRESSED   0x00000018   Data   RW          634    .data               can.o
    0x200086ac   COMPRESSED   0x00000014   Data   RW          700    .data               battery.o
    0x200086c0   COMPRESSED   0x00000039   Data   RW          932    .data               vcu.o
    0x200086f9   COMPRESSED   0x00000001   PAD
    0x200086fa   COMPRESSED   0x0000000c   Data   RW          997    .data               eps.o
    0x20008706   COMPRESSED   0x00000001   Data   RW         1290    .data               rtx_lib.o
    0x20008707   COMPRESSED   0x00000001   PAD
    0x20008708   COMPRESSED   0x00000009   Data   RW         1960    .data               stm32f4xx_hal.o
    0x20008711   COMPRESSED   0x00000003   PAD
    0x20008714   COMPRESSED   0x00000004   Data   RW         5628    .data               system_stm32f4xx.o
    0x20008718   COMPRESSED   0x00000004   Data   RW         5672    .data               stm32f4xx_hal_msp.o
    0x2000871c   COMPRESSED   0x0000000e   Data   RW         6146    .data               net_config.o
    0x2000872a   COMPRESSED   0x00000002   PAD
    0x2000872c   COMPRESSED   0x00000004   Data   RW         7063    .data               Net4_CM3_L.lib(net_loopback.o)
    0x20008730   COMPRESSED   0x00000004   Data   RW         7081    .data               Net4_CM3_L.lib(net_ip4_frag.o)
    0x20008734   COMPRESSED   0x00000001   Data   RW         7099    .data               Net4_CM3_L.lib(net_icmp.o)
    0x20008735   COMPRESSED   0x00000001   PAD
    0x20008736   COMPRESSED   0x00000002   Data   RW         7141    .data               Net4_CM3_L.lib(net_udp.o)
    0x20008738   COMPRESSED   0x00000004   Data   RW         7232    .data               Net4_CM3_L.lib(net_tcp.o)
    0x2000873c   COMPRESSED   0x00000001   Data   RW         7300    .data               Net4_CM3_L.lib(net_nbns_client.o)
    0x2000873d   COMPRESSED   0x00000003   PAD
    0x20008740   COMPRESSED   0x00000008   Data   RW         7772    .data               Net4_CM3_L.lib(net_ip4.o)
    0x20008748   COMPRESSED   0x000000a4   Data   RW         6397    .data.os            RTX_CM4F.lib(rtx_kernel.o)
    0x200087ec        -       0x00000270   Zero   RW          404    .bss                main.o
    0x20008a5c        -       0x00000070   Zero   RW          632    .bss                can.o
    0x20008acc        -       0x0000000c   Zero   RW         1408    .bss                phy_dp83848c.o
    0x20008ad8        -       0x000024cc   Zero   RW         1488    .bss                emac_stm32f4xx.o
    0x2000afa4        -       0x00000020   Zero   RW         1634    .bss                mci_stm32f4xx.o
    0x2000afc4        -       0x00000048   Zero   RW         5741    .bss                stm32f4xx_hal_timebase_tim.o
    0x2000b00c   COMPRESSED   0x00000004   PAD
    0x2000b010        -       0x00003818   Zero   RW         6139    .bss                net_config.o
    0x2000e828        -       0x000000a0   Zero   RW         6959    .bss                Net4_CM3_L.lib(net_eth.o)
    0x2000e8c8        -       0x00000018   Zero   RW         7019    .bss                Net4_CM3_L.lib(net_arp.o)
    0x2000e8e0        -       0x00000010   Zero   RW         7140    .bss                Net4_CM3_L.lib(net_udp.o)
    0x2000e8f0        -       0x00000020   Zero   RW         7316    .bss                Net4_CM3_L.lib(net_ping_core.o)
    0x2000e910        -       0x00000038   Zero   RW         7351    .bss                Net4_CM3_L.lib(net_sys.o)
    0x2000e948        -       0x00000014   Zero   RW         7803    .bss                Net4_CM3_L.lib(net_mem.o)
    0x2000e95c        -       0x00000060   Zero   RW         7973    .bss                c_w.l(libspace.o)
    0x2000e9bc   COMPRESSED   0x00000004   PAD
    0x2000e9c0        -       0x000004a4   Zero   RW         1742    .bss.noinit         eventrecorder.o
    0x2000ee64        -       0x00000001   Zero   RW         7478    .bss.os             RTX_CM4F.lib(os_systick.o)
    0x2000ee65   COMPRESSED   0x00000003   PAD
    0x2000ee68        -       0x00000200   Zero   RW         5616    HEAP                startup_stm32f407xx.o
    0x2000f068        -       0x00000400   Zero   RW         5615    STACK               startup_stm32f407xx.o


==============================================================================

Image component sizes


      Code (inc. data)   RO Data    RW Data    ZI Data      Debug   Object Name

        68         12          0         21          0       3173   app_main.o
        24          6          0         20          0       1346   battery.o
        20          4          0         24          0       1253   brake.o
       580         72          0         24        112       4953   can.o
       784         44          0          4          0       5094   canmessage.o
      2696        264         76          0       9420      24334   emac_stm32f4xx.o
        68         10          0         12          0       1268   eps.o
         0          0         24          0       1188       3984   eventrecorder.o
         0          0          0          0          0       7327   fs_config.o
      1418        116          0         12        624      58589   main.o
       652          8          0          0         32       9204   mci_stm32f4xx.o
       172         26          0          0          0       3118   modulecontrol.o
       130         24          0         19          0     817332   monitor.o
         0          0          0          0          0       3660   mssagecompare.o
       330         48        736        254      14360      32157   net_config.o
       608         42         36          0         12      12570   phy_dp83848c.o
        36          6          0          0          0       1101   rtx_config.o
       126          4        272      34125          0      13082   rtx_lib.o
        64         26        392          0       1536        884   startup_stm32f407xx.o
       136         24          0          9          0       9214   stm32f4xx_hal.o
      1184          6          0          0          0       6079   stm32f4xx_hal_can.o
       304         28          0          0          0      34944   stm32f4xx_hal_cortex.o
      1034         16          8          0          0       4372   stm32f4xx_hal_dma.o
      1594         48          0          0          0       5772   stm32f4xx_hal_eth.o
       864         84          0          0          0       3294   stm32f4xx_hal_gpio.o
       464         18          0          0          0       2215   stm32f4xx_hal_i2c.o
      1356        116          0          4          0       6353   stm32f4xx_hal_msp.o
      1856         84          0          0          0       6202   stm32f4xx_hal_rcc.o
      1880         26          0          0          0       8880   stm32f4xx_hal_sd.o
       902         76          0          0          0       7198   stm32f4xx_hal_tim.o
         4          0          0          0          0       1781   stm32f4xx_hal_tim_ex.o
       140         18          0          0         72       1796   stm32f4xx_hal_timebase_tim.o
        72         18          0          0          0       5661   stm32f4xx_it.o
       312          0          0          0          0       7671   stm32f4xx_ll_gpio.o
       336         60          0          0          0      29293   stm32f4xx_ll_rcc.o
      1758         40          0          0          0      20948   stm32f4xx_ll_sdmmc.o
       646         26          0          0          0      17368   stm32f4xx_ll_usart.o
        20          6         24          4          0       1315   system_stm32f4xx.o
       142         20          0         57          0       3147   vcu.o

    ----------------------------------------------------------------------
     22812       1426       1600      34604      27360    1187932   Object Totals
         0          0         32          0          0          0   (incl. Generated)
        32          0          0         15          4          0   (incl. Padding)

    ----------------------------------------------------------------------

      Code (inc. data)   RO Data    RW Data    ZI Data      Debug   Library Member Name

       348          6         12          0          0        436   net_addr.o
      2110         62          0          0         24       1508   net_arp.o
       292          6          0          0          0        464   net_common.o
      2524         76          0          0        160       1744   net_eth.o
       416         26          0          1          0        232   net_icmp.o
       996         66          4          8          0       1016   net_ip4.o
       706         34          0          4          0        544   net_ip4_frag.o
       252         24         56          4          0        324   net_loopback.o
       408         42          0          0         20        464   net_mem.o
       356         26          8          1          0        248   net_nbns_client.o
       112         24         18          0         32        280   net_ping_core.o
       418         54          0          0         56        628   net_sys.o
      3388         90          0          4          0       1488   net_tcp.o
       858         50          0          2         16        640   net_udp.o
         0          0          4          0          0          0   net_version.o
       200         12          1          0          0        634   irq_armv7m.o
       126         32          0          0          1       3200   os_systick.o
        58          4          0          0          0       2791   rtx_delay.o
       608         60         11        164          0      16501   rtx_kernel.o
       228          0          0          0          0       2537   rtx_memory.o
       188          0          0          0          0      16008   rtx_mempool.o
      1354         36          0          0          0      18657   rtx_msgqueue.o
       886         32          0          0          0       9962   rtx_mutex.o
       696         32          0          0          0      10527   rtx_semaphore.o
       376         26          0          0          0       5296   rtx_system.o
      2476        124          0          0          0      31847   rtx_thread.o
       552         36          0          0          0      10397   rtx_timer.o
        90          0          0          0          0          0   __dczerorl2.o
         8          0          0          0          0         68   __main.o
         0          0          0          0          0          0   __rtentry.o
        20          0          0          0          0          0   __rtentry2.o
         6          0          0          0          0          0   __rtentry4.o
        52          8          0          0          0          0   __scatter.o
        28          0          0          0          0          0   __scatter_zi.o
        18          0          0          0          0         80   exit.o
         6          0          0          0          0        152   heapauxi.o
         0          0          0          0          0          0   indicate_semi.o
         2          0          0          0          0          0   libinit.o
         6          0          0          0          0          0   libinit2.o
         2          0          0          0          0          0   libshutdown.o
         2          0          0          0          0          0   libshutdown2.o
         8          4          0          0         96         68   libspace.o
       238          0          0          0          0        100   lludivv7m.o
        88          0          0          0          0         76   memcmp.o
        68          0          0          0          0         68   rt_memclr.o
        78          0          0          0          0         80   rt_memclr_w.o
       138          0          0          0          0         68   rt_memcpy_v6.o
       100          0          0          0          0         80   rt_memcpy_w.o
         2          0          0          0          0          0   rtexit.o
        10          0          0          0          0          0   rtexit2.o
        12          4          0          0          0         68   sys_exit.o
        74          0          0          0          0         80   sys_stackheap_outer.o
         2          0          0          0          0         68   use_no_semi.o
        10          0          0          0          0        116   fpinit.o

    ----------------------------------------------------------------------
     22048        996        120        192        412     139545   Library Totals
        48          0          6          4          7          0   (incl. Padding)

    ----------------------------------------------------------------------

      Code (inc. data)   RO Data    RW Data    ZI Data      Debug   Library Name

     13184        586        102         24        308      10016   Net4_CM3_L.lib
      7748        394         12        164          1     128357   RTX_CM4F.lib
      1058         16          0          0         96       1056   c_w.l
        10          0          0          0          0        116   fz_wm.l

    ----------------------------------------------------------------------
     22048        996        120        192        412     139545   Library Totals

    ----------------------------------------------------------------------

==============================================================================


      Code (inc. data)   RO Data    RW Data    ZI Data      Debug   

     44860       2422       1720      34796      27772    1300101   Grand Totals
     44860       2422       1720        300      27772    1300101   ELF Image Totals (compressed)
     44860       2422       1720        300          0          0   ROM Totals

==============================================================================

    Total RO  Size (Code + RO Data)                46580 (  45.49kB)
    Total RW  Size (RW Data + ZI Data)             62568 (  61.10kB)
    Total ROM Size (Code + RO Data + RW Data)      46880 (  45.78kB)

==============================================================================

